scons: Reading SConscript files ...
INFO: SCons 4.0.1 is using the following Python interpreter:
/usr/bin/python3 (Python 3.10)
INFO: Building Cantera from git commit '9573e6b1e'
INFO: Configuration variables read from 'cantera.conf' and command line:
    prefix = '/opt/cantera'
    python_package = 'n'
    f90_interface = 'n'
    system_eigen = 'y'
    debug = False
    extra_inc_dirs = '/include/eigen3'
    boost_inc_dir = '/include'

Checking for C++ header file cmath... (cached) yes
Checking for C++ header file fmt/ostream.h... (cached) yes
INFO: Using system installation of fmt library.
INFO: Found fmt version 8.1.1
Checking for YAML::Node().Mark()... (cached) no
INFO: Using private installation of yaml-cpp library.
Checking for C++ header file gtest/gtest.h... (cached) no
Checking for C++ header file gmock/gmock.h... (cached) no
INFO: Using Googletest from Git submodule
Checking for C++ header file eigen3/Eigen/Dense... (cached) yes
INFO: Using system installation of Eigen.
INFO: Found Eigen version 3.4.0
Checking whether __GLIBCXX__ is declared... (cached) yes
Checking whether __clang__ is declared... (cached) no
Checking for C++ library iomp5... (cached) no
Checking for C++ library omp... (cached) no
Checking for C++ library gomp... (cached) yes
INFO: Found Boost version 1.74
Checking whether boost::core::demangle is declared... (cached) yes
Checking for CVodeCreate(CV_BDF, CV_NEWTON) in C++ library sundials_cvodes... (cached) no
Checking for CVodeCreate(CV_BDF) in C++ library sundials_cvodes... (cached) no
Checking for SUNContext ctx; SUNContext_Create(0, &ctx) in C++ library sundials_cvodes... (cached) no
Checking for double x; log(x) in C library None... (cached) no
INFO: Using private installation of Sundials version 5.3.
scons: done reading SConscript files.
scons: Building targets ...
ConfigBuilder(["build/ext/sundials_config.h.build"], ["ext/sundials_config.h.in"])
INFO: Generating build/ext/sundials_config.h.build with the following settings:
    SUNDIALS_USE_GENERIC_MATH           1
    SUNDIALS_BLAS_LAPACK                *undefined*
ConfigBuilder(["build/src/config.h.build"], ["include/cantera/base/config.h.in"])
INFO: Generating build/src/config.h.build with the following settings:
    CANTERA_SHORT_VERSION               "2.6"
    CANTERA_VERSION                     "2.6.0"
    CT_LEGACY_RATE_CONSTANTS            1
    CT_SUNDIALS_USE_LAPACK              0
    CT_SUNDIALS_VERSION                 53
    CT_USE_DEMANGLE                     1
    CT_USE_SYSTEM_EIGEN                 1
    CT_USE_SYSTEM_EIGEN_PREFIXED        1
    CT_USE_SYSTEM_FMT                   1
    FTN_TRAILING_UNDERSCORE             1
    LAPACK_FTN_STRING_LEN_AT_END        1
    LAPACK_FTN_TRAILING_UNDERSCORE      1
    LAPACK_NAMES_LOWERCASE              1
    CT_NO_LEGACY_REACTIONS_26           *undefined*
    CT_USE_LAPACK                       *undefined*
    CT_USE_SYSTEM_YAMLCPP               *undefined*
    DARWIN                              *undefined*
    SOLARIS                             *undefined*
g++ -o build/src/thermo/DebyeHuckel.os -c -std=c++11 -pthread -O3 -Wno-inline -Wall -include src/pch/system.h -fPIC -DNDEBUG -Iinclude -Iinclude/cantera/ext -Ibuild/src -I/include/eigen3 -I/include src/thermo/DebyeHuckel.cpp
g++ -o build/src/thermo/Elements.os -c -std=c++11 -pthread -O3 -Wno-inline -Wall -include src/pch/system.h -fPIC -DNDEBUG -Iinclude -Iinclude/cantera/ext -Ibuild/src -I/include/eigen3 -I/include src/thermo/Elements.cpp
g++ -o build/src/thermo/GibbsExcessVPSSTP.os -c -std=c++11 -pthread -O3 -Wno-inline -Wall -include src/pch/system.h -fPIC -DNDEBUG -Iinclude -Iinclude/cantera/ext -Ibuild/src -I/include/eigen3 -I/include src/thermo/GibbsExcessVPSSTP.cpp
g++ -o build/src/thermo/HMWSoln.os -c -std=c++11 -pthread -O3 -Wno-inline -Wall -include src/pch/system.h -fPIC -DNDEBUG -Iinclude -Iinclude/cantera/ext -Ibuild/src -I/include/eigen3 -I/include src/thermo/HMWSoln.cpp
g++ -o build/src/thermo/IdealGasPhase.os -c -std=c++11 -pthread -O3 -Wno-inline -Wall -include src/pch/system.h -fPIC -DNDEBUG -Iinclude -Iinclude/cantera/ext -Ibuild/src -I/include/eigen3 -I/include src/thermo/IdealGasPhase.cpp
g++ -o build/src/thermo/IdealMolalSoln.os -c -std=c++11 -pthread -O3 -Wno-inline -Wall -include src/pch/system.h -fPIC -DNDEBUG -Iinclude -Iinclude/cantera/ext -Ibuild/src -I/include/eigen3 -I/include src/thermo/IdealMolalSoln.cpp
g++ -o build/src/thermo/IdealSolidSolnPhase.os -c -std=c++11 -pthread -O3 -Wno-inline -Wall -include src/pch/system.h -fPIC -DNDEBUG -Iinclude -Iinclude/cantera/ext -Ibuild/src -I/include/eigen3 -I/include src/thermo/IdealSolidSolnPhase.cpp
g++ -o build/src/thermo/IdealSolnGasVPSS.os -c -std=c++11 -pthread -O3 -Wno-inline -Wall -include src/pch/system.h -fPIC -DNDEBUG -Iinclude -Iinclude/cantera/ext -Ibuild/src -I/include/eigen3 -I/include src/thermo/IdealSolnGasVPSS.cpp
g++ -o build/src/thermo/IonsFromNeutralVPSSTP.os -c -std=c++11 -pthread -O3 -Wno-inline -Wall -include src/pch/system.h -fPIC -DNDEBUG -Iinclude -Iinclude/cantera/ext -Ibuild/src -I/include/eigen3 -I/include src/thermo/IonsFromNeutralVPSSTP.cpp
g++ -o build/src/thermo/LatticePhase.os -c -std=c++11 -pthread -O3 -Wno-inline -Wall -include src/pch/system.h -fPIC -DNDEBUG -Iinclude -Iinclude/cantera/ext -Ibuild/src -I/include/eigen3 -I/include src/thermo/LatticePhase.cpp
g++ -o build/src/thermo/LatticeSolidPhase.os -c -std=c++11 -pthread -O3 -Wno-inline -Wall -include src/pch/system.h -fPIC -DNDEBUG -Iinclude -Iinclude/cantera/ext -Ibuild/src -I/include/eigen3 -I/include src/thermo/LatticeSolidPhase.cpp
g++ -o build/src/thermo/MargulesVPSSTP.os -c -std=c++11 -pthread -O3 -Wno-inline -Wall -include src/pch/system.h -fPIC -DNDEBUG -Iinclude -Iinclude/cantera/ext -Ibuild/src -I/include/eigen3 -I/include src/thermo/MargulesVPSSTP.cpp
g++ -o build/src/thermo/MaskellSolidSolnPhase.os -c -std=c++11 -pthread -O3 -Wno-inline -Wall -include src/pch/system.h -fPIC -DNDEBUG -Iinclude -Iinclude/cantera/ext -Ibuild/src -I/include/eigen3 -I/include src/thermo/MaskellSolidSolnPhase.cpp
g++ -o build/src/thermo/MixtureFugacityTP.os -c -std=c++11 -pthread -O3 -Wno-inline -Wall -include src/pch/system.h -fPIC -DNDEBUG -Iinclude -Iinclude/cantera/ext -Ibuild/src -I/include/eigen3 -I/include src/thermo/MixtureFugacityTP.cpp
g++ -o build/src/thermo/MolalityVPSSTP.os -c -std=c++11 -pthread -O3 -Wno-inline -Wall -include src/pch/system.h -fPIC -DNDEBUG -Iinclude -Iinclude/cantera/ext -Ibuild/src -I/include/eigen3 -I/include src/thermo/MolalityVPSSTP.cpp
g++ -o build/src/thermo/Mu0Poly.os -c -std=c++11 -pthread -O3 -Wno-inline -Wall -include src/pch/system.h -fPIC -DNDEBUG -Iinclude -Iinclude/cantera/ext -Ibuild/src -I/include/eigen3 -I/include src/thermo/Mu0Poly.cpp
g++ -o build/src/thermo/MultiSpeciesThermo.os -c -std=c++11 -pthread -O3 -Wno-inline -Wall -include src/pch/system.h -fPIC -DNDEBUG -Iinclude -Iinclude/cantera/ext -Ibuild/src -I/include/eigen3 -I/include src/thermo/MultiSpeciesThermo.cpp
g++ -o build/src/thermo/Nasa9Poly1.os -c -std=c++11 -pthread -O3 -Wno-inline -Wall -include src/pch/system.h -fPIC -DNDEBUG -Iinclude -Iinclude/cantera/ext -Ibuild/src -I/include/eigen3 -I/include src/thermo/Nasa9Poly1.cpp
g++ -o build/src/thermo/Nasa9PolyMultiTempRegion.os -c -std=c++11 -pthread -O3 -Wno-inline -Wall -include src/pch/system.h -fPIC -DNDEBUG -Iinclude -Iinclude/cantera/ext -Ibuild/src -I/include/eigen3 -I/include src/thermo/Nasa9PolyMultiTempRegion.cpp
g++ -o build/src/thermo/NasaPoly2.os -c -std=c++11 -pthread -O3 -Wno-inline -Wall -include src/pch/system.h -fPIC -DNDEBUG -Iinclude -Iinclude/cantera/ext -Ibuild/src -I/include/eigen3 -I/include src/thermo/NasaPoly2.cpp
g++ -o build/src/thermo/PDSS.os -c -std=c++11 -pthread -O3 -Wno-inline -Wall -include src/pch/system.h -fPIC -DNDEBUG -Iinclude -Iinclude/cantera/ext -Ibuild/src -I/include/eigen3 -I/include src/thermo/PDSS.cpp
g++ -o build/src/thermo/PDSSFactory.os -c -std=c++11 -pthread -O3 -Wno-inline -Wall -include src/pch/system.h -fPIC -DNDEBUG -Iinclude -Iinclude/cantera/ext -Ibuild/src -I/include/eigen3 -I/include src/thermo/PDSSFactory.cpp
g++ -o build/src/thermo/PDSS_ConstVol.os -c -std=c++11 -pthread -O3 -Wno-inline -Wall -include src/pch/system.h -fPIC -DNDEBUG -Iinclude -Iinclude/cantera/ext -Ibuild/src -I/include/eigen3 -I/include src/thermo/PDSS_ConstVol.cpp
g++ -o build/src/thermo/PDSS_HKFT.os -c -std=c++11 -pthread -O3 -Wno-inline -Wall -include src/pch/system.h -fPIC -DNDEBUG -Iinclude -Iinclude/cantera/ext -Ibuild/src -I/include/eigen3 -I/include src/thermo/PDSS_HKFT.cpp
g++ -o build/src/thermo/PDSS_IdealGas.os -c -std=c++11 -pthread -O3 -Wno-inline -Wall -include src/pch/system.h -fPIC -DNDEBUG -Iinclude -Iinclude/cantera/ext -Ibuild/src -I/include/eigen3 -I/include src/thermo/PDSS_IdealGas.cpp
g++ -o build/src/thermo/PDSS_IonsFromNeutral.os -c -std=c++11 -pthread -O3 -Wno-inline -Wall -include src/pch/system.h -fPIC -DNDEBUG -Iinclude -Iinclude/cantera/ext -Ibuild/src -I/include/eigen3 -I/include src/thermo/PDSS_IonsFromNeutral.cpp
g++ -o build/src/thermo/PDSS_SSVol.os -c -std=c++11 -pthread -O3 -Wno-inline -Wall -include src/pch/system.h -fPIC -DNDEBUG -Iinclude -Iinclude/cantera/ext -Ibuild/src -I/include/eigen3 -I/include src/thermo/PDSS_SSVol.cpp
g++ -o build/src/thermo/PDSS_Water.os -c -std=c++11 -pthread -O3 -Wno-inline -Wall -include src/pch/system.h -fPIC -DNDEBUG -Iinclude -Iinclude/cantera/ext -Ibuild/src -I/include/eigen3 -I/include src/thermo/PDSS_Water.cpp
g++ -o build/src/thermo/PengRobinson.os -c -std=c++11 -pthread -O3 -Wno-inline -Wall -include src/pch/system.h -fPIC -DNDEBUG -Iinclude -Iinclude/cantera/ext -Ibuild/src -I/include/eigen3 -I/include src/thermo/PengRobinson.cpp
g++ -o build/src/thermo/Phase.os -c -std=c++11 -pthread -O3 -Wno-inline -Wall -include src/pch/system.h -fPIC -DNDEBUG -Iinclude -Iinclude/cantera/ext -Ibuild/src -I/include/eigen3 -I/include src/thermo/Phase.cpp
g++ -o build/src/thermo/PlasmaPhase.os -c -std=c++11 -pthread -O3 -Wno-inline -Wall -include src/pch/system.h -fPIC -DNDEBUG -Iinclude -Iinclude/cantera/ext -Ibuild/src -I/include/eigen3 -I/include src/thermo/PlasmaPhase.cpp
g++ -o build/src/thermo/PureFluidPhase.os -c -std=c++11 -pthread -O3 -Wno-inline -Wall -include src/pch/system.h -fPIC -DNDEBUG -Iinclude -Iinclude/cantera/ext -Ibuild/src -I/include/eigen3 -I/include src/thermo/PureFluidPhase.cpp
g++ -o build/src/thermo/RedlichKisterVPSSTP.os -c -std=c++11 -pthread -O3 -Wno-inline -Wall -include src/pch/system.h -fPIC -DNDEBUG -Iinclude -Iinclude/cantera/ext -Ibuild/src -I/include/eigen3 -I/include src/thermo/RedlichKisterVPSSTP.cpp
g++ -o build/src/thermo/RedlichKwongMFTP.os -c -std=c++11 -pthread -O3 -Wno-inline -Wall -include src/pch/system.h -fPIC -DNDEBUG -Iinclude -Iinclude/cantera/ext -Ibuild/src -I/include/eigen3 -I/include src/thermo/RedlichKwongMFTP.cpp
g++ -o build/src/thermo/SingleSpeciesTP.os -c -std=c++11 -pthread -O3 -Wno-inline -Wall -include src/pch/system.h -fPIC -DNDEBUG -Iinclude -Iinclude/cantera/ext -Ibuild/src -I/include/eigen3 -I/include src/thermo/SingleSpeciesTP.cpp
g++ -o build/src/thermo/Species.os -c -std=c++11 -pthread -O3 -Wno-inline -Wall -include src/pch/system.h -fPIC -DNDEBUG -Iinclude -Iinclude/cantera/ext -Ibuild/src -I/include/eigen3 -I/include src/thermo/Species.cpp
g++ -o build/src/thermo/SpeciesThermoFactory.os -c -std=c++11 -pthread -O3 -Wno-inline -Wall -include src/pch/system.h -fPIC -DNDEBUG -Iinclude -Iinclude/cantera/ext -Ibuild/src -I/include/eigen3 -I/include src/thermo/SpeciesThermoFactory.cpp
g++ -o build/src/thermo/SpeciesThermoInterpType.os -c -std=c++11 -pthread -O3 -Wno-inline -Wall -include src/pch/system.h -fPIC -DNDEBUG -Iinclude -Iinclude/cantera/ext -Ibuild/src -I/include/eigen3 -I/include src/thermo/SpeciesThermoInterpType.cpp
g++ -o build/src/thermo/StoichSubstance.os -c -std=c++11 -pthread -O3 -Wno-inline -Wall -include src/pch/system.h -fPIC -DNDEBUG -Iinclude -Iinclude/cantera/ext -Ibuild/src -I/include/eigen3 -I/include src/thermo/StoichSubstance.cpp
g++ -o build/src/thermo/SurfPhase.os -c -std=c++11 -pthread -O3 -Wno-inline -Wall -include src/pch/system.h -fPIC -DNDEBUG -Iinclude -Iinclude/cantera/ext -Ibuild/src -I/include/eigen3 -I/include src/thermo/SurfPhase.cpp
g++ -o build/src/thermo/ThermoFactory.os -c -std=c++11 -pthread -O3 -Wno-inline -Wall -include src/pch/system.h -fPIC -DNDEBUG -Iinclude -Iinclude/cantera/ext -Ibuild/src -I/include/eigen3 -I/include src/thermo/ThermoFactory.cpp
g++ -o build/src/thermo/ThermoPhase.os -c -std=c++11 -pthread -O3 -Wno-inline -Wall -include src/pch/system.h -fPIC -DNDEBUG -Iinclude -Iinclude/cantera/ext -Ibuild/src -I/include/eigen3 -I/include src/thermo/ThermoPhase.cpp
g++ -o build/src/thermo/VPStandardStateTP.os -c -std=c++11 -pthread -O3 -Wno-inline -Wall -include src/pch/system.h -fPIC -DNDEBUG -Iinclude -Iinclude/cantera/ext -Ibuild/src -I/include/eigen3 -I/include src/thermo/VPStandardStateTP.cpp
g++ -o build/src/thermo/WaterProps.os -c -std=c++11 -pthread -O3 -Wno-inline -Wall -include src/pch/system.h -fPIC -DNDEBUG -Iinclude -Iinclude/cantera/ext -Ibuild/src -I/include/eigen3 -I/include src/thermo/WaterProps.cpp
g++ -o build/src/thermo/WaterPropsIAPWS.os -c -std=c++11 -pthread -O3 -Wno-inline -Wall -include src/pch/system.h -fPIC -DNDEBUG -Iinclude -Iinclude/cantera/ext -Ibuild/src -I/include/eigen3 -I/include src/thermo/WaterPropsIAPWS.cpp
g++ -o build/src/thermo/WaterPropsIAPWSphi.os -c -std=c++11 -pthread -O3 -Wno-inline -Wall -include src/pch/system.h -fPIC -DNDEBUG -Iinclude -Iinclude/cantera/ext -Ibuild/src -I/include/eigen3 -I/include src/thermo/WaterPropsIAPWSphi.cpp
g++ -o build/src/thermo/WaterSSTP.os -c -std=c++11 -pthread -O3 -Wno-inline -Wall -include src/pch/system.h -fPIC -DNDEBUG -Iinclude -Iinclude/cantera/ext -Ibuild/src -I/include/eigen3 -I/include src/thermo/WaterSSTP.cpp
g++ -o build/src/tpx/CarbonDioxide.os -c -std=c++11 -pthread -O3 -Wno-inline -Wall -include src/pch/system.h -fPIC -DNDEBUG -Iinclude -Iinclude/cantera/ext -Ibuild/src -I/include/eigen3 -I/include src/tpx/CarbonDioxide.cpp
g++ -o build/src/tpx/HFC134a.os -c -std=c++11 -pthread -O3 -Wno-inline -Wall -include src/pch/system.h -fPIC -DNDEBUG -Iinclude -Iinclude/cantera/ext -Ibuild/src -I/include/eigen3 -I/include src/tpx/HFC134a.cpp
g++ -o build/src/tpx/Heptane.os -c -std=c++11 -pthread -O3 -Wno-inline -Wall -include src/pch/system.h -fPIC -DNDEBUG -Iinclude -Iinclude/cantera/ext -Ibuild/src -I/include/eigen3 -I/include src/tpx/Heptane.cpp
g++ -o build/src/tpx/Hydrogen.os -c -std=c++11 -pthread -O3 -Wno-inline -Wall -include src/pch/system.h -fPIC -DNDEBUG -Iinclude -Iinclude/cantera/ext -Ibuild/src -I/include/eigen3 -I/include src/tpx/Hydrogen.cpp
g++ -o build/src/tpx/Methane.os -c -std=c++11 -pthread -O3 -Wno-inline -Wall -include src/pch/system.h -fPIC -DNDEBUG -Iinclude -Iinclude/cantera/ext -Ibuild/src -I/include/eigen3 -I/include src/tpx/Methane.cpp
g++ -o build/src/tpx/Nitrogen.os -c -std=c++11 -pthread -O3 -Wno-inline -Wall -include src/pch/system.h -fPIC -DNDEBUG -Iinclude -Iinclude/cantera/ext -Ibuild/src -I/include/eigen3 -I/include src/tpx/Nitrogen.cpp
g++ -o build/src/tpx/Oxygen.os -c -std=c++11 -pthread -O3 -Wno-inline -Wall -include src/pch/system.h -fPIC -DNDEBUG -Iinclude -Iinclude/cantera/ext -Ibuild/src -I/include/eigen3 -I/include src/tpx/Oxygen.cpp
g++ -o build/src/tpx/Sub.os -c -std=c++11 -pthread -O3 -Wno-inline -Wall -include src/pch/system.h -fPIC -DNDEBUG -Iinclude -Iinclude/cantera/ext -Ibuild/src -I/include/eigen3 -I/include src/tpx/Sub.cpp
g++ -o build/src/tpx/Water.os -c -std=c++11 -pthread -O3 -Wno-inline -Wall -include src/pch/system.h -fPIC -DNDEBUG -Iinclude -Iinclude/cantera/ext -Ibuild/src -I/include/eigen3 -I/include src/tpx/Water.cpp
g++ -o build/src/tpx/utils.os -c -std=c++11 -pthread -O3 -Wno-inline -Wall -include src/pch/system.h -fPIC -DNDEBUG -Iinclude -Iinclude/cantera/ext -Ibuild/src -I/include/eigen3 -I/include src/tpx/utils.cpp
g++ -o build/src/equil/BasisOptimize.os -c -std=c++11 -pthread -O3 -Wno-inline -Wall -include src/pch/system.h -fPIC -DNDEBUG -Iinclude -Iinclude/cantera/ext -Ibuild/src -I/include/eigen3 -I/include src/equil/BasisOptimize.cpp
g++ -o build/src/equil/ChemEquil.os -c -std=c++11 -pthread -O3 -Wno-inline -Wall -include src/pch/system.h -fPIC -DNDEBUG -Iinclude -Iinclude/cantera/ext -Ibuild/src -I/include/eigen3 -I/include src/equil/ChemEquil.cpp
g++ -o build/src/equil/MultiPhase.os -c -std=c++11 -pthread -O3 -Wno-inline -Wall -include src/pch/system.h -fPIC -DNDEBUG -Iinclude -Iinclude/cantera/ext -Ibuild/src -I/include/eigen3 -I/include src/equil/MultiPhase.cpp
g++ -o build/src/equil/MultiPhaseEquil.os -c -std=c++11 -pthread -O3 -Wno-inline -Wall -include src/pch/system.h -fPIC -DNDEBUG -Iinclude -Iinclude/cantera/ext -Ibuild/src -I/include/eigen3 -I/include src/equil/MultiPhaseEquil.cpp
g++ -o build/src/equil/vcs_MultiPhaseEquil.os -c -std=c++11 -pthread -O3 -Wno-inline -Wall -include src/pch/system.h -fPIC -DNDEBUG -Iinclude -Iinclude/cantera/ext -Ibuild/src -I/include/eigen3 -I/include src/equil/vcs_MultiPhaseEquil.cpp
g++ -o build/src/equil/vcs_VolPhase.os -c -std=c++11 -pthread -O3 -Wno-inline -Wall -include src/pch/system.h -fPIC -DNDEBUG -Iinclude -Iinclude/cantera/ext -Ibuild/src -I/include/eigen3 -I/include src/equil/vcs_VolPhase.cpp
g++ -o build/src/equil/vcs_solve.os -c -std=c++11 -pthread -O3 -Wno-inline -Wall -include src/pch/system.h -fPIC -DNDEBUG -Iinclude -Iinclude/cantera/ext -Ibuild/src -I/include/eigen3 -I/include src/equil/vcs_solve.cpp
g++ -o build/src/equil/vcs_solve_TP.os -c -std=c++11 -pthread -O3 -Wno-inline -Wall -include src/pch/system.h -fPIC -DNDEBUG -Iinclude -Iinclude/cantera/ext -Ibuild/src -I/include/eigen3 -I/include src/equil/vcs_solve_TP.cpp
g++ -o build/src/equil/vcs_util.os -c -std=c++11 -pthread -O3 -Wno-inline -Wall -include src/pch/system.h -fPIC -DNDEBUG -Iinclude -Iinclude/cantera/ext -Ibuild/src -I/include/eigen3 -I/include src/equil/vcs_util.cpp
g++ -o build/src/numerics/BandMatrix.os -c -std=c++11 -pthread -O3 -Wno-inline -Wall -include src/pch/system.h -fPIC -DNDEBUG -Iinclude -Iinclude/cantera/ext -Ibuild/src -I/include/eigen3 -I/include src/numerics/BandMatrix.cpp
g++ -o build/src/numerics/CVodesIntegrator.os -c -std=c++11 -pthread -O3 -Wno-inline -Wall -include src/pch/system.h -fPIC -DNDEBUG -Iinclude -Iinclude/cantera/ext -Ibuild/src -I/include/eigen3 -I/include src/numerics/CVodesIntegrator.cpp
g++ -o build/src/numerics/DAE_solvers.os -c -std=c++11 -pthread -O3 -Wno-inline -Wall -include src/pch/system.h -fPIC -DNDEBUG -Iinclude -Iinclude/cantera/ext -Ibuild/src -I/include/eigen3 -I/include src/numerics/DAE_solvers.cpp
g++ -o build/src/numerics/DenseMatrix.os -c -std=c++11 -pthread -O3 -Wno-inline -Wall -include src/pch/system.h -fPIC -DNDEBUG -Iinclude -Iinclude/cantera/ext -Ibuild/src -I/include/eigen3 -I/include src/numerics/DenseMatrix.cpp
g++ -o build/src/numerics/Func1.os -c -std=c++11 -pthread -O3 -Wno-inline -Wall -include src/pch/system.h -fPIC -DNDEBUG -Iinclude -Iinclude/cantera/ext -Ibuild/src -I/include/eigen3 -I/include src/numerics/Func1.cpp
g++ -o build/src/numerics/FuncEval.os -c -std=c++11 -pthread -O3 -Wno-inline -Wall -include src/pch/system.h -fPIC -DNDEBUG -Iinclude -Iinclude/cantera/ext -Ibuild/src -I/include/eigen3 -I/include src/numerics/FuncEval.cpp
g++ -o build/src/numerics/IDA_Solver.os -c -std=c++11 -pthread -O3 -Wno-inline -Wall -include src/pch/system.h -fPIC -DNDEBUG -Iinclude -Iinclude/cantera/ext -Ibuild/src -I/include/eigen3 -I/include src/numerics/IDA_Solver.cpp
g++ -o build/src/numerics/ODE_integrators.os -c -std=c++11 -pthread -O3 -Wno-inline -Wall -include src/pch/system.h -fPIC -DNDEBUG -Iinclude -Iinclude/cantera/ext -Ibuild/src -I/include/eigen3 -I/include src/numerics/ODE_integrators.cpp
g++ -o build/src/numerics/ResidJacEval.os -c -std=c++11 -pthread -O3 -Wno-inline -Wall -include src/pch/system.h -fPIC -DNDEBUG -Iinclude -Iinclude/cantera/ext -Ibuild/src -I/include/eigen3 -I/include src/numerics/ResidJacEval.cpp
g++ -o build/src/numerics/funcs.os -c -std=c++11 -pthread -O3 -Wno-inline -Wall -include src/pch/system.h -fPIC -DNDEBUG -Iinclude -Iinclude/cantera/ext -Ibuild/src -I/include/eigen3 -I/include src/numerics/funcs.cpp
g++ -o build/src/numerics/polyfit.os -c -std=c++11 -pthread -O3 -Wno-inline -Wall -include src/pch/system.h -fPIC -DNDEBUG -Iinclude -Iinclude/cantera/ext -Ibuild/src -I/include/eigen3 -I/include src/numerics/polyfit.cpp
g++ -o build/src/kinetics/Arrhenius.os -c -std=c++11 -pthread -O3 -Wno-inline -Wall -include src/pch/system.h -fPIC -DNDEBUG -Iinclude -Iinclude/cantera/ext -Ibuild/src -I/include/eigen3 -I/include src/kinetics/Arrhenius.cpp
g++ -o build/src/kinetics/BlowersMaselRate.os -c -std=c++11 -pthread -O3 -Wno-inline -Wall -include src/pch/system.h -fPIC -DNDEBUG -Iinclude -Iinclude/cantera/ext -Ibuild/src -I/include/eigen3 -I/include src/kinetics/BlowersMaselRate.cpp
g++ -o build/src/kinetics/BulkKinetics.os -c -std=c++11 -pthread -O3 -Wno-inline -Wall -include src/pch/system.h -fPIC -DNDEBUG -Iinclude -Iinclude/cantera/ext -Ibuild/src -I/include/eigen3 -I/include src/kinetics/BulkKinetics.cpp
g++ -o build/src/kinetics/ChebyshevRate.os -c -std=c++11 -pthread -O3 -Wno-inline -Wall -include src/pch/system.h -fPIC -DNDEBUG -Iinclude -Iinclude/cantera/ext -Ibuild/src -I/include/eigen3 -I/include src/kinetics/ChebyshevRate.cpp
g++ -o build/src/kinetics/Custom.os -c -std=c++11 -pthread -O3 -Wno-inline -Wall -include src/pch/system.h -fPIC -DNDEBUG -Iinclude -Iinclude/cantera/ext -Ibuild/src -I/include/eigen3 -I/include src/kinetics/Custom.cpp
g++ -o build/src/kinetics/Falloff.os -c -std=c++11 -pthread -O3 -Wno-inline -Wall -include src/pch/system.h -fPIC -DNDEBUG -Iinclude -Iinclude/cantera/ext -Ibuild/src -I/include/eigen3 -I/include src/kinetics/Falloff.cpp
g++ -o build/src/kinetics/FalloffFactory.os -c -std=c++11 -pthread -O3 -Wno-inline -Wall -include src/pch/system.h -fPIC -DNDEBUG -Iinclude -Iinclude/cantera/ext -Ibuild/src -I/include/eigen3 -I/include src/kinetics/FalloffFactory.cpp
g++ -o build/src/kinetics/GasKinetics.os -c -std=c++11 -pthread -O3 -Wno-inline -Wall -include src/pch/system.h -fPIC -DNDEBUG -Iinclude -Iinclude/cantera/ext -Ibuild/src -I/include/eigen3 -I/include src/kinetics/GasKinetics.cpp
g++ -o build/src/kinetics/Group.os -c -std=c++11 -pthread -O3 -Wno-inline -Wall -include src/pch/system.h -fPIC -DNDEBUG -Iinclude -Iinclude/cantera/ext -Ibuild/src -I/include/eigen3 -I/include src/kinetics/Group.cpp
g++ -o build/src/kinetics/ImplicitSurfChem.os -c -std=c++11 -pthread -O3 -Wno-inline -Wall -include src/pch/system.h -fPIC -DNDEBUG -Iinclude -Iinclude/cantera/ext -Ibuild/src -I/include/eigen3 -I/include src/kinetics/ImplicitSurfChem.cpp
g++ -o build/src/kinetics/InterfaceKinetics.os -c -std=c++11 -pthread -O3 -Wno-inline -Wall -include src/pch/system.h -fPIC -DNDEBUG -Iinclude -Iinclude/cantera/ext -Ibuild/src -I/include/eigen3 -I/include src/kinetics/InterfaceKinetics.cpp
g++ -o build/src/kinetics/InterfaceRate.os -c -std=c++11 -pthread -O3 -Wno-inline -Wall -include src/pch/system.h -fPIC -DNDEBUG -Iinclude -Iinclude/cantera/ext -Ibuild/src -I/include/eigen3 -I/include src/kinetics/InterfaceRate.cpp
g++ -o build/src/kinetics/Kinetics.os -c -std=c++11 -pthread -O3 -Wno-inline -Wall -include src/pch/system.h -fPIC -DNDEBUG -Iinclude -Iinclude/cantera/ext -Ibuild/src -I/include/eigen3 -I/include src/kinetics/Kinetics.cpp
g++ -o build/src/kinetics/KineticsFactory.os -c -std=c++11 -pthread -O3 -Wno-inline -Wall -include src/pch/system.h -fPIC -DNDEBUG -Iinclude -Iinclude/cantera/ext -Ibuild/src -I/include/eigen3 -I/include src/kinetics/KineticsFactory.cpp
g++ -o build/src/kinetics/PlogRate.os -c -std=c++11 -pthread -O3 -Wno-inline -Wall -include src/pch/system.h -fPIC -DNDEBUG -Iinclude -Iinclude/cantera/ext -Ibuild/src -I/include/eigen3 -I/include src/kinetics/PlogRate.cpp
g++ -o build/src/kinetics/Reaction.os -c -std=c++11 -pthread -O3 -Wno-inline -Wall -include src/pch/system.h -fPIC -DNDEBUG -Iinclude -Iinclude/cantera/ext -Ibuild/src -I/include/eigen3 -I/include src/kinetics/Reaction.cpp
g++ -o build/src/kinetics/ReactionFactory.os -c -std=c++11 -pthread -O3 -Wno-inline -Wall -include src/pch/system.h -fPIC -DNDEBUG -Iinclude -Iinclude/cantera/ext -Ibuild/src -I/include/eigen3 -I/include src/kinetics/ReactionFactory.cpp
g++ -o build/src/kinetics/ReactionPath.os -c -std=c++11 -pthread -O3 -Wno-inline -Wall -include src/pch/system.h -fPIC -DNDEBUG -Iinclude -Iinclude/cantera/ext -Ibuild/src -I/include/eigen3 -I/include src/kinetics/ReactionPath.cpp
g++ -o build/src/kinetics/ReactionRateFactory.os -c -std=c++11 -pthread -O3 -Wno-inline -Wall -include src/pch/system.h -fPIC -DNDEBUG -Iinclude -Iinclude/cantera/ext -Ibuild/src -I/include/eigen3 -I/include src/kinetics/ReactionRateFactory.cpp
g++ -o build/src/kinetics/RxnRates.os -c -std=c++11 -pthread -O3 -Wno-inline -Wall -include src/pch/system.h -fPIC -DNDEBUG -Iinclude -Iinclude/cantera/ext -Ibuild/src -I/include/eigen3 -I/include src/kinetics/RxnRates.cpp
g++ -o build/src/kinetics/TwoTempPlasmaRate.os -c -std=c++11 -pthread -O3 -Wno-inline -Wall -include src/pch/system.h -fPIC -DNDEBUG -Iinclude -Iinclude/cantera/ext -Ibuild/src -I/include/eigen3 -I/include src/kinetics/TwoTempPlasmaRate.cpp
g++ -o build/src/kinetics/importKinetics.os -c -std=c++11 -pthread -O3 -Wno-inline -Wall -include src/pch/system.h -fPIC -DNDEBUG -Iinclude -Iinclude/cantera/ext -Ibuild/src -I/include/eigen3 -I/include src/kinetics/importKinetics.cpp
g++ -o build/src/kinetics/solveSP.os -c -std=c++11 -pthread -O3 -Wno-inline -Wall -include src/pch/system.h -fPIC -DNDEBUG -Iinclude -Iinclude/cantera/ext -Ibuild/src -I/include/eigen3 -I/include src/kinetics/solveSP.cpp
g++ -o build/src/transport/DustyGasTransport.os -c -std=c++11 -pthread -O3 -Wno-inline -Wall -include src/pch/system.h -fPIC -DNDEBUG -Iinclude -Iinclude/cantera/ext -Ibuild/src -I/include/eigen3 -I/include src/transport/DustyGasTransport.cpp
g++ -o build/src/transport/GasTransport.os -c -std=c++11 -pthread -O3 -Wno-inline -Wall -include src/pch/system.h -fPIC -DNDEBUG -Iinclude -Iinclude/cantera/ext -Ibuild/src -I/include/eigen3 -I/include src/transport/GasTransport.cpp
g++ -o build/src/transport/HighPressureGasTransport.os -c -std=c++11 -pthread -O3 -Wno-inline -Wall -include src/pch/system.h -fPIC -DNDEBUG -Iinclude -Iinclude/cantera/ext -Ibuild/src -I/include/eigen3 -I/include src/transport/HighPressureGasTransport.cpp
g++ -o build/src/transport/IonGasTransport.os -c -std=c++11 -pthread -O3 -Wno-inline -Wall -include src/pch/system.h -fPIC -DNDEBUG -Iinclude -Iinclude/cantera/ext -Ibuild/src -I/include/eigen3 -I/include src/transport/IonGasTransport.cpp
g++ -o build/src/transport/MMCollisionInt.os -c -std=c++11 -pthread -O3 -Wno-inline -Wall -include src/pch/system.h -fPIC -DNDEBUG -Iinclude -Iinclude/cantera/ext -Ibuild/src -I/include/eigen3 -I/include src/transport/MMCollisionInt.cpp
g++ -o build/src/transport/MixTransport.os -c -std=c++11 -pthread -O3 -Wno-inline -Wall -include src/pch/system.h -fPIC -DNDEBUG -Iinclude -Iinclude/cantera/ext -Ibuild/src -I/include/eigen3 -I/include src/transport/MixTransport.cpp
g++ -o build/src/transport/MultiTransport.os -c -std=c++11 -pthread -O3 -Wno-inline -Wall -include src/pch/system.h -fPIC -DNDEBUG -Iinclude -Iinclude/cantera/ext -Ibuild/src -I/include/eigen3 -I/include src/transport/MultiTransport.cpp
g++ -o build/src/transport/TransportBase.os -c -std=c++11 -pthread -O3 -Wno-inline -Wall -include src/pch/system.h -fPIC -DNDEBUG -Iinclude -Iinclude/cantera/ext -Ibuild/src -I/include/eigen3 -I/include src/transport/TransportBase.cpp
g++ -o build/src/transport/TransportData.os -c -std=c++11 -pthread -O3 -Wno-inline -Wall -include src/pch/system.h -fPIC -DNDEBUG -Iinclude -Iinclude/cantera/ext -Ibuild/src -I/include/eigen3 -I/include src/transport/TransportData.cpp
g++ -o build/src/transport/TransportFactory.os -c -std=c++11 -pthread -O3 -Wno-inline -Wall -include src/pch/system.h -fPIC -DNDEBUG -Iinclude -Iinclude/cantera/ext -Ibuild/src -I/include/eigen3 -I/include src/transport/TransportFactory.cpp
g++ -o build/src/transport/WaterTransport.os -c -std=c++11 -pthread -O3 -Wno-inline -Wall -include src/pch/system.h -fPIC -DNDEBUG -Iinclude -Iinclude/cantera/ext -Ibuild/src -I/include/eigen3 -I/include src/transport/WaterTransport.cpp
g++ -o build/src/oneD/Boundary1D.os -c -std=c++11 -pthread -O3 -Wno-inline -Wall -include src/pch/system.h -fPIC -DNDEBUG -Iinclude -Iinclude/cantera/ext -Ibuild/src -I/include/eigen3 -I/include src/oneD/Boundary1D.cpp
g++ -o build/src/oneD/Domain1D.os -c -std=c++11 -pthread -O3 -Wno-inline -Wall -include src/pch/system.h -fPIC -DNDEBUG -Iinclude -Iinclude/cantera/ext -Ibuild/src -I/include/eigen3 -I/include src/oneD/Domain1D.cpp
g++ -o build/src/oneD/IonFlow.os -c -std=c++11 -pthread -O3 -Wno-inline -Wall -include src/pch/system.h -fPIC -DNDEBUG -Iinclude -Iinclude/cantera/ext -Ibuild/src -I/include/eigen3 -I/include src/oneD/IonFlow.cpp
g++ -o build/src/oneD/MultiJac.os -c -std=c++11 -pthread -O3 -Wno-inline -Wall -include src/pch/system.h -fPIC -DNDEBUG -Iinclude -Iinclude/cantera/ext -Ibuild/src -I/include/eigen3 -I/include src/oneD/MultiJac.cpp
g++ -o build/src/oneD/MultiNewton.os -c -std=c++11 -pthread -O3 -Wno-inline -Wall -include src/pch/system.h -fPIC -DNDEBUG -Iinclude -Iinclude/cantera/ext -Ibuild/src -I/include/eigen3 -I/include src/oneD/MultiNewton.cpp
g++ -o build/src/oneD/OneDim.os -c -std=c++11 -pthread -O3 -Wno-inline -Wall -include src/pch/system.h -fPIC -DNDEBUG -Iinclude -Iinclude/cantera/ext -Ibuild/src -I/include/eigen3 -I/include src/oneD/OneDim.cpp
g++ -o build/src/oneD/Sim1D.os -c -std=c++11 -pthread -O3 -Wno-inline -Wall -include src/pch/system.h -fPIC -DNDEBUG -Iinclude -Iinclude/cantera/ext -Ibuild/src -I/include/eigen3 -I/include src/oneD/Sim1D.cpp
g++ -o build/src/oneD/StFlow.os -c -std=c++11 -pthread -O3 -Wno-inline -Wall -include src/pch/system.h -fPIC -DNDEBUG -Iinclude -Iinclude/cantera/ext -Ibuild/src -I/include/eigen3 -I/include src/oneD/StFlow.cpp
g++ -o build/src/oneD/refine.os -c -std=c++11 -pthread -O3 -Wno-inline -Wall -include src/pch/system.h -fPIC -DNDEBUG -Iinclude -Iinclude/cantera/ext -Ibuild/src -I/include/eigen3 -I/include src/oneD/refine.cpp
g++ -o build/src/zeroD/ConstPressureReactor.os -c -std=c++11 -pthread -O3 -Wno-inline -Wall -include src/pch/system.h -fPIC -DNDEBUG -Iinclude -Iinclude/cantera/ext -Ibuild/src -I/include/eigen3 -I/include src/zeroD/ConstPressureReactor.cpp
g++ -o build/src/zeroD/FlowDevice.os -c -std=c++11 -pthread -O3 -Wno-inline -Wall -include src/pch/system.h -fPIC -DNDEBUG -Iinclude -Iinclude/cantera/ext -Ibuild/src -I/include/eigen3 -I/include src/zeroD/FlowDevice.cpp
g++ -o build/src/zeroD/FlowDeviceFactory.os -c -std=c++11 -pthread -O3 -Wno-inline -Wall -include src/pch/system.h -fPIC -DNDEBUG -Iinclude -Iinclude/cantera/ext -Ibuild/src -I/include/eigen3 -I/include src/zeroD/FlowDeviceFactory.cpp
g++ -o build/src/zeroD/FlowReactor.os -c -std=c++11 -pthread -O3 -Wno-inline -Wall -include src/pch/system.h -fPIC -DNDEBUG -Iinclude -Iinclude/cantera/ext -Ibuild/src -I/include/eigen3 -I/include src/zeroD/FlowReactor.cpp
g++ -o build/src/zeroD/IdealGasConstPressureReactor.os -c -std=c++11 -pthread -O3 -Wno-inline -Wall -include src/pch/system.h -fPIC -DNDEBUG -Iinclude -Iinclude/cantera/ext -Ibuild/src -I/include/eigen3 -I/include src/zeroD/IdealGasConstPressureReactor.cpp
g++ -o build/src/zeroD/IdealGasReactor.os -c -std=c++11 -pthread -O3 -Wno-inline -Wall -include src/pch/system.h -fPIC -DNDEBUG -Iinclude -Iinclude/cantera/ext -Ibuild/src -I/include/eigen3 -I/include src/zeroD/IdealGasReactor.cpp
g++ -o build/src/zeroD/Reactor.os -c -std=c++11 -pthread -O3 -Wno-inline -Wall -include src/pch/system.h -fPIC -DNDEBUG -Iinclude -Iinclude/cantera/ext -Ibuild/src -I/include/eigen3 -I/include src/zeroD/Reactor.cpp
g++ -o build/src/zeroD/ReactorBase.os -c -std=c++11 -pthread -O3 -Wno-inline -Wall -include src/pch/system.h -fPIC -DNDEBUG -Iinclude -Iinclude/cantera/ext -Ibuild/src -I/include/eigen3 -I/include src/zeroD/ReactorBase.cpp
g++ -o build/src/zeroD/ReactorFactory.os -c -std=c++11 -pthread -O3 -Wno-inline -Wall -include src/pch/system.h -fPIC -DNDEBUG -Iinclude -Iinclude/cantera/ext -Ibuild/src -I/include/eigen3 -I/include src/zeroD/ReactorFactory.cpp
g++ -o build/src/zeroD/ReactorNet.os -c -std=c++11 -pthread -O3 -Wno-inline -Wall -include src/pch/system.h -fPIC -DNDEBUG -Iinclude -Iinclude/cantera/ext -Ibuild/src -I/include/eigen3 -I/include src/zeroD/ReactorNet.cpp
g++ -o build/src/zeroD/ReactorSurface.os -c -std=c++11 -pthread -O3 -Wno-inline -Wall -include src/pch/system.h -fPIC -DNDEBUG -Iinclude -Iinclude/cantera/ext -Ibuild/src -I/include/eigen3 -I/include src/zeroD/ReactorSurface.cpp
g++ -o build/src/zeroD/Wall.os -c -std=c++11 -pthread -O3 -Wno-inline -Wall -include src/pch/system.h -fPIC -DNDEBUG -Iinclude -Iinclude/cantera/ext -Ibuild/src -I/include/eigen3 -I/include src/zeroD/Wall.cpp
g++ -o build/src/zeroD/WallFactory.os -c -std=c++11 -pthread -O3 -Wno-inline -Wall -include src/pch/system.h -fPIC -DNDEBUG -Iinclude -Iinclude/cantera/ext -Ibuild/src -I/include/eigen3 -I/include src/zeroD/WallFactory.cpp
g++ -o build/src/zeroD/flowControllers.os -c -std=c++11 -pthread -O3 -Wno-inline -Wall -include src/pch/system.h -fPIC -DNDEBUG -Iinclude -Iinclude/cantera/ext -Ibuild/src -I/include/eigen3 -I/include src/zeroD/flowControllers.cpp
g++ -o build/src/clib/ct.os -c -std=c++11 -pthread -O3 -Wno-inline -Wall -include src/pch/system.h -fPIC -DNDEBUG -Iinclude -Iinclude/cantera/ext -Ibuild/src -I/include/eigen3 -I/include src/clib/ct.cpp
g++ -o build/src/clib/ctfunc.os -c -std=c++11 -pthread -O3 -Wno-inline -Wall -include src/pch/system.h -fPIC -DNDEBUG -Iinclude -Iinclude/cantera/ext -Ibuild/src -I/include/eigen3 -I/include src/clib/ctfunc.cpp
g++ -o build/src/clib/ctmultiphase.os -c -std=c++11 -pthread -O3 -Wno-inline -Wall -include src/pch/system.h -fPIC -DNDEBUG -Iinclude -Iinclude/cantera/ext -Ibuild/src -I/include/eigen3 -I/include src/clib/ctmultiphase.cpp
g++ -o build/src/clib/ctonedim.os -c -std=c++11 -pthread -O3 -Wno-inline -Wall -include src/pch/system.h -fPIC -DNDEBUG -Iinclude -Iinclude/cantera/ext -Ibuild/src -I/include/eigen3 -I/include src/clib/ctonedim.cpp
g++ -o build/src/clib/ctreactor.os -c -std=c++11 -pthread -O3 -Wno-inline -Wall -include src/pch/system.h -fPIC -DNDEBUG -Iinclude -Iinclude/cantera/ext -Ibuild/src -I/include/eigen3 -I/include src/clib/ctreactor.cpp
g++ -o build/src/clib/ctrpath.os -c -std=c++11 -pthread -O3 -Wno-inline -Wall -include src/pch/system.h -fPIC -DNDEBUG -Iinclude -Iinclude/cantera/ext -Ibuild/src -I/include/eigen3 -I/include src/clib/ctrpath.cpp
g++ -o build/src/clib/ctsurf.os -c -std=c++11 -pthread -O3 -Wno-inline -Wall -include src/pch/system.h -fPIC -DNDEBUG -Iinclude -Iinclude/cantera/ext -Ibuild/src -I/include/eigen3 -I/include src/clib/ctsurf.cpp
g++ -o build/src/clib/ctxml.os -c -std=c++11 -pthread -O3 -Wno-inline -Wall -include src/pch/system.h -fPIC -DNDEBUG -Iinclude -Iinclude/cantera/ext -Ibuild/src -I/include/eigen3 -I/include src/clib/ctxml.cpp
ar rc build/lib/libcantera.a build/ext/libexecstream/exec-stream.os build/ext/sundials/src/sundials/sundials_band.os build/ext/sundials/src/sundials/sundials_dense.os build/ext/sundials/src/sundials/sundials_direct.os build/ext/sundials/src/sundials/sundials_futils.os build/ext/sundials/src/sundials/sundials_iterative.os build/ext/sundials/src/sundials/sundials_linearsolver.os build/ext/sundials/src/sundials/sundials_math.os build/ext/sundials/src/sundials/sundials_matrix.os build/ext/sundials/src/sundials/sundials_nonlinearsolver.os build/ext/sundials/src/sundials/sundials_nvector.os build/ext/sundials/src/sundials/sundials_nvector_senswrapper.os build/ext/sundials/src/sundials/sundials_version.os build/ext/sundials/src/nvector/serial/fnvector_serial.os build/ext/sundials/src/nvector/serial/nvector_serial.os build/ext/sundials/src/cvodes/cvodea.os build/ext/sundials/src/cvodes/cvodea_io.os build/ext/sundials/src/cvodes/cvodes.os build/ext/sundials/src/cvodes/cvodes_bandpre.os build/ext/sundials/src/cvodes/cvodes_bbdpre.os build/ext/sundials/src/cvodes/cvodes_diag.os build/ext/sundials/src/cvodes/cvodes_direct.os build/ext/sundials/src/cvodes/cvodes_io.os build/ext/sundials/src/cvodes/cvodes_ls.os build/ext/sundials/src/cvodes/cvodes_nls.os build/ext/sundials/src/cvodes/cvodes_nls_sim.os build/ext/sundials/src/cvodes/cvodes_nls_stg.os build/ext/sundials/src/cvodes/cvodes_nls_stg1.os build/ext/sundials/src/cvodes/cvodes_spils.os build/ext/sundials/src/ida/ida.os build/ext/sundials/src/ida/ida_bbdpre.os build/ext/sundials/src/ida/ida_direct.os build/ext/sundials/src/ida/ida_ic.os build/ext/sundials/src/ida/ida_io.os build/ext/sundials/src/ida/ida_ls.os build/ext/sundials/src/ida/ida_nls.os build/ext/sundials/src/ida/ida_spils.os build/ext/sundials/src/sunmatrix/band/sunmatrix_band.os build/ext/sundials/src/sunmatrix/dense/sunmatrix_dense.os build/ext/sundials/src/sunmatrix/sparse/sunmatrix_sparse.os build/ext/sundials/src/sunlinsol/dense/sunlinsol_dense.os build/ext/sundials/src/sunlinsol/band/sunlinsol_band.os build/ext/sundials/src/sunlinsol/spgmr/sunlinsol_spgmr.os build/ext/sundials/src/sunnonlinsol/newton/sunnonlinsol_newton.os build/ext/yaml-cpp/src/binary.os build/ext/yaml-cpp/src/convert.os build/ext/yaml-cpp/src/directives.os build/ext/yaml-cpp/src/emit.os build/ext/yaml-cpp/src/emitfromevents.os build/ext/yaml-cpp/src/emitter.os build/ext/yaml-cpp/src/emitterstate.os build/ext/yaml-cpp/src/emitterutils.os build/ext/yaml-cpp/src/exceptions.os build/ext/yaml-cpp/src/exp.os build/ext/yaml-cpp/src/memory.os build/ext/yaml-cpp/src/node.os build/ext/yaml-cpp/src/node_data.os build/ext/yaml-cpp/src/nodebuilder.os build/ext/yaml-cpp/src/nodeevents.os build/ext/yaml-cpp/src/null.os build/ext/yaml-cpp/src/ostream_wrapper.os build/ext/yaml-cpp/src/parse.os build/ext/yaml-cpp/src/parser.os build/ext/yaml-cpp/src/regex_yaml.os build/ext/yaml-cpp/src/scanner.os build/ext/yaml-cpp/src/scanscalar.os build/ext/yaml-cpp/src/scantag.os build/ext/yaml-cpp/src/scantoken.os build/ext/yaml-cpp/src/simplekey.os build/ext/yaml-cpp/src/singledocparser.os build/ext/yaml-cpp/src/stream.os build/ext/yaml-cpp/src/tag.os build/ext/yaml-cpp/src/contrib/graphbuilder.os build/ext/yaml-cpp/src/contrib/graphbuilderadapter.os build/src/base/AnyMap.os build/src/base/Array.os build/src/base/Interface.os build/src/base/Solution.os build/src/base/Units.os build/src/base/ValueCache.os build/src/base/YamlWriter.os build/src/base/checkFinite.os build/src/base/clockWC.os build/src/base/ct2ctml.os build/src/base/ctexceptions.os build/src/base/ctml.os build/src/base/plots.os build/src/base/stringUtils.os build/src/base/xml.os build/src/base/application.os build/src/base/global.os build/src/thermo/BinarySolutionTabulatedThermo.os build/src/thermo/ConstCpPoly.os build/src/thermo/DebyeHuckel.os build/src/thermo/Elements.os build/src/thermo/GibbsExcessVPSSTP.os build/src/thermo/HMWSoln.os build/src/thermo/IdealGasPhase.os build/src/thermo/IdealMolalSoln.os build/src/thermo/IdealSolidSolnPhase.os build/src/thermo/IdealSolnGasVPSS.os build/src/thermo/IonsFromNeutralVPSSTP.os build/src/thermo/LatticePhase.os build/src/thermo/LatticeSolidPhase.os build/src/thermo/MargulesVPSSTP.os build/src/thermo/MaskellSolidSolnPhase.os build/src/thermo/MixtureFugacityTP.os build/src/thermo/MolalityVPSSTP.os build/src/thermo/Mu0Poly.os build/src/thermo/MultiSpeciesThermo.os build/src/thermo/Nasa9Poly1.os build/src/thermo/Nasa9PolyMultiTempRegion.os build/src/thermo/NasaPoly2.os build/src/thermo/PDSS.os build/src/thermo/PDSSFactory.os build/src/thermo/PDSS_ConstVol.os build/src/thermo/PDSS_HKFT.os build/src/thermo/PDSS_IdealGas.os build/src/thermo/PDSS_IonsFromNeutral.os build/src/thermo/PDSS_SSVol.os build/src/thermo/PDSS_Water.os build/src/thermo/PengRobinson.os build/src/thermo/Phase.os build/src/thermo/PlasmaPhase.os build/src/thermo/PureFluidPhase.os build/src/thermo/RedlichKisterVPSSTP.os build/src/thermo/RedlichKwongMFTP.os build/src/thermo/SingleSpeciesTP.os build/src/thermo/Species.os build/src/thermo/SpeciesThermoFactory.os build/src/thermo/SpeciesThermoInterpType.os build/src/thermo/StoichSubstance.os build/src/thermo/SurfPhase.os build/src/thermo/ThermoFactory.os build/src/thermo/ThermoPhase.os build/src/thermo/VPStandardStateTP.os build/src/thermo/WaterProps.os build/src/thermo/WaterPropsIAPWS.os build/src/thermo/WaterPropsIAPWSphi.os build/src/thermo/WaterSSTP.os build/src/tpx/CarbonDioxide.os build/src/tpx/HFC134a.os build/src/tpx/Heptane.os build/src/tpx/Hydrogen.os build/src/tpx/Methane.os build/src/tpx/Nitrogen.os build/src/tpx/Oxygen.os build/src/tpx/Sub.os build/src/tpx/Water.os build/src/tpx/utils.os build/src/equil/BasisOptimize.os build/src/equil/ChemEquil.os build/src/equil/MultiPhase.os build/src/equil/MultiPhaseEquil.os build/src/equil/vcs_MultiPhaseEquil.os build/src/equil/vcs_VolPhase.os build/src/equil/vcs_solve.os build/src/equil/vcs_solve_TP.os build/src/equil/vcs_util.os build/src/numerics/BandMatrix.os build/src/numerics/CVodesIntegrator.os build/src/numerics/DAE_solvers.os build/src/numerics/DenseMatrix.os build/src/numerics/Func1.os build/src/numerics/FuncEval.os build/src/numerics/IDA_Solver.os build/src/numerics/ODE_integrators.os build/src/numerics/ResidJacEval.os build/src/numerics/funcs.os build/src/numerics/polyfit.os build/src/kinetics/Arrhenius.os build/src/kinetics/BlowersMaselRate.os build/src/kinetics/BulkKinetics.os build/src/kinetics/ChebyshevRate.os build/src/kinetics/Custom.os build/src/kinetics/Falloff.os build/src/kinetics/FalloffFactory.os build/src/kinetics/GasKinetics.os build/src/kinetics/Group.os build/src/kinetics/ImplicitSurfChem.os build/src/kinetics/InterfaceKinetics.os build/src/kinetics/InterfaceRate.os build/src/kinetics/Kinetics.os build/src/kinetics/KineticsFactory.os build/src/kinetics/PlogRate.os build/src/kinetics/Reaction.os build/src/kinetics/ReactionFactory.os build/src/kinetics/ReactionPath.os build/src/kinetics/ReactionRateFactory.os build/src/kinetics/RxnRates.os build/src/kinetics/TwoTempPlasmaRate.os build/src/kinetics/importKinetics.os build/src/kinetics/solveSP.os build/src/transport/DustyGasTransport.os build/src/transport/GasTransport.os build/src/transport/HighPressureGasTransport.os build/src/transport/IonGasTransport.os build/src/transport/MMCollisionInt.os build/src/transport/MixTransport.os build/src/transport/MultiTransport.os build/src/transport/TransportBase.os build/src/transport/TransportData.os build/src/transport/TransportFactory.os build/src/transport/WaterTransport.os build/src/oneD/Boundary1D.os build/src/oneD/Domain1D.os build/src/oneD/IonFlow.os build/src/oneD/MultiJac.os build/src/oneD/MultiNewton.os build/src/oneD/OneDim.os build/src/oneD/Sim1D.os build/src/oneD/StFlow.os build/src/oneD/refine.os build/src/zeroD/ConstPressureReactor.os build/src/zeroD/FlowDevice.os build/src/zeroD/FlowDeviceFactory.os build/src/zeroD/FlowReactor.os build/src/zeroD/IdealGasConstPressureReactor.os build/src/zeroD/IdealGasReactor.os build/src/zeroD/Reactor.os build/src/zeroD/ReactorBase.os build/src/zeroD/ReactorFactory.os build/src/zeroD/ReactorNet.os build/src/zeroD/ReactorSurface.os build/src/zeroD/Wall.os build/src/zeroD/WallFactory.os build/src/zeroD/flowControllers.os build/src/clib/ct.os build/src/clib/ctfunc.os build/src/clib/ctmultiphase.os build/src/clib/ctonedim.os build/src/clib/ctreactor.os build/src/clib/ctrpath.os build/src/clib/ctsurf.os build/src/clib/ctxml.os
ranlib build/lib/libcantera.a
g++ -o build/lib/libcantera_shared.so.2.6.0 -pthread -shared -Wl,-soname=libcantera_shared.so.2 build/ext/libexecstream/exec-stream.os build/ext/sundials/src/sundials/sundials_band.os build/ext/sundials/src/sundials/sundials_dense.os build/ext/sundials/src/sundials/sundials_direct.os build/ext/sundials/src/sundials/sundials_futils.os build/ext/sundials/src/sundials/sundials_iterative.os build/ext/sundials/src/sundials/sundials_linearsolver.os build/ext/sundials/src/sundials/sundials_math.os build/ext/sundials/src/sundials/sundials_matrix.os build/ext/sundials/src/sundials/sundials_nonlinearsolver.os build/ext/sundials/src/sundials/sundials_nvector.os build/ext/sundials/src/sundials/sundials_nvector_senswrapper.os build/ext/sundials/src/sundials/sundials_version.os build/ext/sundials/src/nvector/serial/fnvector_serial.os build/ext/sundials/src/nvector/serial/nvector_serial.os build/ext/sundials/src/cvodes/cvodea.os build/ext/sundials/src/cvodes/cvodea_io.os build/ext/sundials/src/cvodes/cvodes.os build/ext/sundials/src/cvodes/cvodes_bandpre.os build/ext/sundials/src/cvodes/cvodes_bbdpre.os build/ext/sundials/src/cvodes/cvodes_diag.os build/ext/sundials/src/cvodes/cvodes_direct.os build/ext/sundials/src/cvodes/cvodes_io.os build/ext/sundials/src/cvodes/cvodes_ls.os build/ext/sundials/src/cvodes/cvodes_nls.os build/ext/sundials/src/cvodes/cvodes_nls_sim.os build/ext/sundials/src/cvodes/cvodes_nls_stg.os build/ext/sundials/src/cvodes/cvodes_nls_stg1.os build/ext/sundials/src/cvodes/cvodes_spils.os build/ext/sundials/src/ida/ida.os build/ext/sundials/src/ida/ida_bbdpre.os build/ext/sundials/src/ida/ida_direct.os build/ext/sundials/src/ida/ida_ic.os build/ext/sundials/src/ida/ida_io.os build/ext/sundials/src/ida/ida_ls.os build/ext/sundials/src/ida/ida_nls.os build/ext/sundials/src/ida/ida_spils.os build/ext/sundials/src/sunmatrix/band/sunmatrix_band.os build/ext/sundials/src/sunmatrix/dense/sunmatrix_dense.os build/ext/sundials/src/sunmatrix/sparse/sunmatrix_sparse.os build/ext/sundials/src/sunlinsol/dense/sunlinsol_dense.os build/ext/sundials/src/sunlinsol/band/sunlinsol_band.os build/ext/sundials/src/sunlinsol/spgmr/sunlinsol_spgmr.os build/ext/sundials/src/sunnonlinsol/newton/sunnonlinsol_newton.os build/ext/yaml-cpp/src/binary.os build/ext/yaml-cpp/src/convert.os build/ext/yaml-cpp/src/directives.os build/ext/yaml-cpp/src/emit.os build/ext/yaml-cpp/src/emitfromevents.os build/ext/yaml-cpp/src/emitter.os build/ext/yaml-cpp/src/emitterstate.os build/ext/yaml-cpp/src/emitterutils.os build/ext/yaml-cpp/src/exceptions.os build/ext/yaml-cpp/src/exp.os build/ext/yaml-cpp/src/memory.os build/ext/yaml-cpp/src/node.os build/ext/yaml-cpp/src/node_data.os build/ext/yaml-cpp/src/nodebuilder.os build/ext/yaml-cpp/src/nodeevents.os build/ext/yaml-cpp/src/null.os build/ext/yaml-cpp/src/ostream_wrapper.os build/ext/yaml-cpp/src/parse.os build/ext/yaml-cpp/src/parser.os build/ext/yaml-cpp/src/regex_yaml.os build/ext/yaml-cpp/src/scanner.os build/ext/yaml-cpp/src/scanscalar.os build/ext/yaml-cpp/src/scantag.os build/ext/yaml-cpp/src/scantoken.os build/ext/yaml-cpp/src/simplekey.os build/ext/yaml-cpp/src/singledocparser.os build/ext/yaml-cpp/src/stream.os build/ext/yaml-cpp/src/tag.os build/ext/yaml-cpp/src/contrib/graphbuilder.os build/ext/yaml-cpp/src/contrib/graphbuilderadapter.os build/src/base/AnyMap.os build/src/base/Array.os build/src/base/Interface.os build/src/base/Solution.os build/src/base/Units.os build/src/base/ValueCache.os build/src/base/YamlWriter.os build/src/base/checkFinite.os build/src/base/clockWC.os build/src/base/ct2ctml.os build/src/base/ctexceptions.os build/src/base/ctml.os build/src/base/plots.os build/src/base/stringUtils.os build/src/base/xml.os build/src/base/application.os build/src/base/global.os build/src/thermo/BinarySolutionTabulatedThermo.os build/src/thermo/ConstCpPoly.os build/src/thermo/DebyeHuckel.os build/src/thermo/Elements.os build/src/thermo/GibbsExcessVPSSTP.os build/src/thermo/HMWSoln.os build/src/thermo/IdealGasPhase.os build/src/thermo/IdealMolalSoln.os build/src/thermo/IdealSolidSolnPhase.os build/src/thermo/IdealSolnGasVPSS.os build/src/thermo/IonsFromNeutralVPSSTP.os build/src/thermo/LatticePhase.os build/src/thermo/LatticeSolidPhase.os build/src/thermo/MargulesVPSSTP.os build/src/thermo/MaskellSolidSolnPhase.os build/src/thermo/MixtureFugacityTP.os build/src/thermo/MolalityVPSSTP.os build/src/thermo/Mu0Poly.os build/src/thermo/MultiSpeciesThermo.os build/src/thermo/Nasa9Poly1.os build/src/thermo/Nasa9PolyMultiTempRegion.os build/src/thermo/NasaPoly2.os build/src/thermo/PDSS.os build/src/thermo/PDSSFactory.os build/src/thermo/PDSS_ConstVol.os build/src/thermo/PDSS_HKFT.os build/src/thermo/PDSS_IdealGas.os build/src/thermo/PDSS_IonsFromNeutral.os build/src/thermo/PDSS_SSVol.os build/src/thermo/PDSS_Water.os build/src/thermo/PengRobinson.os build/src/thermo/Phase.os build/src/thermo/PlasmaPhase.os build/src/thermo/PureFluidPhase.os build/src/thermo/RedlichKisterVPSSTP.os build/src/thermo/RedlichKwongMFTP.os build/src/thermo/SingleSpeciesTP.os build/src/thermo/Species.os build/src/thermo/SpeciesThermoFactory.os build/src/thermo/SpeciesThermoInterpType.os build/src/thermo/StoichSubstance.os build/src/thermo/SurfPhase.os build/src/thermo/ThermoFactory.os build/src/thermo/ThermoPhase.os build/src/thermo/VPStandardStateTP.os build/src/thermo/WaterProps.os build/src/thermo/WaterPropsIAPWS.os build/src/thermo/WaterPropsIAPWSphi.os build/src/thermo/WaterSSTP.os build/src/tpx/CarbonDioxide.os build/src/tpx/HFC134a.os build/src/tpx/Heptane.os build/src/tpx/Hydrogen.os build/src/tpx/Methane.os build/src/tpx/Nitrogen.os build/src/tpx/Oxygen.os build/src/tpx/Sub.os build/src/tpx/Water.os build/src/tpx/utils.os build/src/equil/BasisOptimize.os build/src/equil/ChemEquil.os build/src/equil/MultiPhase.os build/src/equil/MultiPhaseEquil.os build/src/equil/vcs_MultiPhaseEquil.os build/src/equil/vcs_VolPhase.os build/src/equil/vcs_solve.os build/src/equil/vcs_solve_TP.os build/src/equil/vcs_util.os build/src/numerics/BandMatrix.os build/src/numerics/CVodesIntegrator.os build/src/numerics/DAE_solvers.os build/src/numerics/DenseMatrix.os build/src/numerics/Func1.os build/src/numerics/FuncEval.os build/src/numerics/IDA_Solver.os build/src/numerics/ODE_integrators.os build/src/numerics/ResidJacEval.os build/src/numerics/funcs.os build/src/numerics/polyfit.os build/src/kinetics/Arrhenius.os build/src/kinetics/BlowersMaselRate.os build/src/kinetics/BulkKinetics.os build/src/kinetics/ChebyshevRate.os build/src/kinetics/Custom.os build/src/kinetics/Falloff.os build/src/kinetics/FalloffFactory.os build/src/kinetics/GasKinetics.os build/src/kinetics/Group.os build/src/kinetics/ImplicitSurfChem.os build/src/kinetics/InterfaceKinetics.os build/src/kinetics/InterfaceRate.os build/src/kinetics/Kinetics.os build/src/kinetics/KineticsFactory.os build/src/kinetics/PlogRate.os build/src/kinetics/Reaction.os build/src/kinetics/ReactionFactory.os build/src/kinetics/ReactionPath.os build/src/kinetics/ReactionRateFactory.os build/src/kinetics/RxnRates.os build/src/kinetics/TwoTempPlasmaRate.os build/src/kinetics/importKinetics.os build/src/kinetics/solveSP.os build/src/transport/DustyGasTransport.os build/src/transport/GasTransport.os build/src/transport/HighPressureGasTransport.os build/src/transport/IonGasTransport.os build/src/transport/MMCollisionInt.os build/src/transport/MixTransport.os build/src/transport/MultiTransport.os build/src/transport/TransportBase.os build/src/transport/TransportData.os build/src/transport/TransportFactory.os build/src/transport/WaterTransport.os build/src/oneD/Boundary1D.os build/src/oneD/Domain1D.os build/src/oneD/IonFlow.os build/src/oneD/MultiJac.os build/src/oneD/MultiNewton.os build/src/oneD/OneDim.os build/src/oneD/Sim1D.os build/src/oneD/StFlow.os build/src/oneD/refine.os build/src/zeroD/ConstPressureReactor.os build/src/zeroD/FlowDevice.os build/src/zeroD/FlowDeviceFactory.os build/src/zeroD/FlowReactor.os build/src/zeroD/IdealGasConstPressureReactor.os build/src/zeroD/IdealGasReactor.os build/src/zeroD/Reactor.os build/src/zeroD/ReactorBase.os build/src/zeroD/ReactorFactory.os build/src/zeroD/ReactorNet.os build/src/zeroD/ReactorSurface.os build/src/zeroD/Wall.os build/src/zeroD/WallFactory.os build/src/zeroD/flowControllers.os build/src/clib/ct.os build/src/clib/ctfunc.os build/src/clib/ctmultiphase.os build/src/clib/ctonedim.os build/src/clib/ctreactor.os build/src/clib/ctrpath.os build/src/clib/ctsurf.os build/src/clib/ctxml.os -Lbuild/lib -lgomp -lfmt
Create symlinks for: 'build/lib/libcantera_shared.so.2.6.0': 'build/lib/libcantera_shared.so.2'->'build/lib/libcantera_shared.so.2.6.0', 'build/lib/libcantera_shared.so'->'build/lib/libcantera_shared.so.2.6.0'
Substituting vars from platform/posix/Cantera.mak.in to build/platform/Cantera.mak
Substituting vars from platform/posix/cantera.pc.in to build/platform/cantera.pc
Substituting vars from samples/cxx/Makefile.in to build/samples/cxx/combustor/Makefile
Substituting vars from samples/cxx/Makefile.in to build/samples/cxx/custom/Makefile
Substituting vars from samples/cxx/Makefile.in to build/samples/cxx/demo/Makefile
Substituting vars from samples/cxx/Makefile.in to build/samples/cxx/flamespeed/Makefile
Substituting vars from samples/cxx/Makefile.in to build/samples/cxx/kinetics1/Makefile
Substituting vars from samples/cxx/Makefile.in to build/samples/cxx/jacobian/Makefile
Substituting vars from samples/cxx/Makefile.in to build/samples/cxx/gas_transport/Makefile
Substituting vars from samples/cxx/Makefile.in to build/samples/cxx/rankine/Makefile
Substituting vars from samples/cxx/Makefile.in to build/samples/cxx/LiC6_electrode/Makefile
Substituting vars from samples/cxx/Makefile.in to build/samples/cxx/openmp_ignition/Makefile
Substituting vars from samples/cxx/Makefile.in to build/samples/cxx/bvp/Makefile
postBuildMessage(["finish_build"], [])
*******************************************************
Compilation completed successfully.

- To run the test suite, type 'scons test'.
- To list available tests, type 'scons test-help'.
- To install, type 'scons install'.
*******************************************************
scons: done building targets.
