scons: Reading SConscript files ...
INFO: SCons 4.0.1 is using the following Python interpreter:
/usr/bin/python3 (Python 3.10)
INFO: Building Cantera from git commit '9573e6b1e'
INFO: Configuration variables read from 'cantera.conf' and command line:
    prefix = '/opt/cantera'
    python_package = 'n'
    f90_interface = 'n'
    system_eigen = 'y'
    debug = False
    extra_inc_dirs = '/include/eigen3'
    boost_inc_dir = '/include'

Checking for C++ header file cmath... (cached) yes
Checking for C++ header file fmt/ostream.h... (cached) yes
INFO: Using system installation of fmt library.
INFO: Found fmt version 8.1.1
Checking for YAML::Node().Mark()... (cached) no
INFO: Using private installation of yaml-cpp library.
Checking for C++ header file gtest/gtest.h... (cached) no
Checking for C++ header file gmock/gmock.h... (cached) no
INFO: Using Googletest from Git submodule
Checking for C++ header file eigen3/Eigen/Dense... (cached) yes
INFO: Using system installation of Eigen.
INFO: Found Eigen version 3.4.0
Checking whether __GLIBCXX__ is declared... (cached) yes
Checking whether __clang__ is declared... (cached) no
Checking for C++ library iomp5... (cached) no
Checking for C++ library omp... (cached) no
Checking for C++ library gomp... (cached) yes
INFO: Found Boost version 1.74
Checking whether boost::core::demangle is declared... (cached) yes
Checking for CVodeCreate(CV_BDF, CV_NEWTON) in C++ library sundials_cvodes... (cached) no
Checking for CVodeCreate(CV_BDF) in C++ library sundials_cvodes... (cached) no
Checking for SUNContext ctx; SUNContext_Create(0, &ctx) in C++ library sundials_cvodes... (cached) no
Checking for double x; log(x) in C library None... (cached) no
INFO: Using private installation of Sundials version 5.3.
scons: done reading SConscript files.
scons: Building targets ...
Install file: "include/cantera/base/AnyMap.h" as "/opt/cantera/include/cantera/base/AnyMap.h"
Install file: "include/cantera/base/AnyMap.inl.h" as "/opt/cantera/include/cantera/base/AnyMap.inl.h"
Install file: "include/cantera/base/Array.h" as "/opt/cantera/include/cantera/base/Array.h"
Install file: "include/cantera/base/Delegator.h" as "/opt/cantera/include/cantera/base/Delegator.h"
Install file: "include/cantera/base/FactoryBase.h" as "/opt/cantera/include/cantera/base/FactoryBase.h"
Install file: "include/cantera/base/Interface.h" as "/opt/cantera/include/cantera/base/Interface.h"
Install file: "include/cantera/base/NoExitLogger.h" as "/opt/cantera/include/cantera/base/NoExitLogger.h"
Install file: "include/cantera/base/Solution.h" as "/opt/cantera/include/cantera/base/Solution.h"
Install file: "include/cantera/base/Units.h" as "/opt/cantera/include/cantera/base/Units.h"
Install file: "include/cantera/base/ValueCache.h" as "/opt/cantera/include/cantera/base/ValueCache.h"
Install file: "include/cantera/base/YamlWriter.h" as "/opt/cantera/include/cantera/base/YamlWriter.h"
Install file: "include/cantera/base/clockWC.h" as "/opt/cantera/include/cantera/base/clockWC.h"
ConfigBuilder(["build/src/config.h.build"], ["include/cantera/base/config.h.in"])
INFO: Generating build/src/config.h.build with the following settings:
    CANTERA_SHORT_VERSION               "2.6"
    CANTERA_VERSION                     "2.6.0"
    CT_LEGACY_RATE_CONSTANTS            1
    CT_SUNDIALS_USE_LAPACK              0
    CT_SUNDIALS_VERSION                 53
    CT_USE_DEMANGLE                     1
    CT_USE_SYSTEM_EIGEN                 1
    CT_USE_SYSTEM_EIGEN_PREFIXED        1
    CT_USE_SYSTEM_FMT                   1
    FTN_TRAILING_UNDERSCORE             1
    LAPACK_FTN_STRING_LEN_AT_END        1
    LAPACK_FTN_TRAILING_UNDERSCORE      1
    LAPACK_NAMES_LOWERCASE              1
    CT_NO_LEGACY_REACTIONS_26           *undefined*
    CT_USE_LAPACK                       *undefined*
    CT_USE_SYSTEM_YAMLCPP               *undefined*
    DARWIN                              *undefined*
    SOLARIS                             *undefined*
Install file: "include/cantera/base/config.h" as "/opt/cantera/include/cantera/base/config.h"
Install file: "include/cantera/base/config.h.in" as "/opt/cantera/include/cantera/base/config.h.in"
Install file: "include/cantera/base/ct_defs.h" as "/opt/cantera/include/cantera/base/ct_defs.h"
Install file: "include/cantera/base/ctexceptions.h" as "/opt/cantera/include/cantera/base/ctexceptions.h"
Install file: "include/cantera/base/ctml.h" as "/opt/cantera/include/cantera/base/ctml.h"
Install file: "include/cantera/base/fmt.h" as "/opt/cantera/include/cantera/base/fmt.h"
Install file: "include/cantera/base/global.h" as "/opt/cantera/include/cantera/base/global.h"
Install file: "include/cantera/base/logger.h" as "/opt/cantera/include/cantera/base/logger.h"
Install file: "include/cantera/base/plots.h" as "/opt/cantera/include/cantera/base/plots.h"
Install file: "include/cantera/base/stringUtils.h" as "/opt/cantera/include/cantera/base/stringUtils.h"
Install file: "include/cantera/base/utilities.h" as "/opt/cantera/include/cantera/base/utilities.h"
Install file: "include/cantera/base/xml.h" as "/opt/cantera/include/cantera/base/xml.h"
Install file: "include/cantera/base/yaml.h" as "/opt/cantera/include/cantera/base/yaml.h"
Install file: "include/cantera/clib/clib_defs.h" as "/opt/cantera/include/cantera/clib/clib_defs.h"
Install file: "include/cantera/clib/ct.h" as "/opt/cantera/include/cantera/clib/ct.h"
Install file: "include/cantera/clib/ctfunc.h" as "/opt/cantera/include/cantera/clib/ctfunc.h"
Install file: "include/cantera/clib/ctmatlab.h" as "/opt/cantera/include/cantera/clib/ctmatlab.h"
Install file: "include/cantera/clib/ctmultiphase.h" as "/opt/cantera/include/cantera/clib/ctmultiphase.h"
Install file: "include/cantera/clib/ctonedim.h" as "/opt/cantera/include/cantera/clib/ctonedim.h"
Install file: "include/cantera/clib/ctreactor.h" as "/opt/cantera/include/cantera/clib/ctreactor.h"
Install file: "include/cantera/clib/ctrpath.h" as "/opt/cantera/include/cantera/clib/ctrpath.h"
Install file: "include/cantera/clib/ctsurf.h" as "/opt/cantera/include/cantera/clib/ctsurf.h"
Install file: "include/cantera/clib/ctxml.h" as "/opt/cantera/include/cantera/clib/ctxml.h"
Install file: "include/cantera/cython/funcWrapper.h" as "/opt/cantera/include/cantera/cython/funcWrapper.h"
Install file: "include/cantera/cython/wrappers.h" as "/opt/cantera/include/cantera/cython/wrappers.h"
Install file: "include/cantera/equil/ChemEquil.h" as "/opt/cantera/include/cantera/equil/ChemEquil.h"
Install file: "include/cantera/equil/MultiPhase.h" as "/opt/cantera/include/cantera/equil/MultiPhase.h"
Install file: "include/cantera/equil/MultiPhaseEquil.h" as "/opt/cantera/include/cantera/equil/MultiPhaseEquil.h"
Install file: "include/cantera/equil/vcs_MultiPhaseEquil.h" as "/opt/cantera/include/cantera/equil/vcs_MultiPhaseEquil.h"
Install file: "include/cantera/equil/vcs_SpeciesProperties.h" as "/opt/cantera/include/cantera/equil/vcs_SpeciesProperties.h"
Install file: "include/cantera/equil/vcs_VolPhase.h" as "/opt/cantera/include/cantera/equil/vcs_VolPhase.h"
Install file: "include/cantera/equil/vcs_defs.h" as "/opt/cantera/include/cantera/equil/vcs_defs.h"
Install file: "include/cantera/equil/vcs_internal.h" as "/opt/cantera/include/cantera/equil/vcs_internal.h"
Install file: "include/cantera/equil/vcs_solve.h" as "/opt/cantera/include/cantera/equil/vcs_solve.h"
Install file: "include/cantera/equil/vcs_species_thermo.h" as "/opt/cantera/include/cantera/equil/vcs_species_thermo.h"
Install file: "include/cantera/ext/cvodes/cvodes.h" as "/opt/cantera/include/cantera/ext/cvodes/cvodes.h"
Install file: "include/cantera/ext/cvodes/cvodes_bandpre.h" as "/opt/cantera/include/cantera/ext/cvodes/cvodes_bandpre.h"
Install file: "include/cantera/ext/cvodes/cvodes_bbdpre.h" as "/opt/cantera/include/cantera/ext/cvodes/cvodes_bbdpre.h"
Install file: "include/cantera/ext/cvodes/cvodes_diag.h" as "/opt/cantera/include/cantera/ext/cvodes/cvodes_diag.h"
Install file: "include/cantera/ext/cvodes/cvodes_direct.h" as "/opt/cantera/include/cantera/ext/cvodes/cvodes_direct.h"
Install file: "include/cantera/ext/cvodes/cvodes_ls.h" as "/opt/cantera/include/cantera/ext/cvodes/cvodes_ls.h"
Install file: "include/cantera/ext/cvodes/cvodes_spils.h" as "/opt/cantera/include/cantera/ext/cvodes/cvodes_spils.h"
Install file: "include/cantera/ext/ida/ida.h" as "/opt/cantera/include/cantera/ext/ida/ida.h"
Install file: "include/cantera/ext/ida/ida_bbdpre.h" as "/opt/cantera/include/cantera/ext/ida/ida_bbdpre.h"
Install file: "include/cantera/ext/ida/ida_direct.h" as "/opt/cantera/include/cantera/ext/ida/ida_direct.h"
Install file: "include/cantera/ext/ida/ida_ls.h" as "/opt/cantera/include/cantera/ext/ida/ida_ls.h"
Install file: "include/cantera/ext/ida/ida_spils.h" as "/opt/cantera/include/cantera/ext/ida/ida_spils.h"
Install file: "include/cantera/ext/nvector/nvector_cuda.h" as "/opt/cantera/include/cantera/ext/nvector/nvector_cuda.h"
Install file: "include/cantera/ext/nvector/nvector_manyvector.h" as "/opt/cantera/include/cantera/ext/nvector/nvector_manyvector.h"
Install file: "include/cantera/ext/nvector/nvector_mpimanyvector.h" as "/opt/cantera/include/cantera/ext/nvector/nvector_mpimanyvector.h"
Install file: "include/cantera/ext/nvector/nvector_mpiplusx.h" as "/opt/cantera/include/cantera/ext/nvector/nvector_mpiplusx.h"
Install file: "include/cantera/ext/nvector/nvector_openmp.h" as "/opt/cantera/include/cantera/ext/nvector/nvector_openmp.h"
Install file: "include/cantera/ext/nvector/nvector_openmpdev.h" as "/opt/cantera/include/cantera/ext/nvector/nvector_openmpdev.h"
Install file: "include/cantera/ext/nvector/nvector_parallel.h" as "/opt/cantera/include/cantera/ext/nvector/nvector_parallel.h"
Install file: "include/cantera/ext/nvector/nvector_parhyp.h" as "/opt/cantera/include/cantera/ext/nvector/nvector_parhyp.h"
Install file: "include/cantera/ext/nvector/nvector_petsc.h" as "/opt/cantera/include/cantera/ext/nvector/nvector_petsc.h"
Install file: "include/cantera/ext/nvector/nvector_pthreads.h" as "/opt/cantera/include/cantera/ext/nvector/nvector_pthreads.h"
Install file: "include/cantera/ext/nvector/nvector_raja.h" as "/opt/cantera/include/cantera/ext/nvector/nvector_raja.h"
Install file: "include/cantera/ext/nvector/nvector_serial.h" as "/opt/cantera/include/cantera/ext/nvector/nvector_serial.h"
Install file: "include/cantera/ext/nvector/nvector_trilinos.h" as "/opt/cantera/include/cantera/ext/nvector/nvector_trilinos.h"
Install file: "include/cantera/ext/sundials/sundials_band.h" as "/opt/cantera/include/cantera/ext/sundials/sundials_band.h"
ConfigBuilder(["build/ext/sundials_config.h.build"], ["ext/sundials_config.h.in"])
INFO: Generating build/ext/sundials_config.h.build with the following settings:
    SUNDIALS_USE_GENERIC_MATH           1
    SUNDIALS_BLAS_LAPACK                *undefined*
Install file: "include/cantera/ext/sundials/sundials_config.h" as "/opt/cantera/include/cantera/ext/sundials/sundials_config.h"
Install file: "include/cantera/ext/sundials/sundials_dense.h" as "/opt/cantera/include/cantera/ext/sundials/sundials_dense.h"
Install file: "include/cantera/ext/sundials/sundials_direct.h" as "/opt/cantera/include/cantera/ext/sundials/sundials_direct.h"
Install file: "include/cantera/ext/sundials/sundials_fnvector.h" as "/opt/cantera/include/cantera/ext/sundials/sundials_fnvector.h"
Install file: "include/cantera/ext/sundials/sundials_futils.h" as "/opt/cantera/include/cantera/ext/sundials/sundials_futils.h"
Install file: "include/cantera/ext/sundials/sundials_iterative.h" as "/opt/cantera/include/cantera/ext/sundials/sundials_iterative.h"
Install file: "include/cantera/ext/sundials/sundials_lapack.h" as "/opt/cantera/include/cantera/ext/sundials/sundials_lapack.h"
Install file: "include/cantera/ext/sundials/sundials_linearsolver.h" as "/opt/cantera/include/cantera/ext/sundials/sundials_linearsolver.h"
Install file: "include/cantera/ext/sundials/sundials_math.h" as "/opt/cantera/include/cantera/ext/sundials/sundials_math.h"
Install file: "include/cantera/ext/sundials/sundials_matrix.h" as "/opt/cantera/include/cantera/ext/sundials/sundials_matrix.h"
Install file: "include/cantera/ext/sundials/sundials_mpi_types.h" as "/opt/cantera/include/cantera/ext/sundials/sundials_mpi_types.h"
Install file: "include/cantera/ext/sundials/sundials_nonlinearsolver.h" as "/opt/cantera/include/cantera/ext/sundials/sundials_nonlinearsolver.h"
Install file: "include/cantera/ext/sundials/sundials_nvector.h" as "/opt/cantera/include/cantera/ext/sundials/sundials_nvector.h"
Install file: "include/cantera/ext/sundials/sundials_nvector_senswrapper.h" as "/opt/cantera/include/cantera/ext/sundials/sundials_nvector_senswrapper.h"
Install file: "include/cantera/ext/sundials/sundials_types.h" as "/opt/cantera/include/cantera/ext/sundials/sundials_types.h"
Install file: "include/cantera/ext/sundials/sundials_version.h" as "/opt/cantera/include/cantera/ext/sundials/sundials_version.h"
Install file: "include/cantera/ext/sunlinsol/sunlinsol_band.h" as "/opt/cantera/include/cantera/ext/sunlinsol/sunlinsol_band.h"
Install file: "include/cantera/ext/sunlinsol/sunlinsol_cusolversp_batchqr.h" as "/opt/cantera/include/cantera/ext/sunlinsol/sunlinsol_cusolversp_batchqr.h"
Install file: "include/cantera/ext/sunlinsol/sunlinsol_dense.h" as "/opt/cantera/include/cantera/ext/sunlinsol/sunlinsol_dense.h"
Install file: "include/cantera/ext/sunlinsol/sunlinsol_klu.h" as "/opt/cantera/include/cantera/ext/sunlinsol/sunlinsol_klu.h"
Install file: "include/cantera/ext/sunlinsol/sunlinsol_lapackband.h" as "/opt/cantera/include/cantera/ext/sunlinsol/sunlinsol_lapackband.h"
Install file: "include/cantera/ext/sunlinsol/sunlinsol_lapackdense.h" as "/opt/cantera/include/cantera/ext/sunlinsol/sunlinsol_lapackdense.h"
Install file: "include/cantera/ext/sunlinsol/sunlinsol_pcg.h" as "/opt/cantera/include/cantera/ext/sunlinsol/sunlinsol_pcg.h"
Install file: "include/cantera/ext/sunlinsol/sunlinsol_spbcgs.h" as "/opt/cantera/include/cantera/ext/sunlinsol/sunlinsol_spbcgs.h"
Install file: "include/cantera/ext/sunlinsol/sunlinsol_spfgmr.h" as "/opt/cantera/include/cantera/ext/sunlinsol/sunlinsol_spfgmr.h"
Install file: "include/cantera/ext/sunlinsol/sunlinsol_spgmr.h" as "/opt/cantera/include/cantera/ext/sunlinsol/sunlinsol_spgmr.h"
Install file: "include/cantera/ext/sunlinsol/sunlinsol_sptfqmr.h" as "/opt/cantera/include/cantera/ext/sunlinsol/sunlinsol_sptfqmr.h"
Install file: "include/cantera/ext/sunlinsol/sunlinsol_superludist.h" as "/opt/cantera/include/cantera/ext/sunlinsol/sunlinsol_superludist.h"
Install file: "include/cantera/ext/sunlinsol/sunlinsol_superlumt.h" as "/opt/cantera/include/cantera/ext/sunlinsol/sunlinsol_superlumt.h"
Install file: "include/cantera/ext/sunmatrix/sunmatrix_band.h" as "/opt/cantera/include/cantera/ext/sunmatrix/sunmatrix_band.h"
Install file: "include/cantera/ext/sunmatrix/sunmatrix_cusparse.h" as "/opt/cantera/include/cantera/ext/sunmatrix/sunmatrix_cusparse.h"
Install file: "include/cantera/ext/sunmatrix/sunmatrix_dense.h" as "/opt/cantera/include/cantera/ext/sunmatrix/sunmatrix_dense.h"
Install file: "include/cantera/ext/sunmatrix/sunmatrix_slunrloc.h" as "/opt/cantera/include/cantera/ext/sunmatrix/sunmatrix_slunrloc.h"
Install file: "include/cantera/ext/sunmatrix/sunmatrix_sparse.h" as "/opt/cantera/include/cantera/ext/sunmatrix/sunmatrix_sparse.h"
Install file: "include/cantera/ext/sunnonlinsol/sunnonlinsol_fixedpoint.h" as "/opt/cantera/include/cantera/ext/sunnonlinsol/sunnonlinsol_fixedpoint.h"
Install file: "include/cantera/ext/sunnonlinsol/sunnonlinsol_newton.h" as "/opt/cantera/include/cantera/ext/sunnonlinsol/sunnonlinsol_newton.h"
Install file: "include/cantera/ext/sunnonlinsol/sunnonlinsol_petscsnes.h" as "/opt/cantera/include/cantera/ext/sunnonlinsol/sunnonlinsol_petscsnes.h"
Install file: "include/cantera/ext/yaml-cpp/anchor.h" as "/opt/cantera/include/cantera/ext/yaml-cpp/anchor.h"
Install file: "include/cantera/ext/yaml-cpp/binary.h" as "/opt/cantera/include/cantera/ext/yaml-cpp/binary.h"
Install file: "include/cantera/ext/yaml-cpp/contrib/anchordict.h" as "/opt/cantera/include/cantera/ext/yaml-cpp/contrib/anchordict.h"
Install file: "include/cantera/ext/yaml-cpp/contrib/graphbuilder.h" as "/opt/cantera/include/cantera/ext/yaml-cpp/contrib/graphbuilder.h"
Install file: "include/cantera/ext/yaml-cpp/dll.h" as "/opt/cantera/include/cantera/ext/yaml-cpp/dll.h"
Install file: "include/cantera/ext/yaml-cpp/emitfromevents.h" as "/opt/cantera/include/cantera/ext/yaml-cpp/emitfromevents.h"
Install file: "include/cantera/ext/yaml-cpp/emitter.h" as "/opt/cantera/include/cantera/ext/yaml-cpp/emitter.h"
Install file: "include/cantera/ext/yaml-cpp/emitterdef.h" as "/opt/cantera/include/cantera/ext/yaml-cpp/emitterdef.h"
Install file: "include/cantera/ext/yaml-cpp/emittermanip.h" as "/opt/cantera/include/cantera/ext/yaml-cpp/emittermanip.h"
Install file: "include/cantera/ext/yaml-cpp/emitterstyle.h" as "/opt/cantera/include/cantera/ext/yaml-cpp/emitterstyle.h"
Install file: "include/cantera/ext/yaml-cpp/eventhandler.h" as "/opt/cantera/include/cantera/ext/yaml-cpp/eventhandler.h"
Install file: "include/cantera/ext/yaml-cpp/exceptions.h" as "/opt/cantera/include/cantera/ext/yaml-cpp/exceptions.h"
Install file: "include/cantera/ext/yaml-cpp/mark.h" as "/opt/cantera/include/cantera/ext/yaml-cpp/mark.h"
Install file: "include/cantera/ext/yaml-cpp/node/convert.h" as "/opt/cantera/include/cantera/ext/yaml-cpp/node/convert.h"
Install file: "include/cantera/ext/yaml-cpp/node/detail/bool_type.h" as "/opt/cantera/include/cantera/ext/yaml-cpp/node/detail/bool_type.h"
Install file: "include/cantera/ext/yaml-cpp/node/detail/impl.h" as "/opt/cantera/include/cantera/ext/yaml-cpp/node/detail/impl.h"
Install file: "include/cantera/ext/yaml-cpp/node/detail/iterator.h" as "/opt/cantera/include/cantera/ext/yaml-cpp/node/detail/iterator.h"
Install file: "include/cantera/ext/yaml-cpp/node/detail/iterator_fwd.h" as "/opt/cantera/include/cantera/ext/yaml-cpp/node/detail/iterator_fwd.h"
Install file: "include/cantera/ext/yaml-cpp/node/detail/memory.h" as "/opt/cantera/include/cantera/ext/yaml-cpp/node/detail/memory.h"
Install file: "include/cantera/ext/yaml-cpp/node/detail/node.h" as "/opt/cantera/include/cantera/ext/yaml-cpp/node/detail/node.h"
Install file: "include/cantera/ext/yaml-cpp/node/detail/node_data.h" as "/opt/cantera/include/cantera/ext/yaml-cpp/node/detail/node_data.h"
Install file: "include/cantera/ext/yaml-cpp/node/detail/node_iterator.h" as "/opt/cantera/include/cantera/ext/yaml-cpp/node/detail/node_iterator.h"
Install file: "include/cantera/ext/yaml-cpp/node/detail/node_ref.h" as "/opt/cantera/include/cantera/ext/yaml-cpp/node/detail/node_ref.h"
Install file: "include/cantera/ext/yaml-cpp/node/emit.h" as "/opt/cantera/include/cantera/ext/yaml-cpp/node/emit.h"
Install file: "include/cantera/ext/yaml-cpp/node/impl.h" as "/opt/cantera/include/cantera/ext/yaml-cpp/node/impl.h"
Install file: "include/cantera/ext/yaml-cpp/node/iterator.h" as "/opt/cantera/include/cantera/ext/yaml-cpp/node/iterator.h"
Install file: "include/cantera/ext/yaml-cpp/node/node.h" as "/opt/cantera/include/cantera/ext/yaml-cpp/node/node.h"
Install file: "include/cantera/ext/yaml-cpp/node/parse.h" as "/opt/cantera/include/cantera/ext/yaml-cpp/node/parse.h"
Install file: "include/cantera/ext/yaml-cpp/node/ptr.h" as "/opt/cantera/include/cantera/ext/yaml-cpp/node/ptr.h"
Install file: "include/cantera/ext/yaml-cpp/node/type.h" as "/opt/cantera/include/cantera/ext/yaml-cpp/node/type.h"
Install file: "include/cantera/ext/yaml-cpp/null.h" as "/opt/cantera/include/cantera/ext/yaml-cpp/null.h"
Install file: "include/cantera/ext/yaml-cpp/ostream_wrapper.h" as "/opt/cantera/include/cantera/ext/yaml-cpp/ostream_wrapper.h"
Install file: "include/cantera/ext/yaml-cpp/parser.h" as "/opt/cantera/include/cantera/ext/yaml-cpp/parser.h"
Install file: "include/cantera/ext/yaml-cpp/stlemitter.h" as "/opt/cantera/include/cantera/ext/yaml-cpp/stlemitter.h"
Install file: "include/cantera/ext/yaml-cpp/traits.h" as "/opt/cantera/include/cantera/ext/yaml-cpp/traits.h"
Install file: "include/cantera/ext/yaml-cpp/yaml.h" as "/opt/cantera/include/cantera/ext/yaml-cpp/yaml.h"
Install file: "include/cantera/kinetics/Arrhenius.h" as "/opt/cantera/include/cantera/kinetics/Arrhenius.h"
Install file: "include/cantera/kinetics/BlowersMaselRate.h" as "/opt/cantera/include/cantera/kinetics/BlowersMaselRate.h"
Install file: "include/cantera/kinetics/BulkKinetics.h" as "/opt/cantera/include/cantera/kinetics/BulkKinetics.h"
Install file: "include/cantera/kinetics/ChebyshevRate.h" as "/opt/cantera/include/cantera/kinetics/ChebyshevRate.h"
Install file: "include/cantera/kinetics/Custom.h" as "/opt/cantera/include/cantera/kinetics/Custom.h"
Install file: "include/cantera/kinetics/EdgeKinetics.h" as "/opt/cantera/include/cantera/kinetics/EdgeKinetics.h"
Install file: "include/cantera/kinetics/Falloff.h" as "/opt/cantera/include/cantera/kinetics/Falloff.h"
Install file: "include/cantera/kinetics/FalloffFactory.h" as "/opt/cantera/include/cantera/kinetics/FalloffFactory.h"
Install file: "include/cantera/kinetics/FalloffMgr.h" as "/opt/cantera/include/cantera/kinetics/FalloffMgr.h"
Install file: "include/cantera/kinetics/GasKinetics.h" as "/opt/cantera/include/cantera/kinetics/GasKinetics.h"
Install file: "include/cantera/kinetics/Group.h" as "/opt/cantera/include/cantera/kinetics/Group.h"
Install file: "include/cantera/kinetics/ImplicitSurfChem.h" as "/opt/cantera/include/cantera/kinetics/ImplicitSurfChem.h"
Install file: "include/cantera/kinetics/InterfaceKinetics.h" as "/opt/cantera/include/cantera/kinetics/InterfaceKinetics.h"
Install file: "include/cantera/kinetics/InterfaceRate.h" as "/opt/cantera/include/cantera/kinetics/InterfaceRate.h"
Install file: "include/cantera/kinetics/Kinetics.h" as "/opt/cantera/include/cantera/kinetics/Kinetics.h"
Install file: "include/cantera/kinetics/KineticsFactory.h" as "/opt/cantera/include/cantera/kinetics/KineticsFactory.h"
Install file: "include/cantera/kinetics/MultiRate.h" as "/opt/cantera/include/cantera/kinetics/MultiRate.h"
Install file: "include/cantera/kinetics/MultiRateBase.h" as "/opt/cantera/include/cantera/kinetics/MultiRateBase.h"
Install file: "include/cantera/kinetics/PlogRate.h" as "/opt/cantera/include/cantera/kinetics/PlogRate.h"
Install file: "include/cantera/kinetics/RateCoeffMgr.h" as "/opt/cantera/include/cantera/kinetics/RateCoeffMgr.h"
Install file: "include/cantera/kinetics/Reaction.h" as "/opt/cantera/include/cantera/kinetics/Reaction.h"
Install file: "include/cantera/kinetics/ReactionData.h" as "/opt/cantera/include/cantera/kinetics/ReactionData.h"
Install file: "include/cantera/kinetics/ReactionPath.h" as "/opt/cantera/include/cantera/kinetics/ReactionPath.h"
Install file: "include/cantera/kinetics/ReactionRate.h" as "/opt/cantera/include/cantera/kinetics/ReactionRate.h"
Install file: "include/cantera/kinetics/ReactionRateFactory.h" as "/opt/cantera/include/cantera/kinetics/ReactionRateFactory.h"
Install file: "include/cantera/kinetics/RxnRates.h" as "/opt/cantera/include/cantera/kinetics/RxnRates.h"
Install file: "include/cantera/kinetics/StoichManager.h" as "/opt/cantera/include/cantera/kinetics/StoichManager.h"
Install file: "include/cantera/kinetics/ThirdBodyCalc.h" as "/opt/cantera/include/cantera/kinetics/ThirdBodyCalc.h"
Install file: "include/cantera/kinetics/TwoTempPlasmaRate.h" as "/opt/cantera/include/cantera/kinetics/TwoTempPlasmaRate.h"
Install file: "include/cantera/kinetics/importKinetics.h" as "/opt/cantera/include/cantera/kinetics/importKinetics.h"
Install file: "include/cantera/kinetics/reaction_defs.h" as "/opt/cantera/include/cantera/kinetics/reaction_defs.h"
Install file: "include/cantera/kinetics/solveSP.h" as "/opt/cantera/include/cantera/kinetics/solveSP.h"
Install file: "include/cantera/kinetics.h" as "/opt/cantera/include/cantera/kinetics.h"
Install file: "include/cantera/numerics/BandMatrix.h" as "/opt/cantera/include/cantera/numerics/BandMatrix.h"
Install file: "include/cantera/numerics/CVodesIntegrator.h" as "/opt/cantera/include/cantera/numerics/CVodesIntegrator.h"
Install file: "include/cantera/numerics/DAE_Solver.h" as "/opt/cantera/include/cantera/numerics/DAE_Solver.h"
Install file: "include/cantera/numerics/DenseMatrix.h" as "/opt/cantera/include/cantera/numerics/DenseMatrix.h"
Install file: "include/cantera/numerics/Func1.h" as "/opt/cantera/include/cantera/numerics/Func1.h"
Install file: "include/cantera/numerics/FuncEval.h" as "/opt/cantera/include/cantera/numerics/FuncEval.h"
Install file: "include/cantera/numerics/GeneralMatrix.h" as "/opt/cantera/include/cantera/numerics/GeneralMatrix.h"
Install file: "include/cantera/numerics/IDA_Solver.h" as "/opt/cantera/include/cantera/numerics/IDA_Solver.h"
Install file: "include/cantera/numerics/Integrator.h" as "/opt/cantera/include/cantera/numerics/Integrator.h"
Install file: "include/cantera/numerics/ResidEval.h" as "/opt/cantera/include/cantera/numerics/ResidEval.h"
Install file: "include/cantera/numerics/ResidJacEval.h" as "/opt/cantera/include/cantera/numerics/ResidJacEval.h"
Install file: "include/cantera/numerics/SundialsContext.h" as "/opt/cantera/include/cantera/numerics/SundialsContext.h"
Install file: "include/cantera/numerics/ctlapack.h" as "/opt/cantera/include/cantera/numerics/ctlapack.h"
Install file: "include/cantera/numerics/eigen_dense.h" as "/opt/cantera/include/cantera/numerics/eigen_dense.h"
Install file: "include/cantera/numerics/eigen_sparse.h" as "/opt/cantera/include/cantera/numerics/eigen_sparse.h"
Install file: "include/cantera/numerics/funcs.h" as "/opt/cantera/include/cantera/numerics/funcs.h"
Install file: "include/cantera/numerics/polyfit.h" as "/opt/cantera/include/cantera/numerics/polyfit.h"
Install file: "include/cantera/oneD/Boundary1D.h" as "/opt/cantera/include/cantera/oneD/Boundary1D.h"
Install file: "include/cantera/oneD/Domain1D.h" as "/opt/cantera/include/cantera/oneD/Domain1D.h"
Install file: "include/cantera/oneD/Inlet1D.h" as "/opt/cantera/include/cantera/oneD/Inlet1D.h"
Install file: "include/cantera/oneD/IonFlow.h" as "/opt/cantera/include/cantera/oneD/IonFlow.h"
Install file: "include/cantera/oneD/MultiJac.h" as "/opt/cantera/include/cantera/oneD/MultiJac.h"
Install file: "include/cantera/oneD/MultiNewton.h" as "/opt/cantera/include/cantera/oneD/MultiNewton.h"
Install file: "include/cantera/oneD/OneDim.h" as "/opt/cantera/include/cantera/oneD/OneDim.h"
Install file: "include/cantera/oneD/Sim1D.h" as "/opt/cantera/include/cantera/oneD/Sim1D.h"
Install file: "include/cantera/oneD/StFlow.h" as "/opt/cantera/include/cantera/oneD/StFlow.h"
Install file: "include/cantera/oneD/refine.h" as "/opt/cantera/include/cantera/oneD/refine.h"
Install file: "include/cantera/onedim.h" as "/opt/cantera/include/cantera/onedim.h"
Install file: "include/cantera/reactionpaths.h" as "/opt/cantera/include/cantera/reactionpaths.h"
Install file: "include/cantera/test/gtest_utils.h" as "/opt/cantera/include/cantera/test/gtest_utils.h"
Install file: "include/cantera/thermo/BinarySolutionTabulatedThermo.h" as "/opt/cantera/include/cantera/thermo/BinarySolutionTabulatedThermo.h"
Install file: "include/cantera/thermo/ConstCpPoly.h" as "/opt/cantera/include/cantera/thermo/ConstCpPoly.h"
Install file: "include/cantera/thermo/DebyeHuckel.h" as "/opt/cantera/include/cantera/thermo/DebyeHuckel.h"
Install file: "include/cantera/thermo/EdgePhase.h" as "/opt/cantera/include/cantera/thermo/EdgePhase.h"
Install file: "include/cantera/thermo/Elements.h" as "/opt/cantera/include/cantera/thermo/Elements.h"
Install file: "include/cantera/thermo/GibbsExcessVPSSTP.h" as "/opt/cantera/include/cantera/thermo/GibbsExcessVPSSTP.h"
Install file: "include/cantera/thermo/HMWSoln.h" as "/opt/cantera/include/cantera/thermo/HMWSoln.h"
Install file: "include/cantera/thermo/IdealGasPhase.h" as "/opt/cantera/include/cantera/thermo/IdealGasPhase.h"
Install file: "include/cantera/thermo/IdealMolalSoln.h" as "/opt/cantera/include/cantera/thermo/IdealMolalSoln.h"
Install file: "include/cantera/thermo/IdealSolidSolnPhase.h" as "/opt/cantera/include/cantera/thermo/IdealSolidSolnPhase.h"
Install file: "include/cantera/thermo/IdealSolnGasVPSS.h" as "/opt/cantera/include/cantera/thermo/IdealSolnGasVPSS.h"
Install file: "include/cantera/thermo/IonsFromNeutralVPSSTP.h" as "/opt/cantera/include/cantera/thermo/IonsFromNeutralVPSSTP.h"
Install file: "include/cantera/thermo/LatticePhase.h" as "/opt/cantera/include/cantera/thermo/LatticePhase.h"
Install file: "include/cantera/thermo/LatticeSolidPhase.h" as "/opt/cantera/include/cantera/thermo/LatticeSolidPhase.h"
Install file: "include/cantera/thermo/MargulesVPSSTP.h" as "/opt/cantera/include/cantera/thermo/MargulesVPSSTP.h"
Install file: "include/cantera/thermo/MaskellSolidSolnPhase.h" as "/opt/cantera/include/cantera/thermo/MaskellSolidSolnPhase.h"
Install file: "include/cantera/thermo/MetalPhase.h" as "/opt/cantera/include/cantera/thermo/MetalPhase.h"
Install file: "include/cantera/thermo/MixtureFugacityTP.h" as "/opt/cantera/include/cantera/thermo/MixtureFugacityTP.h"
Install file: "include/cantera/thermo/MolalityVPSSTP.h" as "/opt/cantera/include/cantera/thermo/MolalityVPSSTP.h"
Install file: "include/cantera/thermo/Mu0Poly.h" as "/opt/cantera/include/cantera/thermo/Mu0Poly.h"
Install file: "include/cantera/thermo/MultiSpeciesThermo.h" as "/opt/cantera/include/cantera/thermo/MultiSpeciesThermo.h"
Install file: "include/cantera/thermo/Nasa9Poly1.h" as "/opt/cantera/include/cantera/thermo/Nasa9Poly1.h"
Install file: "include/cantera/thermo/Nasa9PolyMultiTempRegion.h" as "/opt/cantera/include/cantera/thermo/Nasa9PolyMultiTempRegion.h"
Install file: "include/cantera/thermo/NasaPoly1.h" as "/opt/cantera/include/cantera/thermo/NasaPoly1.h"
Install file: "include/cantera/thermo/NasaPoly2.h" as "/opt/cantera/include/cantera/thermo/NasaPoly2.h"
Install file: "include/cantera/thermo/PDSS.h" as "/opt/cantera/include/cantera/thermo/PDSS.h"
Install file: "include/cantera/thermo/PDSSFactory.h" as "/opt/cantera/include/cantera/thermo/PDSSFactory.h"
Install file: "include/cantera/thermo/PDSS_ConstVol.h" as "/opt/cantera/include/cantera/thermo/PDSS_ConstVol.h"
Install file: "include/cantera/thermo/PDSS_HKFT.h" as "/opt/cantera/include/cantera/thermo/PDSS_HKFT.h"
Install file: "include/cantera/thermo/PDSS_IdealGas.h" as "/opt/cantera/include/cantera/thermo/PDSS_IdealGas.h"
Install file: "include/cantera/thermo/PDSS_IonsFromNeutral.h" as "/opt/cantera/include/cantera/thermo/PDSS_IonsFromNeutral.h"
Install file: "include/cantera/thermo/PDSS_SSVol.h" as "/opt/cantera/include/cantera/thermo/PDSS_SSVol.h"
Install file: "include/cantera/thermo/PDSS_Water.h" as "/opt/cantera/include/cantera/thermo/PDSS_Water.h"
Install file: "include/cantera/thermo/PengRobinson.h" as "/opt/cantera/include/cantera/thermo/PengRobinson.h"
Install file: "include/cantera/thermo/Phase.h" as "/opt/cantera/include/cantera/thermo/Phase.h"
Install file: "include/cantera/thermo/PlasmaPhase.h" as "/opt/cantera/include/cantera/thermo/PlasmaPhase.h"
Install file: "include/cantera/thermo/PureFluidPhase.h" as "/opt/cantera/include/cantera/thermo/PureFluidPhase.h"
Install file: "include/cantera/thermo/RedlichKisterVPSSTP.h" as "/opt/cantera/include/cantera/thermo/RedlichKisterVPSSTP.h"
Install file: "include/cantera/thermo/RedlichKwongMFTP.h" as "/opt/cantera/include/cantera/thermo/RedlichKwongMFTP.h"
Install file: "include/cantera/thermo/ShomatePoly.h" as "/opt/cantera/include/cantera/thermo/ShomatePoly.h"
Install file: "include/cantera/thermo/SingleSpeciesTP.h" as "/opt/cantera/include/cantera/thermo/SingleSpeciesTP.h"
Install file: "include/cantera/thermo/Species.h" as "/opt/cantera/include/cantera/thermo/Species.h"
Install file: "include/cantera/thermo/SpeciesThermoFactory.h" as "/opt/cantera/include/cantera/thermo/SpeciesThermoFactory.h"
Install file: "include/cantera/thermo/SpeciesThermoInterpType.h" as "/opt/cantera/include/cantera/thermo/SpeciesThermoInterpType.h"
Install file: "include/cantera/thermo/StoichSubstance.h" as "/opt/cantera/include/cantera/thermo/StoichSubstance.h"
Install file: "include/cantera/thermo/SurfPhase.h" as "/opt/cantera/include/cantera/thermo/SurfPhase.h"
Install file: "include/cantera/thermo/ThermoFactory.h" as "/opt/cantera/include/cantera/thermo/ThermoFactory.h"
Install file: "include/cantera/thermo/ThermoPhase.h" as "/opt/cantera/include/cantera/thermo/ThermoPhase.h"
Install file: "include/cantera/thermo/VPStandardStateTP.h" as "/opt/cantera/include/cantera/thermo/VPStandardStateTP.h"
Install file: "include/cantera/thermo/WaterProps.h" as "/opt/cantera/include/cantera/thermo/WaterProps.h"
Install file: "include/cantera/thermo/WaterPropsIAPWS.h" as "/opt/cantera/include/cantera/thermo/WaterPropsIAPWS.h"
Install file: "include/cantera/thermo/WaterPropsIAPWSphi.h" as "/opt/cantera/include/cantera/thermo/WaterPropsIAPWSphi.h"
Install file: "include/cantera/thermo/WaterSSTP.h" as "/opt/cantera/include/cantera/thermo/WaterSSTP.h"
Install file: "include/cantera/thermo/electrolytes.h" as "/opt/cantera/include/cantera/thermo/electrolytes.h"
Install file: "include/cantera/thermo/speciesThermoTypes.h" as "/opt/cantera/include/cantera/thermo/speciesThermoTypes.h"
Install file: "include/cantera/thermo.h" as "/opt/cantera/include/cantera/thermo.h"
Install file: "include/cantera/tpx/Sub.h" as "/opt/cantera/include/cantera/tpx/Sub.h"
Install file: "include/cantera/tpx/utils.h" as "/opt/cantera/include/cantera/tpx/utils.h"
Install file: "include/cantera/transport/DustyGasTransport.h" as "/opt/cantera/include/cantera/transport/DustyGasTransport.h"
Install file: "include/cantera/transport/GasTransport.h" as "/opt/cantera/include/cantera/transport/GasTransport.h"
Install file: "include/cantera/transport/HighPressureGasTransport.h" as "/opt/cantera/include/cantera/transport/HighPressureGasTransport.h"
Install file: "include/cantera/transport/IonGasTransport.h" as "/opt/cantera/include/cantera/transport/IonGasTransport.h"
Install file: "include/cantera/transport/MixTransport.h" as "/opt/cantera/include/cantera/transport/MixTransport.h"
Install file: "include/cantera/transport/MultiTransport.h" as "/opt/cantera/include/cantera/transport/MultiTransport.h"
Install file: "include/cantera/transport/TransportBase.h" as "/opt/cantera/include/cantera/transport/TransportBase.h"
Install file: "include/cantera/transport/TransportData.h" as "/opt/cantera/include/cantera/transport/TransportData.h"
Install file: "include/cantera/transport/TransportFactory.h" as "/opt/cantera/include/cantera/transport/TransportFactory.h"
Install file: "include/cantera/transport/UnityLewisTransport.h" as "/opt/cantera/include/cantera/transport/UnityLewisTransport.h"
Install file: "include/cantera/transport/WaterTransport.h" as "/opt/cantera/include/cantera/transport/WaterTransport.h"
Install file: "include/cantera/transport.h" as "/opt/cantera/include/cantera/transport.h"
Install file: "include/cantera/zeroD/ConstPressureReactor.h" as "/opt/cantera/include/cantera/zeroD/ConstPressureReactor.h"
Install file: "include/cantera/zeroD/FlowDevice.h" as "/opt/cantera/include/cantera/zeroD/FlowDevice.h"
Install file: "include/cantera/zeroD/FlowDeviceFactory.h" as "/opt/cantera/include/cantera/zeroD/FlowDeviceFactory.h"
Install file: "include/cantera/zeroD/FlowReactor.h" as "/opt/cantera/include/cantera/zeroD/FlowReactor.h"
Install file: "include/cantera/zeroD/IdealGasConstPressureReactor.h" as "/opt/cantera/include/cantera/zeroD/IdealGasConstPressureReactor.h"
Install file: "include/cantera/zeroD/IdealGasReactor.h" as "/opt/cantera/include/cantera/zeroD/IdealGasReactor.h"
Install file: "include/cantera/zeroD/Reactor.h" as "/opt/cantera/include/cantera/zeroD/Reactor.h"
Install file: "include/cantera/zeroD/ReactorBase.h" as "/opt/cantera/include/cantera/zeroD/ReactorBase.h"
Install file: "include/cantera/zeroD/ReactorDelegator.h" as "/opt/cantera/include/cantera/zeroD/ReactorDelegator.h"
Install file: "include/cantera/zeroD/ReactorFactory.h" as "/opt/cantera/include/cantera/zeroD/ReactorFactory.h"
Install file: "include/cantera/zeroD/ReactorNet.h" as "/opt/cantera/include/cantera/zeroD/ReactorNet.h"
Install file: "include/cantera/zeroD/ReactorSurface.h" as "/opt/cantera/include/cantera/zeroD/ReactorSurface.h"
Install file: "include/cantera/zeroD/Reservoir.h" as "/opt/cantera/include/cantera/zeroD/Reservoir.h"
Install file: "include/cantera/zeroD/Wall.h" as "/opt/cantera/include/cantera/zeroD/Wall.h"
Install file: "include/cantera/zeroD/WallFactory.h" as "/opt/cantera/include/cantera/zeroD/WallFactory.h"
Install file: "include/cantera/zeroD/flowControllers.h" as "/opt/cantera/include/cantera/zeroD/flowControllers.h"
Install file: "include/cantera/zerodim.h" as "/opt/cantera/include/cantera/zerodim.h"
Install file: "build/data/KOH.cti" as "/opt/cantera/share/cantera/data/KOH.cti"
Install file: "build/data/KOH.xml" as "/opt/cantera/share/cantera/data/KOH.xml"
Install file: "build/data/KOH.yaml" as "/opt/cantera/share/cantera/data/KOH.yaml"
Install file: "build/data/air.cti" as "/opt/cantera/share/cantera/data/air.cti"
Install file: "build/data/air.xml" as "/opt/cantera/share/cantera/data/air.xml"
Install file: "build/data/air.yaml" as "/opt/cantera/share/cantera/data/air.yaml"
Install file: "build/data/airNASA9.cti" as "/opt/cantera/share/cantera/data/airNASA9.cti"
Install file: "build/data/airNASA9.xml" as "/opt/cantera/share/cantera/data/airNASA9.xml"
Install file: "build/data/airNASA9.yaml" as "/opt/cantera/share/cantera/data/airNASA9.yaml"
Install file: "build/data/argon.cti" as "/opt/cantera/share/cantera/data/argon.cti"
Install file: "build/data/argon.xml" as "/opt/cantera/share/cantera/data/argon.xml"
Install file: "build/data/critical-properties.yaml" as "/opt/cantera/share/cantera/data/critical-properties.yaml"
Install file: "build/data/diamond.cti" as "/opt/cantera/share/cantera/data/diamond.cti"
Install file: "build/data/diamond.xml" as "/opt/cantera/share/cantera/data/diamond.xml"
Install file: "build/data/diamond.yaml" as "/opt/cantera/share/cantera/data/diamond.yaml"
Install file: "build/data/element-standard-entropies.yaml" as "/opt/cantera/share/cantera/data/element-standard-entropies.yaml"
Install file: "build/data/elements.xml" as "/opt/cantera/share/cantera/data/elements.xml"
Install file: "build/data/graphite.cti" as "/opt/cantera/share/cantera/data/graphite.cti"
Install file: "build/data/graphite.xml" as "/opt/cantera/share/cantera/data/graphite.xml"
Install file: "build/data/graphite.yaml" as "/opt/cantera/share/cantera/data/graphite.yaml"
Install file: "build/data/gri30.cti" as "/opt/cantera/share/cantera/data/gri30.cti"
Install file: "build/data/gri30.xml" as "/opt/cantera/share/cantera/data/gri30.xml"
Install file: "build/data/gri30.yaml" as "/opt/cantera/share/cantera/data/gri30.yaml"
Install file: "build/data/gri30_highT.cti" as "/opt/cantera/share/cantera/data/gri30_highT.cti"
Install file: "build/data/gri30_highT.xml" as "/opt/cantera/share/cantera/data/gri30_highT.xml"
Install file: "build/data/gri30_highT.yaml" as "/opt/cantera/share/cantera/data/gri30_highT.yaml"
Install file: "build/data/gri30_ion.cti" as "/opt/cantera/share/cantera/data/gri30_ion.cti"
Install file: "build/data/gri30_ion.xml" as "/opt/cantera/share/cantera/data/gri30_ion.xml"
Install file: "build/data/gri30_ion.yaml" as "/opt/cantera/share/cantera/data/gri30_ion.yaml"
Install file: "build/data/h2o2.cti" as "/opt/cantera/share/cantera/data/h2o2.cti"
Install file: "build/data/h2o2.xml" as "/opt/cantera/share/cantera/data/h2o2.xml"
Install file: "build/data/h2o2.yaml" as "/opt/cantera/share/cantera/data/h2o2.yaml"
Install file: "build/data/liquidvapor.cti" as "/opt/cantera/share/cantera/data/liquidvapor.cti"
Install file: "build/data/liquidvapor.xml" as "/opt/cantera/share/cantera/data/liquidvapor.xml"
Install file: "build/data/liquidvapor.yaml" as "/opt/cantera/share/cantera/data/liquidvapor.yaml"
Install file: "build/data/lithium_ion_battery.cti" as "/opt/cantera/share/cantera/data/lithium_ion_battery.cti"
Install file: "build/data/lithium_ion_battery.xml" as "/opt/cantera/share/cantera/data/lithium_ion_battery.xml"
Install file: "build/data/lithium_ion_battery.yaml" as "/opt/cantera/share/cantera/data/lithium_ion_battery.yaml"
Install file: "build/data/methane_pox_on_pt.cti" as "/opt/cantera/share/cantera/data/methane_pox_on_pt.cti"
Install file: "build/data/methane_pox_on_pt.xml" as "/opt/cantera/share/cantera/data/methane_pox_on_pt.xml"
Install file: "build/data/methane_pox_on_pt.yaml" as "/opt/cantera/share/cantera/data/methane_pox_on_pt.yaml"
Install file: "build/data/nDodecane_Reitz.cti" as "/opt/cantera/share/cantera/data/nDodecane_Reitz.cti"
Install file: "build/data/nDodecane_Reitz.xml" as "/opt/cantera/share/cantera/data/nDodecane_Reitz.xml"
Install file: "build/data/nDodecane_Reitz.yaml" as "/opt/cantera/share/cantera/data/nDodecane_Reitz.yaml"
Install file: "build/data/nasa.cti" as "/opt/cantera/share/cantera/data/nasa.cti"
Install file: "build/data/nasa.xml" as "/opt/cantera/share/cantera/data/nasa.xml"
Install file: "build/data/nasa_condensed.cti" as "/opt/cantera/share/cantera/data/nasa_condensed.cti"
Install file: "build/data/nasa_condensed.xml" as "/opt/cantera/share/cantera/data/nasa_condensed.xml"
Install file: "build/data/nasa_condensed.yaml" as "/opt/cantera/share/cantera/data/nasa_condensed.yaml"
Install file: "build/data/nasa_gas.cti" as "/opt/cantera/share/cantera/data/nasa_gas.cti"
Install file: "build/data/nasa_gas.xml" as "/opt/cantera/share/cantera/data/nasa_gas.xml"
Install file: "build/data/nasa_gas.yaml" as "/opt/cantera/share/cantera/data/nasa_gas.yaml"
Install file: "build/data/ohn.cti" as "/opt/cantera/share/cantera/data/ohn.cti"
Install file: "build/data/ohn.xml" as "/opt/cantera/share/cantera/data/ohn.xml"
Install file: "build/data/ohn.yaml" as "/opt/cantera/share/cantera/data/ohn.yaml"
Install file: "build/data/ptcombust.cti" as "/opt/cantera/share/cantera/data/ptcombust.cti"
Install file: "build/data/ptcombust.xml" as "/opt/cantera/share/cantera/data/ptcombust.xml"
Install file: "build/data/ptcombust.yaml" as "/opt/cantera/share/cantera/data/ptcombust.yaml"
Install file: "build/data/silane.cti" as "/opt/cantera/share/cantera/data/silane.cti"
Install file: "build/data/silane.xml" as "/opt/cantera/share/cantera/data/silane.xml"
Install file: "build/data/silane.yaml" as "/opt/cantera/share/cantera/data/silane.yaml"
Install file: "build/data/silicon.cti" as "/opt/cantera/share/cantera/data/silicon.cti"
Install file: "build/data/silicon.xml" as "/opt/cantera/share/cantera/data/silicon.xml"
Install file: "build/data/silicon.yaml" as "/opt/cantera/share/cantera/data/silicon.yaml"
Install file: "build/data/silicon_carbide.cti" as "/opt/cantera/share/cantera/data/silicon_carbide.cti"
Install file: "build/data/silicon_carbide.xml" as "/opt/cantera/share/cantera/data/silicon_carbide.xml"
Install file: "build/data/silicon_carbide.yaml" as "/opt/cantera/share/cantera/data/silicon_carbide.yaml"
Install file: "build/data/sofc.cti" as "/opt/cantera/share/cantera/data/sofc.cti"
Install file: "build/data/sofc.xml" as "/opt/cantera/share/cantera/data/sofc.xml"
Install file: "build/data/sofc.yaml" as "/opt/cantera/share/cantera/data/sofc.yaml"
Install file: "build/data/water.cti" as "/opt/cantera/share/cantera/data/water.cti"
Install file: "build/data/water.xml" as "/opt/cantera/share/cantera/data/water.xml"
Install file: "build/data/water.yaml" as "/opt/cantera/share/cantera/data/water.yaml"
Install file: "build/ext/LICENSE.txt" as "/opt/cantera/share/cantera/doc/LICENSE.txt"
Install file: "build/lib/libcantera.a" as "/opt/cantera/lib/libcantera.a"
Install file: "build/lib/libcantera_shared.so.2.6.0" as "/opt/cantera/lib/libcantera_shared.so.2.6.0"
Install file: "platform/posix/man/ck2cti.1" as "/opt/cantera/share/man/man1/ck2cti.1"
Install file: "platform/posix/man/ck2yaml.1" as "/opt/cantera/share/man/man1/ck2yaml.1"
Install file: "platform/posix/man/cti2yaml.1" as "/opt/cantera/share/man/man1/cti2yaml.1"
Install file: "platform/posix/man/ctml2yaml.1" as "/opt/cantera/share/man/man1/ctml2yaml.1"
Install file: "platform/posix/man/ctml_writer.1" as "/opt/cantera/share/man/man1/ctml_writer.1"
copy_var(["build/platform/setup_cantera"], ["platform/posix/setup_cantera.in"])
Substituting vars from platform/posix/setup_cantera.in to build/platform/setup_cantera
Install file: "build/platform/setup_cantera" as "/opt/cantera/bin/setup_cantera"
copy_var(["build/platform/setup_cantera.csh"], ["platform/posix/setup_cantera.csh.in"])
Substituting vars from platform/posix/setup_cantera.csh.in to build/platform/setup_cantera.csh
Install file: "build/platform/setup_cantera.csh" as "/opt/cantera/bin/setup_cantera.csh"
Install file: "build/platform/Cantera.mak" as "/opt/cantera/include/cantera/Cantera.mak"
Install file: "build/platform/cantera.pc" as "/opt/cantera/lib/pkgconfig/cantera.pc"
Substituting vars from samples/cxx/SConstruct.in to build/samples/cxx/combustor/SConstruct
Install file: "build/samples/cxx/combustor/SConstruct" as "/opt/cantera/share/cantera/samples/cxx/combustor/SConstruct"
Substituting vars from samples/cxx/CMakeLists.txt.in to build/samples/cxx/combustor/CMakeLists.txt
Install file: "build/samples/cxx/combustor/CMakeLists.txt" as "/opt/cantera/share/cantera/samples/cxx/combustor/CMakeLists.txt"
Install file: "build/samples/cxx/combustor/Makefile" as "/opt/cantera/share/cantera/samples/cxx/combustor/Makefile"
Substituting vars from samples/cxx/SConstruct.in to build/samples/cxx/custom/SConstruct
Install file: "build/samples/cxx/custom/SConstruct" as "/opt/cantera/share/cantera/samples/cxx/custom/SConstruct"
Substituting vars from samples/cxx/CMakeLists.txt.in to build/samples/cxx/custom/CMakeLists.txt
Install file: "build/samples/cxx/custom/CMakeLists.txt" as "/opt/cantera/share/cantera/samples/cxx/custom/CMakeLists.txt"
Install file: "build/samples/cxx/custom/Makefile" as "/opt/cantera/share/cantera/samples/cxx/custom/Makefile"
Substituting vars from samples/cxx/SConstruct.in to build/samples/cxx/demo/SConstruct
Install file: "build/samples/cxx/demo/SConstruct" as "/opt/cantera/share/cantera/samples/cxx/demo/SConstruct"
Substituting vars from samples/cxx/CMakeLists.txt.in to build/samples/cxx/demo/CMakeLists.txt
Install file: "build/samples/cxx/demo/CMakeLists.txt" as "/opt/cantera/share/cantera/samples/cxx/demo/CMakeLists.txt"
Install file: "build/samples/cxx/demo/Makefile" as "/opt/cantera/share/cantera/samples/cxx/demo/Makefile"
Substituting vars from samples/cxx/SConstruct.in to build/samples/cxx/flamespeed/SConstruct
Install file: "build/samples/cxx/flamespeed/SConstruct" as "/opt/cantera/share/cantera/samples/cxx/flamespeed/SConstruct"
Substituting vars from samples/cxx/CMakeLists.txt.in to build/samples/cxx/flamespeed/CMakeLists.txt
Install file: "build/samples/cxx/flamespeed/CMakeLists.txt" as "/opt/cantera/share/cantera/samples/cxx/flamespeed/CMakeLists.txt"
Install file: "build/samples/cxx/flamespeed/Makefile" as "/opt/cantera/share/cantera/samples/cxx/flamespeed/Makefile"
Substituting vars from samples/cxx/SConstruct.in to build/samples/cxx/kinetics1/SConstruct
Install file: "build/samples/cxx/kinetics1/SConstruct" as "/opt/cantera/share/cantera/samples/cxx/kinetics1/SConstruct"
Substituting vars from samples/cxx/CMakeLists.txt.in to build/samples/cxx/kinetics1/CMakeLists.txt
Install file: "build/samples/cxx/kinetics1/CMakeLists.txt" as "/opt/cantera/share/cantera/samples/cxx/kinetics1/CMakeLists.txt"
Install file: "build/samples/cxx/kinetics1/Makefile" as "/opt/cantera/share/cantera/samples/cxx/kinetics1/Makefile"
Substituting vars from samples/cxx/SConstruct.in to build/samples/cxx/jacobian/SConstruct
Install file: "build/samples/cxx/jacobian/SConstruct" as "/opt/cantera/share/cantera/samples/cxx/jacobian/SConstruct"
Substituting vars from samples/cxx/CMakeLists.txt.in to build/samples/cxx/jacobian/CMakeLists.txt
Install file: "build/samples/cxx/jacobian/CMakeLists.txt" as "/opt/cantera/share/cantera/samples/cxx/jacobian/CMakeLists.txt"
Install file: "build/samples/cxx/jacobian/Makefile" as "/opt/cantera/share/cantera/samples/cxx/jacobian/Makefile"
Substituting vars from samples/cxx/SConstruct.in to build/samples/cxx/gas_transport/SConstruct
Install file: "build/samples/cxx/gas_transport/SConstruct" as "/opt/cantera/share/cantera/samples/cxx/gas_transport/SConstruct"
Substituting vars from samples/cxx/CMakeLists.txt.in to build/samples/cxx/gas_transport/CMakeLists.txt
Install file: "build/samples/cxx/gas_transport/CMakeLists.txt" as "/opt/cantera/share/cantera/samples/cxx/gas_transport/CMakeLists.txt"
Install file: "build/samples/cxx/gas_transport/Makefile" as "/opt/cantera/share/cantera/samples/cxx/gas_transport/Makefile"
Substituting vars from samples/cxx/SConstruct.in to build/samples/cxx/rankine/SConstruct
Install file: "build/samples/cxx/rankine/SConstruct" as "/opt/cantera/share/cantera/samples/cxx/rankine/SConstruct"
Substituting vars from samples/cxx/CMakeLists.txt.in to build/samples/cxx/rankine/CMakeLists.txt
Install file: "build/samples/cxx/rankine/CMakeLists.txt" as "/opt/cantera/share/cantera/samples/cxx/rankine/CMakeLists.txt"
Install file: "build/samples/cxx/rankine/Makefile" as "/opt/cantera/share/cantera/samples/cxx/rankine/Makefile"
Substituting vars from samples/cxx/SConstruct.in to build/samples/cxx/LiC6_electrode/SConstruct
Install file: "build/samples/cxx/LiC6_electrode/SConstruct" as "/opt/cantera/share/cantera/samples/cxx/LiC6_electrode/SConstruct"
Substituting vars from samples/cxx/CMakeLists.txt.in to build/samples/cxx/LiC6_electrode/CMakeLists.txt
Install file: "build/samples/cxx/LiC6_electrode/CMakeLists.txt" as "/opt/cantera/share/cantera/samples/cxx/LiC6_electrode/CMakeLists.txt"
Install file: "build/samples/cxx/LiC6_electrode/Makefile" as "/opt/cantera/share/cantera/samples/cxx/LiC6_electrode/Makefile"
Substituting vars from samples/cxx/SConstruct.in to build/samples/cxx/openmp_ignition/SConstruct
Install file: "build/samples/cxx/openmp_ignition/SConstruct" as "/opt/cantera/share/cantera/samples/cxx/openmp_ignition/SConstruct"
Substituting vars from samples/cxx/CMakeLists.txt.in to build/samples/cxx/openmp_ignition/CMakeLists.txt
Install file: "build/samples/cxx/openmp_ignition/CMakeLists.txt" as "/opt/cantera/share/cantera/samples/cxx/openmp_ignition/CMakeLists.txt"
Install file: "build/samples/cxx/openmp_ignition/Makefile" as "/opt/cantera/share/cantera/samples/cxx/openmp_ignition/Makefile"
Substituting vars from samples/cxx/SConstruct.in to build/samples/cxx/bvp/SConstruct
Install file: "build/samples/cxx/bvp/SConstruct" as "/opt/cantera/share/cantera/samples/cxx/bvp/SConstruct"
Substituting vars from samples/cxx/CMakeLists.txt.in to build/samples/cxx/bvp/CMakeLists.txt
Install file: "build/samples/cxx/bvp/CMakeLists.txt" as "/opt/cantera/share/cantera/samples/cxx/bvp/CMakeLists.txt"
Install file: "build/samples/cxx/bvp/Makefile" as "/opt/cantera/share/cantera/samples/cxx/bvp/Makefile"
Install file: "samples/cxx/LiC6_electrode/LiC6_electrode.cpp" as "/opt/cantera/share/cantera/samples/cxx/LiC6_electrode/LiC6_electrode.cpp"
Install file: "samples/cxx/bvp/BoundaryValueProblem.h" as "/opt/cantera/share/cantera/samples/cxx/bvp/BoundaryValueProblem.h"
Install file: "samples/cxx/bvp/blasius.cpp" as "/opt/cantera/share/cantera/samples/cxx/bvp/blasius.cpp"
Install file: "samples/cxx/combustor/combustor.cpp" as "/opt/cantera/share/cantera/samples/cxx/combustor/combustor.cpp"
Install file: "samples/cxx/custom/custom.cpp" as "/opt/cantera/share/cantera/samples/cxx/custom/custom.cpp"
Install file: "samples/cxx/demo/demo.cpp" as "/opt/cantera/share/cantera/samples/cxx/demo/demo.cpp"
Install file: "samples/cxx/flamespeed/flamespeed.cpp" as "/opt/cantera/share/cantera/samples/cxx/flamespeed/flamespeed.cpp"
Install file: "samples/cxx/gas_transport/gas_transport.cpp" as "/opt/cantera/share/cantera/samples/cxx/gas_transport/gas_transport.cpp"
Install file: "samples/cxx/jacobian/derivative_speed.cpp" as "/opt/cantera/share/cantera/samples/cxx/jacobian/derivative_speed.cpp"
Install file: "samples/cxx/kinetics1/example_utils.h" as "/opt/cantera/share/cantera/samples/cxx/kinetics1/example_utils.h"
Install file: "samples/cxx/kinetics1/kinetics1.cpp" as "/opt/cantera/share/cantera/samples/cxx/kinetics1/kinetics1.cpp"
Install file: "samples/cxx/openmp_ignition/openmp_ignition.cpp" as "/opt/cantera/share/cantera/samples/cxx/openmp_ignition/openmp_ignition.cpp"
Install file: "samples/cxx/rankine/rankine.cpp" as "/opt/cantera/share/cantera/samples/cxx/rankine/rankine.cpp"
postInstallMessage(["finish_install"], [])

    Cantera has been successfully installed.

    File locations:
      library files               /opt/cantera/lib
      C++ headers                 /opt/cantera/include
      samples                     /opt/cantera/share/cantera/samples
      data files                  /opt/cantera/share/cantera/data
      input file converters       <not installed>

scons: done building targets.
