scons: Reading SConscript files ...
INFO: SCons 4.10.1 is using the following Python interpreter:
/home/mholland/miniconda3/envs/cantera/bin/python (Python 3.10)
INFO: Building Cantera from git commit '9573e6b1e'
INFO: Configuration variables read from 'cantera.conf' and command line:
    prefix = '/opt/cantera'
    python_package = 'n'
    f90_interface = 'n'
    system_eigen = 'n'
    debug = False

INFO: Adding conda include and library paths: /home/mholland/miniconda3/envs/cantera
Checking for C++ header file cmath... (cached) yes
Checking for C++ header file fmt/ostream.h... (cached) no
INFO: Using private installation of fmt library.
INFO: Found fmt version 6.2.1
Checking for YAML::Node().Mark()... (cached) no
INFO: Using private installation of yaml-cpp library.
Checking for C++ header file gtest/gtest.h... (cached) no
Checking for C++ header file gmock/gmock.h... (cached) no
INFO: Using Googletest from Git submodule
INFO: Using private installation of Eigen.
INFO: Found Eigen version 
Checking whether __GLIBCXX__ is declared... (cached) yes
Checking whether __clang__ is declared... (cached) no
Checking for C++ library iomp5... (cached) no
Checking for C++ library omp... (cached) no
Checking for C++ library gomp... (cached) yes
INFO: Found Boost version 1.74
Checking whether boost::core::demangle is declared... (cached) yes
Checking for CVodeCreate(CV_BDF, CV_NEWTON) in C++ library sundials_cvodes... (cached) no
Checking for CVodeCreate(CV_BDF) in C++ library sundials_cvodes... (cached) no
Checking for SUNContext ctx; SUNContext_Create(0, &ctx) in C++ library sundials_cvodes... (cached) no
Checking for C library None... (cached) yes
INFO: Using private installation of Sundials version 5.3.
scons: done reading SConscript files.
scons: Building targets ...
Install file: "include/cantera/base/AnyMap.h" as "/opt/cantera/include/cantera/base/AnyMap.h"
Install file: "include/cantera/base/AnyMap.inl.h" as "/opt/cantera/include/cantera/base/AnyMap.inl.h"
Install file: "include/cantera/base/Array.h" as "/opt/cantera/include/cantera/base/Array.h"
Install file: "include/cantera/base/Delegator.h" as "/opt/cantera/include/cantera/base/Delegator.h"
Install file: "include/cantera/base/FactoryBase.h" as "/opt/cantera/include/cantera/base/FactoryBase.h"
Install file: "include/cantera/base/Interface.h" as "/opt/cantera/include/cantera/base/Interface.h"
Install file: "include/cantera/base/NoExitLogger.h" as "/opt/cantera/include/cantera/base/NoExitLogger.h"
Install file: "include/cantera/base/Solution.h" as "/opt/cantera/include/cantera/base/Solution.h"
Install file: "include/cantera/base/Units.h" as "/opt/cantera/include/cantera/base/Units.h"
Install file: "include/cantera/base/ValueCache.h" as "/opt/cantera/include/cantera/base/ValueCache.h"
Install file: "include/cantera/base/YamlWriter.h" as "/opt/cantera/include/cantera/base/YamlWriter.h"
Install file: "include/cantera/base/clockWC.h" as "/opt/cantera/include/cantera/base/clockWC.h"
ConfigBuilder(["build/src/config.h.build"], ["include/cantera/base/config.h.in"])
INFO: Generating build/src/config.h.build with the following settings:
    CANTERA_SHORT_VERSION               "2.6"
    CANTERA_VERSION                     "2.6.0"
    CT_LEGACY_RATE_CONSTANTS            1
    CT_SUNDIALS_USE_LAPACK              0
    CT_SUNDIALS_VERSION                 53
    CT_USE_DEMANGLE                     1
    FTN_TRAILING_UNDERSCORE             1
    LAPACK_FTN_STRING_LEN_AT_END        1
    LAPACK_FTN_TRAILING_UNDERSCORE      1
    LAPACK_NAMES_LOWERCASE              1
    CT_NO_LEGACY_REACTIONS_26           *undefined*
    CT_USE_LAPACK                       *undefined*
    CT_USE_SYSTEM_EIGEN                 *undefined*
    CT_USE_SYSTEM_EIGEN_PREFIXED        *undefined*
    CT_USE_SYSTEM_FMT                   *undefined*
    CT_USE_SYSTEM_YAMLCPP               *undefined*
    DARWIN                              *undefined*
    SOLARIS                             *undefined*
Install file: "include/cantera/base/config.h" as "/opt/cantera/include/cantera/base/config.h"
Install file: "include/cantera/base/config.h.in" as "/opt/cantera/include/cantera/base/config.h.in"
Install file: "include/cantera/base/ct_defs.h" as "/opt/cantera/include/cantera/base/ct_defs.h"
Install file: "include/cantera/base/ctexceptions.h" as "/opt/cantera/include/cantera/base/ctexceptions.h"
Install file: "include/cantera/base/ctml.h" as "/opt/cantera/include/cantera/base/ctml.h"
Install file: "include/cantera/base/fmt.h" as "/opt/cantera/include/cantera/base/fmt.h"
Install file: "include/cantera/base/global.h" as "/opt/cantera/include/cantera/base/global.h"
Install file: "include/cantera/base/logger.h" as "/opt/cantera/include/cantera/base/logger.h"
Install file: "include/cantera/base/plots.h" as "/opt/cantera/include/cantera/base/plots.h"
Install file: "include/cantera/base/stringUtils.h" as "/opt/cantera/include/cantera/base/stringUtils.h"
Install file: "include/cantera/base/utilities.h" as "/opt/cantera/include/cantera/base/utilities.h"
Install file: "include/cantera/base/xml.h" as "/opt/cantera/include/cantera/base/xml.h"
Install file: "include/cantera/base/yaml.h" as "/opt/cantera/include/cantera/base/yaml.h"
Install file: "include/cantera/clib/clib_defs.h" as "/opt/cantera/include/cantera/clib/clib_defs.h"
Install file: "include/cantera/clib/ct.h" as "/opt/cantera/include/cantera/clib/ct.h"
Install file: "include/cantera/clib/ctfunc.h" as "/opt/cantera/include/cantera/clib/ctfunc.h"
Install file: "include/cantera/clib/ctmatlab.h" as "/opt/cantera/include/cantera/clib/ctmatlab.h"
Install file: "include/cantera/clib/ctmultiphase.h" as "/opt/cantera/include/cantera/clib/ctmultiphase.h"
Install file: "include/cantera/clib/ctonedim.h" as "/opt/cantera/include/cantera/clib/ctonedim.h"
Install file: "include/cantera/clib/ctreactor.h" as "/opt/cantera/include/cantera/clib/ctreactor.h"
Install file: "include/cantera/clib/ctrpath.h" as "/opt/cantera/include/cantera/clib/ctrpath.h"
Install file: "include/cantera/clib/ctsurf.h" as "/opt/cantera/include/cantera/clib/ctsurf.h"
Install file: "include/cantera/clib/ctxml.h" as "/opt/cantera/include/cantera/clib/ctxml.h"
Install file: "include/cantera/cython/funcWrapper.h" as "/opt/cantera/include/cantera/cython/funcWrapper.h"
Install file: "include/cantera/cython/wrappers.h" as "/opt/cantera/include/cantera/cython/wrappers.h"
Install file: "include/cantera/equil/ChemEquil.h" as "/opt/cantera/include/cantera/equil/ChemEquil.h"
Install file: "include/cantera/equil/MultiPhase.h" as "/opt/cantera/include/cantera/equil/MultiPhase.h"
Install file: "include/cantera/equil/MultiPhaseEquil.h" as "/opt/cantera/include/cantera/equil/MultiPhaseEquil.h"
Install file: "include/cantera/equil/vcs_MultiPhaseEquil.h" as "/opt/cantera/include/cantera/equil/vcs_MultiPhaseEquil.h"
Install file: "include/cantera/equil/vcs_SpeciesProperties.h" as "/opt/cantera/include/cantera/equil/vcs_SpeciesProperties.h"
Install file: "include/cantera/equil/vcs_VolPhase.h" as "/opt/cantera/include/cantera/equil/vcs_VolPhase.h"
Install file: "include/cantera/equil/vcs_defs.h" as "/opt/cantera/include/cantera/equil/vcs_defs.h"
Install file: "include/cantera/equil/vcs_internal.h" as "/opt/cantera/include/cantera/equil/vcs_internal.h"
Install file: "include/cantera/equil/vcs_solve.h" as "/opt/cantera/include/cantera/equil/vcs_solve.h"
Install file: "include/cantera/equil/vcs_species_thermo.h" as "/opt/cantera/include/cantera/equil/vcs_species_thermo.h"
Install file: "include/cantera/ext/Eigen/CMakeLists.txt" as "/opt/cantera/include/cantera/ext/Eigen/CMakeLists.txt"
Install file: "include/cantera/ext/Eigen/Cholesky" as "/opt/cantera/include/cantera/ext/Eigen/Cholesky"
Install file: "include/cantera/ext/Eigen/CholmodSupport" as "/opt/cantera/include/cantera/ext/Eigen/CholmodSupport"
Install file: "include/cantera/ext/Eigen/Core" as "/opt/cantera/include/cantera/ext/Eigen/Core"
Install file: "include/cantera/ext/Eigen/Dense" as "/opt/cantera/include/cantera/ext/Eigen/Dense"
Install file: "include/cantera/ext/Eigen/Eigen" as "/opt/cantera/include/cantera/ext/Eigen/Eigen"
Install file: "include/cantera/ext/Eigen/Eigenvalues" as "/opt/cantera/include/cantera/ext/Eigen/Eigenvalues"
Install file: "include/cantera/ext/Eigen/Geometry" as "/opt/cantera/include/cantera/ext/Eigen/Geometry"
Install file: "include/cantera/ext/Eigen/Householder" as "/opt/cantera/include/cantera/ext/Eigen/Householder"
Install file: "include/cantera/ext/Eigen/IterativeLinearSolvers" as "/opt/cantera/include/cantera/ext/Eigen/IterativeLinearSolvers"
Install file: "include/cantera/ext/Eigen/Jacobi" as "/opt/cantera/include/cantera/ext/Eigen/Jacobi"
Install file: "include/cantera/ext/Eigen/LU" as "/opt/cantera/include/cantera/ext/Eigen/LU"
Install file: "include/cantera/ext/Eigen/MetisSupport" as "/opt/cantera/include/cantera/ext/Eigen/MetisSupport"
Install file: "include/cantera/ext/Eigen/OrderingMethods" as "/opt/cantera/include/cantera/ext/Eigen/OrderingMethods"
Install file: "include/cantera/ext/Eigen/PaStiXSupport" as "/opt/cantera/include/cantera/ext/Eigen/PaStiXSupport"
Install file: "include/cantera/ext/Eigen/PardisoSupport" as "/opt/cantera/include/cantera/ext/Eigen/PardisoSupport"
Install file: "include/cantera/ext/Eigen/QR" as "/opt/cantera/include/cantera/ext/Eigen/QR"
Install file: "include/cantera/ext/Eigen/QtAlignedMalloc" as "/opt/cantera/include/cantera/ext/Eigen/QtAlignedMalloc"
Install file: "include/cantera/ext/Eigen/SPQRSupport" as "/opt/cantera/include/cantera/ext/Eigen/SPQRSupport"
Install file: "include/cantera/ext/Eigen/SVD" as "/opt/cantera/include/cantera/ext/Eigen/SVD"
Install file: "include/cantera/ext/Eigen/Sparse" as "/opt/cantera/include/cantera/ext/Eigen/Sparse"
Install file: "include/cantera/ext/Eigen/SparseCholesky" as "/opt/cantera/include/cantera/ext/Eigen/SparseCholesky"
Install file: "include/cantera/ext/Eigen/SparseCore" as "/opt/cantera/include/cantera/ext/Eigen/SparseCore"
Install file: "include/cantera/ext/Eigen/SparseLU" as "/opt/cantera/include/cantera/ext/Eigen/SparseLU"
Install file: "include/cantera/ext/Eigen/SparseQR" as "/opt/cantera/include/cantera/ext/Eigen/SparseQR"
Install file: "include/cantera/ext/Eigen/StdDeque" as "/opt/cantera/include/cantera/ext/Eigen/StdDeque"
Install file: "include/cantera/ext/Eigen/StdList" as "/opt/cantera/include/cantera/ext/Eigen/StdList"
Install file: "include/cantera/ext/Eigen/StdVector" as "/opt/cantera/include/cantera/ext/Eigen/StdVector"
Install file: "include/cantera/ext/Eigen/SuperLUSupport" as "/opt/cantera/include/cantera/ext/Eigen/SuperLUSupport"
Install file: "include/cantera/ext/Eigen/UmfPackSupport" as "/opt/cantera/include/cantera/ext/Eigen/UmfPackSupport"
Install file: "include/cantera/ext/Eigen/src/Cholesky/LDLT.h" as "/opt/cantera/include/cantera/ext/Eigen/src/Cholesky/LDLT.h"
Install file: "include/cantera/ext/Eigen/src/Cholesky/LLT.h" as "/opt/cantera/include/cantera/ext/Eigen/src/Cholesky/LLT.h"
Install file: "include/cantera/ext/Eigen/src/Cholesky/LLT_LAPACKE.h" as "/opt/cantera/include/cantera/ext/Eigen/src/Cholesky/LLT_LAPACKE.h"
Install file: "include/cantera/ext/Eigen/src/CholmodSupport/CholmodSupport.h" as "/opt/cantera/include/cantera/ext/Eigen/src/CholmodSupport/CholmodSupport.h"
Install file: "include/cantera/ext/Eigen/src/Core/Array.h" as "/opt/cantera/include/cantera/ext/Eigen/src/Core/Array.h"
Install file: "include/cantera/ext/Eigen/src/Core/ArrayBase.h" as "/opt/cantera/include/cantera/ext/Eigen/src/Core/ArrayBase.h"
Install file: "include/cantera/ext/Eigen/src/Core/ArrayWrapper.h" as "/opt/cantera/include/cantera/ext/Eigen/src/Core/ArrayWrapper.h"
Install file: "include/cantera/ext/Eigen/src/Core/Assign.h" as "/opt/cantera/include/cantera/ext/Eigen/src/Core/Assign.h"
Install file: "include/cantera/ext/Eigen/src/Core/AssignEvaluator.h" as "/opt/cantera/include/cantera/ext/Eigen/src/Core/AssignEvaluator.h"
Install file: "include/cantera/ext/Eigen/src/Core/Assign_MKL.h" as "/opt/cantera/include/cantera/ext/Eigen/src/Core/Assign_MKL.h"
Install file: "include/cantera/ext/Eigen/src/Core/BandMatrix.h" as "/opt/cantera/include/cantera/ext/Eigen/src/Core/BandMatrix.h"
Install file: "include/cantera/ext/Eigen/src/Core/Block.h" as "/opt/cantera/include/cantera/ext/Eigen/src/Core/Block.h"
Install file: "include/cantera/ext/Eigen/src/Core/BooleanRedux.h" as "/opt/cantera/include/cantera/ext/Eigen/src/Core/BooleanRedux.h"
Install file: "include/cantera/ext/Eigen/src/Core/CommaInitializer.h" as "/opt/cantera/include/cantera/ext/Eigen/src/Core/CommaInitializer.h"
Install file: "include/cantera/ext/Eigen/src/Core/ConditionEstimator.h" as "/opt/cantera/include/cantera/ext/Eigen/src/Core/ConditionEstimator.h"
Install file: "include/cantera/ext/Eigen/src/Core/CoreEvaluators.h" as "/opt/cantera/include/cantera/ext/Eigen/src/Core/CoreEvaluators.h"
Install file: "include/cantera/ext/Eigen/src/Core/CoreIterators.h" as "/opt/cantera/include/cantera/ext/Eigen/src/Core/CoreIterators.h"
Install file: "include/cantera/ext/Eigen/src/Core/CwiseBinaryOp.h" as "/opt/cantera/include/cantera/ext/Eigen/src/Core/CwiseBinaryOp.h"
Install file: "include/cantera/ext/Eigen/src/Core/CwiseNullaryOp.h" as "/opt/cantera/include/cantera/ext/Eigen/src/Core/CwiseNullaryOp.h"
Install file: "include/cantera/ext/Eigen/src/Core/CwiseTernaryOp.h" as "/opt/cantera/include/cantera/ext/Eigen/src/Core/CwiseTernaryOp.h"
Install file: "include/cantera/ext/Eigen/src/Core/CwiseUnaryOp.h" as "/opt/cantera/include/cantera/ext/Eigen/src/Core/CwiseUnaryOp.h"
Install file: "include/cantera/ext/Eigen/src/Core/CwiseUnaryView.h" as "/opt/cantera/include/cantera/ext/Eigen/src/Core/CwiseUnaryView.h"
Install file: "include/cantera/ext/Eigen/src/Core/DenseBase.h" as "/opt/cantera/include/cantera/ext/Eigen/src/Core/DenseBase.h"
Install file: "include/cantera/ext/Eigen/src/Core/DenseCoeffsBase.h" as "/opt/cantera/include/cantera/ext/Eigen/src/Core/DenseCoeffsBase.h"
Install file: "include/cantera/ext/Eigen/src/Core/DenseStorage.h" as "/opt/cantera/include/cantera/ext/Eigen/src/Core/DenseStorage.h"
Install file: "include/cantera/ext/Eigen/src/Core/Diagonal.h" as "/opt/cantera/include/cantera/ext/Eigen/src/Core/Diagonal.h"
Install file: "include/cantera/ext/Eigen/src/Core/DiagonalMatrix.h" as "/opt/cantera/include/cantera/ext/Eigen/src/Core/DiagonalMatrix.h"
Install file: "include/cantera/ext/Eigen/src/Core/DiagonalProduct.h" as "/opt/cantera/include/cantera/ext/Eigen/src/Core/DiagonalProduct.h"
Install file: "include/cantera/ext/Eigen/src/Core/Dot.h" as "/opt/cantera/include/cantera/ext/Eigen/src/Core/Dot.h"
Install file: "include/cantera/ext/Eigen/src/Core/EigenBase.h" as "/opt/cantera/include/cantera/ext/Eigen/src/Core/EigenBase.h"
Install file: "include/cantera/ext/Eigen/src/Core/ForceAlignedAccess.h" as "/opt/cantera/include/cantera/ext/Eigen/src/Core/ForceAlignedAccess.h"
Install file: "include/cantera/ext/Eigen/src/Core/Fuzzy.h" as "/opt/cantera/include/cantera/ext/Eigen/src/Core/Fuzzy.h"
Install file: "include/cantera/ext/Eigen/src/Core/GeneralProduct.h" as "/opt/cantera/include/cantera/ext/Eigen/src/Core/GeneralProduct.h"
Install file: "include/cantera/ext/Eigen/src/Core/GenericPacketMath.h" as "/opt/cantera/include/cantera/ext/Eigen/src/Core/GenericPacketMath.h"
Install file: "include/cantera/ext/Eigen/src/Core/GlobalFunctions.h" as "/opt/cantera/include/cantera/ext/Eigen/src/Core/GlobalFunctions.h"
Install file: "include/cantera/ext/Eigen/src/Core/IO.h" as "/opt/cantera/include/cantera/ext/Eigen/src/Core/IO.h"
Install file: "include/cantera/ext/Eigen/src/Core/Inverse.h" as "/opt/cantera/include/cantera/ext/Eigen/src/Core/Inverse.h"
Install file: "include/cantera/ext/Eigen/src/Core/Map.h" as "/opt/cantera/include/cantera/ext/Eigen/src/Core/Map.h"
Install file: "include/cantera/ext/Eigen/src/Core/MapBase.h" as "/opt/cantera/include/cantera/ext/Eigen/src/Core/MapBase.h"
Install file: "include/cantera/ext/Eigen/src/Core/MathFunctions.h" as "/opt/cantera/include/cantera/ext/Eigen/src/Core/MathFunctions.h"
Install file: "include/cantera/ext/Eigen/src/Core/MathFunctionsImpl.h" as "/opt/cantera/include/cantera/ext/Eigen/src/Core/MathFunctionsImpl.h"
Install file: "include/cantera/ext/Eigen/src/Core/Matrix.h" as "/opt/cantera/include/cantera/ext/Eigen/src/Core/Matrix.h"
Install file: "include/cantera/ext/Eigen/src/Core/MatrixBase.h" as "/opt/cantera/include/cantera/ext/Eigen/src/Core/MatrixBase.h"
Install file: "include/cantera/ext/Eigen/src/Core/NestByValue.h" as "/opt/cantera/include/cantera/ext/Eigen/src/Core/NestByValue.h"
Install file: "include/cantera/ext/Eigen/src/Core/NoAlias.h" as "/opt/cantera/include/cantera/ext/Eigen/src/Core/NoAlias.h"
Install file: "include/cantera/ext/Eigen/src/Core/NumTraits.h" as "/opt/cantera/include/cantera/ext/Eigen/src/Core/NumTraits.h"
Install file: "include/cantera/ext/Eigen/src/Core/PermutationMatrix.h" as "/opt/cantera/include/cantera/ext/Eigen/src/Core/PermutationMatrix.h"
Install file: "include/cantera/ext/Eigen/src/Core/PlainObjectBase.h" as "/opt/cantera/include/cantera/ext/Eigen/src/Core/PlainObjectBase.h"
Install file: "include/cantera/ext/Eigen/src/Core/Product.h" as "/opt/cantera/include/cantera/ext/Eigen/src/Core/Product.h"
Install file: "include/cantera/ext/Eigen/src/Core/ProductEvaluators.h" as "/opt/cantera/include/cantera/ext/Eigen/src/Core/ProductEvaluators.h"
Install file: "include/cantera/ext/Eigen/src/Core/Random.h" as "/opt/cantera/include/cantera/ext/Eigen/src/Core/Random.h"
Install file: "include/cantera/ext/Eigen/src/Core/Redux.h" as "/opt/cantera/include/cantera/ext/Eigen/src/Core/Redux.h"
Install file: "include/cantera/ext/Eigen/src/Core/Ref.h" as "/opt/cantera/include/cantera/ext/Eigen/src/Core/Ref.h"
Install file: "include/cantera/ext/Eigen/src/Core/Replicate.h" as "/opt/cantera/include/cantera/ext/Eigen/src/Core/Replicate.h"
Install file: "include/cantera/ext/Eigen/src/Core/ReturnByValue.h" as "/opt/cantera/include/cantera/ext/Eigen/src/Core/ReturnByValue.h"
Install file: "include/cantera/ext/Eigen/src/Core/Reverse.h" as "/opt/cantera/include/cantera/ext/Eigen/src/Core/Reverse.h"
Install file: "include/cantera/ext/Eigen/src/Core/Select.h" as "/opt/cantera/include/cantera/ext/Eigen/src/Core/Select.h"
Install file: "include/cantera/ext/Eigen/src/Core/SelfAdjointView.h" as "/opt/cantera/include/cantera/ext/Eigen/src/Core/SelfAdjointView.h"
Install file: "include/cantera/ext/Eigen/src/Core/SelfCwiseBinaryOp.h" as "/opt/cantera/include/cantera/ext/Eigen/src/Core/SelfCwiseBinaryOp.h"
Install file: "include/cantera/ext/Eigen/src/Core/Solve.h" as "/opt/cantera/include/cantera/ext/Eigen/src/Core/Solve.h"
Install file: "include/cantera/ext/Eigen/src/Core/SolveTriangular.h" as "/opt/cantera/include/cantera/ext/Eigen/src/Core/SolveTriangular.h"
Install file: "include/cantera/ext/Eigen/src/Core/SolverBase.h" as "/opt/cantera/include/cantera/ext/Eigen/src/Core/SolverBase.h"
Install file: "include/cantera/ext/Eigen/src/Core/StableNorm.h" as "/opt/cantera/include/cantera/ext/Eigen/src/Core/StableNorm.h"
Install file: "include/cantera/ext/Eigen/src/Core/Stride.h" as "/opt/cantera/include/cantera/ext/Eigen/src/Core/Stride.h"
Install file: "include/cantera/ext/Eigen/src/Core/Swap.h" as "/opt/cantera/include/cantera/ext/Eigen/src/Core/Swap.h"
Install file: "include/cantera/ext/Eigen/src/Core/Transpose.h" as "/opt/cantera/include/cantera/ext/Eigen/src/Core/Transpose.h"
Install file: "include/cantera/ext/Eigen/src/Core/Transpositions.h" as "/opt/cantera/include/cantera/ext/Eigen/src/Core/Transpositions.h"
Install file: "include/cantera/ext/Eigen/src/Core/TriangularMatrix.h" as "/opt/cantera/include/cantera/ext/Eigen/src/Core/TriangularMatrix.h"
Install file: "include/cantera/ext/Eigen/src/Core/VectorBlock.h" as "/opt/cantera/include/cantera/ext/Eigen/src/Core/VectorBlock.h"
Install file: "include/cantera/ext/Eigen/src/Core/VectorwiseOp.h" as "/opt/cantera/include/cantera/ext/Eigen/src/Core/VectorwiseOp.h"
Install file: "include/cantera/ext/Eigen/src/Core/Visitor.h" as "/opt/cantera/include/cantera/ext/Eigen/src/Core/Visitor.h"
Install file: "include/cantera/ext/Eigen/src/Core/arch/AVX/Complex.h" as "/opt/cantera/include/cantera/ext/Eigen/src/Core/arch/AVX/Complex.h"
Install file: "include/cantera/ext/Eigen/src/Core/arch/AVX/MathFunctions.h" as "/opt/cantera/include/cantera/ext/Eigen/src/Core/arch/AVX/MathFunctions.h"
Install file: "include/cantera/ext/Eigen/src/Core/arch/AVX/PacketMath.h" as "/opt/cantera/include/cantera/ext/Eigen/src/Core/arch/AVX/PacketMath.h"
Install file: "include/cantera/ext/Eigen/src/Core/arch/AVX/TypeCasting.h" as "/opt/cantera/include/cantera/ext/Eigen/src/Core/arch/AVX/TypeCasting.h"
Install file: "include/cantera/ext/Eigen/src/Core/arch/AVX512/MathFunctions.h" as "/opt/cantera/include/cantera/ext/Eigen/src/Core/arch/AVX512/MathFunctions.h"
Install file: "include/cantera/ext/Eigen/src/Core/arch/AVX512/PacketMath.h" as "/opt/cantera/include/cantera/ext/Eigen/src/Core/arch/AVX512/PacketMath.h"
Install file: "include/cantera/ext/Eigen/src/Core/arch/AltiVec/Complex.h" as "/opt/cantera/include/cantera/ext/Eigen/src/Core/arch/AltiVec/Complex.h"
Install file: "include/cantera/ext/Eigen/src/Core/arch/AltiVec/MathFunctions.h" as "/opt/cantera/include/cantera/ext/Eigen/src/Core/arch/AltiVec/MathFunctions.h"
Install file: "include/cantera/ext/Eigen/src/Core/arch/AltiVec/PacketMath.h" as "/opt/cantera/include/cantera/ext/Eigen/src/Core/arch/AltiVec/PacketMath.h"
Install file: "include/cantera/ext/Eigen/src/Core/arch/CUDA/Complex.h" as "/opt/cantera/include/cantera/ext/Eigen/src/Core/arch/CUDA/Complex.h"
Install file: "include/cantera/ext/Eigen/src/Core/arch/CUDA/Half.h" as "/opt/cantera/include/cantera/ext/Eigen/src/Core/arch/CUDA/Half.h"
Install file: "include/cantera/ext/Eigen/src/Core/arch/CUDA/MathFunctions.h" as "/opt/cantera/include/cantera/ext/Eigen/src/Core/arch/CUDA/MathFunctions.h"
Install file: "include/cantera/ext/Eigen/src/Core/arch/CUDA/PacketMath.h" as "/opt/cantera/include/cantera/ext/Eigen/src/Core/arch/CUDA/PacketMath.h"
Install file: "include/cantera/ext/Eigen/src/Core/arch/CUDA/PacketMathHalf.h" as "/opt/cantera/include/cantera/ext/Eigen/src/Core/arch/CUDA/PacketMathHalf.h"
Install file: "include/cantera/ext/Eigen/src/Core/arch/CUDA/TypeCasting.h" as "/opt/cantera/include/cantera/ext/Eigen/src/Core/arch/CUDA/TypeCasting.h"
Install file: "include/cantera/ext/Eigen/src/Core/arch/Default/ConjHelper.h" as "/opt/cantera/include/cantera/ext/Eigen/src/Core/arch/Default/ConjHelper.h"
Install file: "include/cantera/ext/Eigen/src/Core/arch/Default/Settings.h" as "/opt/cantera/include/cantera/ext/Eigen/src/Core/arch/Default/Settings.h"
Install file: "include/cantera/ext/Eigen/src/Core/arch/NEON/Complex.h" as "/opt/cantera/include/cantera/ext/Eigen/src/Core/arch/NEON/Complex.h"
Install file: "include/cantera/ext/Eigen/src/Core/arch/NEON/MathFunctions.h" as "/opt/cantera/include/cantera/ext/Eigen/src/Core/arch/NEON/MathFunctions.h"
Install file: "include/cantera/ext/Eigen/src/Core/arch/NEON/PacketMath.h" as "/opt/cantera/include/cantera/ext/Eigen/src/Core/arch/NEON/PacketMath.h"
Install file: "include/cantera/ext/Eigen/src/Core/arch/SSE/Complex.h" as "/opt/cantera/include/cantera/ext/Eigen/src/Core/arch/SSE/Complex.h"
Install file: "include/cantera/ext/Eigen/src/Core/arch/SSE/MathFunctions.h" as "/opt/cantera/include/cantera/ext/Eigen/src/Core/arch/SSE/MathFunctions.h"
Install file: "include/cantera/ext/Eigen/src/Core/arch/SSE/PacketMath.h" as "/opt/cantera/include/cantera/ext/Eigen/src/Core/arch/SSE/PacketMath.h"
Install file: "include/cantera/ext/Eigen/src/Core/arch/SSE/TypeCasting.h" as "/opt/cantera/include/cantera/ext/Eigen/src/Core/arch/SSE/TypeCasting.h"
Install file: "include/cantera/ext/Eigen/src/Core/arch/ZVector/Complex.h" as "/opt/cantera/include/cantera/ext/Eigen/src/Core/arch/ZVector/Complex.h"
Install file: "include/cantera/ext/Eigen/src/Core/arch/ZVector/MathFunctions.h" as "/opt/cantera/include/cantera/ext/Eigen/src/Core/arch/ZVector/MathFunctions.h"
Install file: "include/cantera/ext/Eigen/src/Core/arch/ZVector/PacketMath.h" as "/opt/cantera/include/cantera/ext/Eigen/src/Core/arch/ZVector/PacketMath.h"
Install file: "include/cantera/ext/Eigen/src/Core/functors/AssignmentFunctors.h" as "/opt/cantera/include/cantera/ext/Eigen/src/Core/functors/AssignmentFunctors.h"
Install file: "include/cantera/ext/Eigen/src/Core/functors/BinaryFunctors.h" as "/opt/cantera/include/cantera/ext/Eigen/src/Core/functors/BinaryFunctors.h"
Install file: "include/cantera/ext/Eigen/src/Core/functors/NullaryFunctors.h" as "/opt/cantera/include/cantera/ext/Eigen/src/Core/functors/NullaryFunctors.h"
Install file: "include/cantera/ext/Eigen/src/Core/functors/StlFunctors.h" as "/opt/cantera/include/cantera/ext/Eigen/src/Core/functors/StlFunctors.h"
Install file: "include/cantera/ext/Eigen/src/Core/functors/TernaryFunctors.h" as "/opt/cantera/include/cantera/ext/Eigen/src/Core/functors/TernaryFunctors.h"
Install file: "include/cantera/ext/Eigen/src/Core/functors/UnaryFunctors.h" as "/opt/cantera/include/cantera/ext/Eigen/src/Core/functors/UnaryFunctors.h"
Install file: "include/cantera/ext/Eigen/src/Core/products/GeneralBlockPanelKernel.h" as "/opt/cantera/include/cantera/ext/Eigen/src/Core/products/GeneralBlockPanelKernel.h"
Install file: "include/cantera/ext/Eigen/src/Core/products/GeneralMatrixMatrix.h" as "/opt/cantera/include/cantera/ext/Eigen/src/Core/products/GeneralMatrixMatrix.h"
Install file: "include/cantera/ext/Eigen/src/Core/products/GeneralMatrixMatrixTriangular.h" as "/opt/cantera/include/cantera/ext/Eigen/src/Core/products/GeneralMatrixMatrixTriangular.h"
Install file: "include/cantera/ext/Eigen/src/Core/products/GeneralMatrixMatrixTriangular_BLAS.h" as "/opt/cantera/include/cantera/ext/Eigen/src/Core/products/GeneralMatrixMatrixTriangular_BLAS.h"
Install file: "include/cantera/ext/Eigen/src/Core/products/GeneralMatrixMatrix_BLAS.h" as "/opt/cantera/include/cantera/ext/Eigen/src/Core/products/GeneralMatrixMatrix_BLAS.h"
Install file: "include/cantera/ext/Eigen/src/Core/products/GeneralMatrixVector.h" as "/opt/cantera/include/cantera/ext/Eigen/src/Core/products/GeneralMatrixVector.h"
Install file: "include/cantera/ext/Eigen/src/Core/products/GeneralMatrixVector_BLAS.h" as "/opt/cantera/include/cantera/ext/Eigen/src/Core/products/GeneralMatrixVector_BLAS.h"
Install file: "include/cantera/ext/Eigen/src/Core/products/Parallelizer.h" as "/opt/cantera/include/cantera/ext/Eigen/src/Core/products/Parallelizer.h"
Install file: "include/cantera/ext/Eigen/src/Core/products/SelfadjointMatrixMatrix.h" as "/opt/cantera/include/cantera/ext/Eigen/src/Core/products/SelfadjointMatrixMatrix.h"
Install file: "include/cantera/ext/Eigen/src/Core/products/SelfadjointMatrixMatrix_BLAS.h" as "/opt/cantera/include/cantera/ext/Eigen/src/Core/products/SelfadjointMatrixMatrix_BLAS.h"
Install file: "include/cantera/ext/Eigen/src/Core/products/SelfadjointMatrixVector.h" as "/opt/cantera/include/cantera/ext/Eigen/src/Core/products/SelfadjointMatrixVector.h"
Install file: "include/cantera/ext/Eigen/src/Core/products/SelfadjointMatrixVector_BLAS.h" as "/opt/cantera/include/cantera/ext/Eigen/src/Core/products/SelfadjointMatrixVector_BLAS.h"
Install file: "include/cantera/ext/Eigen/src/Core/products/SelfadjointProduct.h" as "/opt/cantera/include/cantera/ext/Eigen/src/Core/products/SelfadjointProduct.h"
Install file: "include/cantera/ext/Eigen/src/Core/products/SelfadjointRank2Update.h" as "/opt/cantera/include/cantera/ext/Eigen/src/Core/products/SelfadjointRank2Update.h"
Install file: "include/cantera/ext/Eigen/src/Core/products/TriangularMatrixMatrix.h" as "/opt/cantera/include/cantera/ext/Eigen/src/Core/products/TriangularMatrixMatrix.h"
Install file: "include/cantera/ext/Eigen/src/Core/products/TriangularMatrixMatrix_BLAS.h" as "/opt/cantera/include/cantera/ext/Eigen/src/Core/products/TriangularMatrixMatrix_BLAS.h"
Install file: "include/cantera/ext/Eigen/src/Core/products/TriangularMatrixVector.h" as "/opt/cantera/include/cantera/ext/Eigen/src/Core/products/TriangularMatrixVector.h"
Install file: "include/cantera/ext/Eigen/src/Core/products/TriangularMatrixVector_BLAS.h" as "/opt/cantera/include/cantera/ext/Eigen/src/Core/products/TriangularMatrixVector_BLAS.h"
Install file: "include/cantera/ext/Eigen/src/Core/products/TriangularSolverMatrix.h" as "/opt/cantera/include/cantera/ext/Eigen/src/Core/products/TriangularSolverMatrix.h"
Install file: "include/cantera/ext/Eigen/src/Core/products/TriangularSolverMatrix_BLAS.h" as "/opt/cantera/include/cantera/ext/Eigen/src/Core/products/TriangularSolverMatrix_BLAS.h"
Install file: "include/cantera/ext/Eigen/src/Core/products/TriangularSolverVector.h" as "/opt/cantera/include/cantera/ext/Eigen/src/Core/products/TriangularSolverVector.h"
Install file: "include/cantera/ext/Eigen/src/Core/util/BlasUtil.h" as "/opt/cantera/include/cantera/ext/Eigen/src/Core/util/BlasUtil.h"
Install file: "include/cantera/ext/Eigen/src/Core/util/Constants.h" as "/opt/cantera/include/cantera/ext/Eigen/src/Core/util/Constants.h"
Install file: "include/cantera/ext/Eigen/src/Core/util/DisableStupidWarnings.h" as "/opt/cantera/include/cantera/ext/Eigen/src/Core/util/DisableStupidWarnings.h"
Install file: "include/cantera/ext/Eigen/src/Core/util/ForwardDeclarations.h" as "/opt/cantera/include/cantera/ext/Eigen/src/Core/util/ForwardDeclarations.h"
Install file: "include/cantera/ext/Eigen/src/Core/util/MKL_support.h" as "/opt/cantera/include/cantera/ext/Eigen/src/Core/util/MKL_support.h"
Install file: "include/cantera/ext/Eigen/src/Core/util/Macros.h" as "/opt/cantera/include/cantera/ext/Eigen/src/Core/util/Macros.h"
Install file: "include/cantera/ext/Eigen/src/Core/util/Memory.h" as "/opt/cantera/include/cantera/ext/Eigen/src/Core/util/Memory.h"
Install file: "include/cantera/ext/Eigen/src/Core/util/Meta.h" as "/opt/cantera/include/cantera/ext/Eigen/src/Core/util/Meta.h"
Install file: "include/cantera/ext/Eigen/src/Core/util/NonMPL2.h" as "/opt/cantera/include/cantera/ext/Eigen/src/Core/util/NonMPL2.h"
Install file: "include/cantera/ext/Eigen/src/Core/util/ReenableStupidWarnings.h" as "/opt/cantera/include/cantera/ext/Eigen/src/Core/util/ReenableStupidWarnings.h"
Install file: "include/cantera/ext/Eigen/src/Core/util/StaticAssert.h" as "/opt/cantera/include/cantera/ext/Eigen/src/Core/util/StaticAssert.h"
Install file: "include/cantera/ext/Eigen/src/Core/util/XprHelper.h" as "/opt/cantera/include/cantera/ext/Eigen/src/Core/util/XprHelper.h"
Install file: "include/cantera/ext/Eigen/src/Eigenvalues/ComplexEigenSolver.h" as "/opt/cantera/include/cantera/ext/Eigen/src/Eigenvalues/ComplexEigenSolver.h"
Install file: "include/cantera/ext/Eigen/src/Eigenvalues/ComplexSchur.h" as "/opt/cantera/include/cantera/ext/Eigen/src/Eigenvalues/ComplexSchur.h"
Install file: "include/cantera/ext/Eigen/src/Eigenvalues/ComplexSchur_LAPACKE.h" as "/opt/cantera/include/cantera/ext/Eigen/src/Eigenvalues/ComplexSchur_LAPACKE.h"
Install file: "include/cantera/ext/Eigen/src/Eigenvalues/EigenSolver.h" as "/opt/cantera/include/cantera/ext/Eigen/src/Eigenvalues/EigenSolver.h"
Install file: "include/cantera/ext/Eigen/src/Eigenvalues/GeneralizedEigenSolver.h" as "/opt/cantera/include/cantera/ext/Eigen/src/Eigenvalues/GeneralizedEigenSolver.h"
Install file: "include/cantera/ext/Eigen/src/Eigenvalues/GeneralizedSelfAdjointEigenSolver.h" as "/opt/cantera/include/cantera/ext/Eigen/src/Eigenvalues/GeneralizedSelfAdjointEigenSolver.h"
Install file: "include/cantera/ext/Eigen/src/Eigenvalues/HessenbergDecomposition.h" as "/opt/cantera/include/cantera/ext/Eigen/src/Eigenvalues/HessenbergDecomposition.h"
Install file: "include/cantera/ext/Eigen/src/Eigenvalues/MatrixBaseEigenvalues.h" as "/opt/cantera/include/cantera/ext/Eigen/src/Eigenvalues/MatrixBaseEigenvalues.h"
Install file: "include/cantera/ext/Eigen/src/Eigenvalues/RealQZ.h" as "/opt/cantera/include/cantera/ext/Eigen/src/Eigenvalues/RealQZ.h"
Install file: "include/cantera/ext/Eigen/src/Eigenvalues/RealSchur.h" as "/opt/cantera/include/cantera/ext/Eigen/src/Eigenvalues/RealSchur.h"
Install file: "include/cantera/ext/Eigen/src/Eigenvalues/RealSchur_LAPACKE.h" as "/opt/cantera/include/cantera/ext/Eigen/src/Eigenvalues/RealSchur_LAPACKE.h"
Install file: "include/cantera/ext/Eigen/src/Eigenvalues/SelfAdjointEigenSolver.h" as "/opt/cantera/include/cantera/ext/Eigen/src/Eigenvalues/SelfAdjointEigenSolver.h"
Install file: "include/cantera/ext/Eigen/src/Eigenvalues/SelfAdjointEigenSolver_LAPACKE.h" as "/opt/cantera/include/cantera/ext/Eigen/src/Eigenvalues/SelfAdjointEigenSolver_LAPACKE.h"
Install file: "include/cantera/ext/Eigen/src/Eigenvalues/Tridiagonalization.h" as "/opt/cantera/include/cantera/ext/Eigen/src/Eigenvalues/Tridiagonalization.h"
Install file: "include/cantera/ext/Eigen/src/Geometry/AlignedBox.h" as "/opt/cantera/include/cantera/ext/Eigen/src/Geometry/AlignedBox.h"
Install file: "include/cantera/ext/Eigen/src/Geometry/AngleAxis.h" as "/opt/cantera/include/cantera/ext/Eigen/src/Geometry/AngleAxis.h"
Install file: "include/cantera/ext/Eigen/src/Geometry/EulerAngles.h" as "/opt/cantera/include/cantera/ext/Eigen/src/Geometry/EulerAngles.h"
Install file: "include/cantera/ext/Eigen/src/Geometry/Homogeneous.h" as "/opt/cantera/include/cantera/ext/Eigen/src/Geometry/Homogeneous.h"
Install file: "include/cantera/ext/Eigen/src/Geometry/Hyperplane.h" as "/opt/cantera/include/cantera/ext/Eigen/src/Geometry/Hyperplane.h"
Install file: "include/cantera/ext/Eigen/src/Geometry/OrthoMethods.h" as "/opt/cantera/include/cantera/ext/Eigen/src/Geometry/OrthoMethods.h"
Install file: "include/cantera/ext/Eigen/src/Geometry/ParametrizedLine.h" as "/opt/cantera/include/cantera/ext/Eigen/src/Geometry/ParametrizedLine.h"
Install file: "include/cantera/ext/Eigen/src/Geometry/Quaternion.h" as "/opt/cantera/include/cantera/ext/Eigen/src/Geometry/Quaternion.h"
Install file: "include/cantera/ext/Eigen/src/Geometry/Rotation2D.h" as "/opt/cantera/include/cantera/ext/Eigen/src/Geometry/Rotation2D.h"
Install file: "include/cantera/ext/Eigen/src/Geometry/RotationBase.h" as "/opt/cantera/include/cantera/ext/Eigen/src/Geometry/RotationBase.h"
Install file: "include/cantera/ext/Eigen/src/Geometry/Scaling.h" as "/opt/cantera/include/cantera/ext/Eigen/src/Geometry/Scaling.h"
Install file: "include/cantera/ext/Eigen/src/Geometry/Transform.h" as "/opt/cantera/include/cantera/ext/Eigen/src/Geometry/Transform.h"
Install file: "include/cantera/ext/Eigen/src/Geometry/Translation.h" as "/opt/cantera/include/cantera/ext/Eigen/src/Geometry/Translation.h"
Install file: "include/cantera/ext/Eigen/src/Geometry/Umeyama.h" as "/opt/cantera/include/cantera/ext/Eigen/src/Geometry/Umeyama.h"
Install file: "include/cantera/ext/Eigen/src/Geometry/arch/Geometry_SSE.h" as "/opt/cantera/include/cantera/ext/Eigen/src/Geometry/arch/Geometry_SSE.h"
Install file: "include/cantera/ext/Eigen/src/Householder/BlockHouseholder.h" as "/opt/cantera/include/cantera/ext/Eigen/src/Householder/BlockHouseholder.h"
Install file: "include/cantera/ext/Eigen/src/Householder/Householder.h" as "/opt/cantera/include/cantera/ext/Eigen/src/Householder/Householder.h"
Install file: "include/cantera/ext/Eigen/src/Householder/HouseholderSequence.h" as "/opt/cantera/include/cantera/ext/Eigen/src/Householder/HouseholderSequence.h"
Install file: "include/cantera/ext/Eigen/src/IterativeLinearSolvers/BasicPreconditioners.h" as "/opt/cantera/include/cantera/ext/Eigen/src/IterativeLinearSolvers/BasicPreconditioners.h"
Install file: "include/cantera/ext/Eigen/src/IterativeLinearSolvers/BiCGSTAB.h" as "/opt/cantera/include/cantera/ext/Eigen/src/IterativeLinearSolvers/BiCGSTAB.h"
Install file: "include/cantera/ext/Eigen/src/IterativeLinearSolvers/ConjugateGradient.h" as "/opt/cantera/include/cantera/ext/Eigen/src/IterativeLinearSolvers/ConjugateGradient.h"
Install file: "include/cantera/ext/Eigen/src/IterativeLinearSolvers/IncompleteCholesky.h" as "/opt/cantera/include/cantera/ext/Eigen/src/IterativeLinearSolvers/IncompleteCholesky.h"
Install file: "include/cantera/ext/Eigen/src/IterativeLinearSolvers/IncompleteLUT.h" as "/opt/cantera/include/cantera/ext/Eigen/src/IterativeLinearSolvers/IncompleteLUT.h"
Install file: "include/cantera/ext/Eigen/src/IterativeLinearSolvers/IterativeSolverBase.h" as "/opt/cantera/include/cantera/ext/Eigen/src/IterativeLinearSolvers/IterativeSolverBase.h"
Install file: "include/cantera/ext/Eigen/src/IterativeLinearSolvers/LeastSquareConjugateGradient.h" as "/opt/cantera/include/cantera/ext/Eigen/src/IterativeLinearSolvers/LeastSquareConjugateGradient.h"
Install file: "include/cantera/ext/Eigen/src/IterativeLinearSolvers/SolveWithGuess.h" as "/opt/cantera/include/cantera/ext/Eigen/src/IterativeLinearSolvers/SolveWithGuess.h"
Install file: "include/cantera/ext/Eigen/src/Jacobi/Jacobi.h" as "/opt/cantera/include/cantera/ext/Eigen/src/Jacobi/Jacobi.h"
Install file: "include/cantera/ext/Eigen/src/LU/Determinant.h" as "/opt/cantera/include/cantera/ext/Eigen/src/LU/Determinant.h"
Install file: "include/cantera/ext/Eigen/src/LU/FullPivLU.h" as "/opt/cantera/include/cantera/ext/Eigen/src/LU/FullPivLU.h"
Install file: "include/cantera/ext/Eigen/src/LU/InverseImpl.h" as "/opt/cantera/include/cantera/ext/Eigen/src/LU/InverseImpl.h"
Install file: "include/cantera/ext/Eigen/src/LU/PartialPivLU.h" as "/opt/cantera/include/cantera/ext/Eigen/src/LU/PartialPivLU.h"
Install file: "include/cantera/ext/Eigen/src/LU/PartialPivLU_LAPACKE.h" as "/opt/cantera/include/cantera/ext/Eigen/src/LU/PartialPivLU_LAPACKE.h"
Install file: "include/cantera/ext/Eigen/src/LU/arch/Inverse_SSE.h" as "/opt/cantera/include/cantera/ext/Eigen/src/LU/arch/Inverse_SSE.h"
Install file: "include/cantera/ext/Eigen/src/MetisSupport/MetisSupport.h" as "/opt/cantera/include/cantera/ext/Eigen/src/MetisSupport/MetisSupport.h"
Install file: "include/cantera/ext/Eigen/src/OrderingMethods/Amd.h" as "/opt/cantera/include/cantera/ext/Eigen/src/OrderingMethods/Amd.h"
Install file: "include/cantera/ext/Eigen/src/OrderingMethods/Eigen_Colamd.h" as "/opt/cantera/include/cantera/ext/Eigen/src/OrderingMethods/Eigen_Colamd.h"
Install file: "include/cantera/ext/Eigen/src/OrderingMethods/Ordering.h" as "/opt/cantera/include/cantera/ext/Eigen/src/OrderingMethods/Ordering.h"
Install file: "include/cantera/ext/Eigen/src/PaStiXSupport/PaStiXSupport.h" as "/opt/cantera/include/cantera/ext/Eigen/src/PaStiXSupport/PaStiXSupport.h"
Install file: "include/cantera/ext/Eigen/src/PardisoSupport/PardisoSupport.h" as "/opt/cantera/include/cantera/ext/Eigen/src/PardisoSupport/PardisoSupport.h"
Install file: "include/cantera/ext/Eigen/src/QR/ColPivHouseholderQR.h" as "/opt/cantera/include/cantera/ext/Eigen/src/QR/ColPivHouseholderQR.h"
Install file: "include/cantera/ext/Eigen/src/QR/ColPivHouseholderQR_LAPACKE.h" as "/opt/cantera/include/cantera/ext/Eigen/src/QR/ColPivHouseholderQR_LAPACKE.h"
Install file: "include/cantera/ext/Eigen/src/QR/CompleteOrthogonalDecomposition.h" as "/opt/cantera/include/cantera/ext/Eigen/src/QR/CompleteOrthogonalDecomposition.h"
Install file: "include/cantera/ext/Eigen/src/QR/FullPivHouseholderQR.h" as "/opt/cantera/include/cantera/ext/Eigen/src/QR/FullPivHouseholderQR.h"
Install file: "include/cantera/ext/Eigen/src/QR/HouseholderQR.h" as "/opt/cantera/include/cantera/ext/Eigen/src/QR/HouseholderQR.h"
Install file: "include/cantera/ext/Eigen/src/QR/HouseholderQR_LAPACKE.h" as "/opt/cantera/include/cantera/ext/Eigen/src/QR/HouseholderQR_LAPACKE.h"
Install file: "include/cantera/ext/Eigen/src/SPQRSupport/SuiteSparseQRSupport.h" as "/opt/cantera/include/cantera/ext/Eigen/src/SPQRSupport/SuiteSparseQRSupport.h"
Install file: "include/cantera/ext/Eigen/src/SVD/BDCSVD.h" as "/opt/cantera/include/cantera/ext/Eigen/src/SVD/BDCSVD.h"
Install file: "include/cantera/ext/Eigen/src/SVD/JacobiSVD.h" as "/opt/cantera/include/cantera/ext/Eigen/src/SVD/JacobiSVD.h"
Install file: "include/cantera/ext/Eigen/src/SVD/JacobiSVD_LAPACKE.h" as "/opt/cantera/include/cantera/ext/Eigen/src/SVD/JacobiSVD_LAPACKE.h"
Install file: "include/cantera/ext/Eigen/src/SVD/SVDBase.h" as "/opt/cantera/include/cantera/ext/Eigen/src/SVD/SVDBase.h"
Install file: "include/cantera/ext/Eigen/src/SVD/UpperBidiagonalization.h" as "/opt/cantera/include/cantera/ext/Eigen/src/SVD/UpperBidiagonalization.h"
Install file: "include/cantera/ext/Eigen/src/SparseCholesky/SimplicialCholesky.h" as "/opt/cantera/include/cantera/ext/Eigen/src/SparseCholesky/SimplicialCholesky.h"
Install file: "include/cantera/ext/Eigen/src/SparseCholesky/SimplicialCholesky_impl.h" as "/opt/cantera/include/cantera/ext/Eigen/src/SparseCholesky/SimplicialCholesky_impl.h"
Install file: "include/cantera/ext/Eigen/src/SparseCore/AmbiVector.h" as "/opt/cantera/include/cantera/ext/Eigen/src/SparseCore/AmbiVector.h"
Install file: "include/cantera/ext/Eigen/src/SparseCore/CompressedStorage.h" as "/opt/cantera/include/cantera/ext/Eigen/src/SparseCore/CompressedStorage.h"
Install file: "include/cantera/ext/Eigen/src/SparseCore/ConservativeSparseSparseProduct.h" as "/opt/cantera/include/cantera/ext/Eigen/src/SparseCore/ConservativeSparseSparseProduct.h"
Install file: "include/cantera/ext/Eigen/src/SparseCore/MappedSparseMatrix.h" as "/opt/cantera/include/cantera/ext/Eigen/src/SparseCore/MappedSparseMatrix.h"
Install file: "include/cantera/ext/Eigen/src/SparseCore/SparseAssign.h" as "/opt/cantera/include/cantera/ext/Eigen/src/SparseCore/SparseAssign.h"
Install file: "include/cantera/ext/Eigen/src/SparseCore/SparseBlock.h" as "/opt/cantera/include/cantera/ext/Eigen/src/SparseCore/SparseBlock.h"
Install file: "include/cantera/ext/Eigen/src/SparseCore/SparseColEtree.h" as "/opt/cantera/include/cantera/ext/Eigen/src/SparseCore/SparseColEtree.h"
Install file: "include/cantera/ext/Eigen/src/SparseCore/SparseCompressedBase.h" as "/opt/cantera/include/cantera/ext/Eigen/src/SparseCore/SparseCompressedBase.h"
Install file: "include/cantera/ext/Eigen/src/SparseCore/SparseCwiseBinaryOp.h" as "/opt/cantera/include/cantera/ext/Eigen/src/SparseCore/SparseCwiseBinaryOp.h"
Install file: "include/cantera/ext/Eigen/src/SparseCore/SparseCwiseUnaryOp.h" as "/opt/cantera/include/cantera/ext/Eigen/src/SparseCore/SparseCwiseUnaryOp.h"
Install file: "include/cantera/ext/Eigen/src/SparseCore/SparseDenseProduct.h" as "/opt/cantera/include/cantera/ext/Eigen/src/SparseCore/SparseDenseProduct.h"
Install file: "include/cantera/ext/Eigen/src/SparseCore/SparseDiagonalProduct.h" as "/opt/cantera/include/cantera/ext/Eigen/src/SparseCore/SparseDiagonalProduct.h"
Install file: "include/cantera/ext/Eigen/src/SparseCore/SparseDot.h" as "/opt/cantera/include/cantera/ext/Eigen/src/SparseCore/SparseDot.h"
Install file: "include/cantera/ext/Eigen/src/SparseCore/SparseFuzzy.h" as "/opt/cantera/include/cantera/ext/Eigen/src/SparseCore/SparseFuzzy.h"
Install file: "include/cantera/ext/Eigen/src/SparseCore/SparseMap.h" as "/opt/cantera/include/cantera/ext/Eigen/src/SparseCore/SparseMap.h"
Install file: "include/cantera/ext/Eigen/src/SparseCore/SparseMatrix.h" as "/opt/cantera/include/cantera/ext/Eigen/src/SparseCore/SparseMatrix.h"
Install file: "include/cantera/ext/Eigen/src/SparseCore/SparseMatrixBase.h" as "/opt/cantera/include/cantera/ext/Eigen/src/SparseCore/SparseMatrixBase.h"
Install file: "include/cantera/ext/Eigen/src/SparseCore/SparsePermutation.h" as "/opt/cantera/include/cantera/ext/Eigen/src/SparseCore/SparsePermutation.h"
Install file: "include/cantera/ext/Eigen/src/SparseCore/SparseProduct.h" as "/opt/cantera/include/cantera/ext/Eigen/src/SparseCore/SparseProduct.h"
Install file: "include/cantera/ext/Eigen/src/SparseCore/SparseRedux.h" as "/opt/cantera/include/cantera/ext/Eigen/src/SparseCore/SparseRedux.h"
Install file: "include/cantera/ext/Eigen/src/SparseCore/SparseRef.h" as "/opt/cantera/include/cantera/ext/Eigen/src/SparseCore/SparseRef.h"
Install file: "include/cantera/ext/Eigen/src/SparseCore/SparseSelfAdjointView.h" as "/opt/cantera/include/cantera/ext/Eigen/src/SparseCore/SparseSelfAdjointView.h"
Install file: "include/cantera/ext/Eigen/src/SparseCore/SparseSolverBase.h" as "/opt/cantera/include/cantera/ext/Eigen/src/SparseCore/SparseSolverBase.h"
Install file: "include/cantera/ext/Eigen/src/SparseCore/SparseSparseProductWithPruning.h" as "/opt/cantera/include/cantera/ext/Eigen/src/SparseCore/SparseSparseProductWithPruning.h"
Install file: "include/cantera/ext/Eigen/src/SparseCore/SparseTranspose.h" as "/opt/cantera/include/cantera/ext/Eigen/src/SparseCore/SparseTranspose.h"
Install file: "include/cantera/ext/Eigen/src/SparseCore/SparseTriangularView.h" as "/opt/cantera/include/cantera/ext/Eigen/src/SparseCore/SparseTriangularView.h"
Install file: "include/cantera/ext/Eigen/src/SparseCore/SparseUtil.h" as "/opt/cantera/include/cantera/ext/Eigen/src/SparseCore/SparseUtil.h"
Install file: "include/cantera/ext/Eigen/src/SparseCore/SparseVector.h" as "/opt/cantera/include/cantera/ext/Eigen/src/SparseCore/SparseVector.h"
Install file: "include/cantera/ext/Eigen/src/SparseCore/SparseView.h" as "/opt/cantera/include/cantera/ext/Eigen/src/SparseCore/SparseView.h"
Install file: "include/cantera/ext/Eigen/src/SparseCore/TriangularSolver.h" as "/opt/cantera/include/cantera/ext/Eigen/src/SparseCore/TriangularSolver.h"
Install file: "include/cantera/ext/Eigen/src/SparseLU/SparseLU.h" as "/opt/cantera/include/cantera/ext/Eigen/src/SparseLU/SparseLU.h"
Install file: "include/cantera/ext/Eigen/src/SparseLU/SparseLUImpl.h" as "/opt/cantera/include/cantera/ext/Eigen/src/SparseLU/SparseLUImpl.h"
Install file: "include/cantera/ext/Eigen/src/SparseLU/SparseLU_Memory.h" as "/opt/cantera/include/cantera/ext/Eigen/src/SparseLU/SparseLU_Memory.h"
Install file: "include/cantera/ext/Eigen/src/SparseLU/SparseLU_Structs.h" as "/opt/cantera/include/cantera/ext/Eigen/src/SparseLU/SparseLU_Structs.h"
Install file: "include/cantera/ext/Eigen/src/SparseLU/SparseLU_SupernodalMatrix.h" as "/opt/cantera/include/cantera/ext/Eigen/src/SparseLU/SparseLU_SupernodalMatrix.h"
Install file: "include/cantera/ext/Eigen/src/SparseLU/SparseLU_Utils.h" as "/opt/cantera/include/cantera/ext/Eigen/src/SparseLU/SparseLU_Utils.h"
Install file: "include/cantera/ext/Eigen/src/SparseLU/SparseLU_column_bmod.h" as "/opt/cantera/include/cantera/ext/Eigen/src/SparseLU/SparseLU_column_bmod.h"
Install file: "include/cantera/ext/Eigen/src/SparseLU/SparseLU_column_dfs.h" as "/opt/cantera/include/cantera/ext/Eigen/src/SparseLU/SparseLU_column_dfs.h"
Install file: "include/cantera/ext/Eigen/src/SparseLU/SparseLU_copy_to_ucol.h" as "/opt/cantera/include/cantera/ext/Eigen/src/SparseLU/SparseLU_copy_to_ucol.h"
Install file: "include/cantera/ext/Eigen/src/SparseLU/SparseLU_gemm_kernel.h" as "/opt/cantera/include/cantera/ext/Eigen/src/SparseLU/SparseLU_gemm_kernel.h"
Install file: "include/cantera/ext/Eigen/src/SparseLU/SparseLU_heap_relax_snode.h" as "/opt/cantera/include/cantera/ext/Eigen/src/SparseLU/SparseLU_heap_relax_snode.h"
Install file: "include/cantera/ext/Eigen/src/SparseLU/SparseLU_kernel_bmod.h" as "/opt/cantera/include/cantera/ext/Eigen/src/SparseLU/SparseLU_kernel_bmod.h"
Install file: "include/cantera/ext/Eigen/src/SparseLU/SparseLU_panel_bmod.h" as "/opt/cantera/include/cantera/ext/Eigen/src/SparseLU/SparseLU_panel_bmod.h"
Install file: "include/cantera/ext/Eigen/src/SparseLU/SparseLU_panel_dfs.h" as "/opt/cantera/include/cantera/ext/Eigen/src/SparseLU/SparseLU_panel_dfs.h"
Install file: "include/cantera/ext/Eigen/src/SparseLU/SparseLU_pivotL.h" as "/opt/cantera/include/cantera/ext/Eigen/src/SparseLU/SparseLU_pivotL.h"
Install file: "include/cantera/ext/Eigen/src/SparseLU/SparseLU_pruneL.h" as "/opt/cantera/include/cantera/ext/Eigen/src/SparseLU/SparseLU_pruneL.h"
Install file: "include/cantera/ext/Eigen/src/SparseLU/SparseLU_relax_snode.h" as "/opt/cantera/include/cantera/ext/Eigen/src/SparseLU/SparseLU_relax_snode.h"
Install file: "include/cantera/ext/Eigen/src/SparseQR/SparseQR.h" as "/opt/cantera/include/cantera/ext/Eigen/src/SparseQR/SparseQR.h"
Install file: "include/cantera/ext/Eigen/src/StlSupport/StdDeque.h" as "/opt/cantera/include/cantera/ext/Eigen/src/StlSupport/StdDeque.h"
Install file: "include/cantera/ext/Eigen/src/StlSupport/StdList.h" as "/opt/cantera/include/cantera/ext/Eigen/src/StlSupport/StdList.h"
Install file: "include/cantera/ext/Eigen/src/StlSupport/StdVector.h" as "/opt/cantera/include/cantera/ext/Eigen/src/StlSupport/StdVector.h"
Install file: "include/cantera/ext/Eigen/src/StlSupport/details.h" as "/opt/cantera/include/cantera/ext/Eigen/src/StlSupport/details.h"
Install file: "include/cantera/ext/Eigen/src/SuperLUSupport/SuperLUSupport.h" as "/opt/cantera/include/cantera/ext/Eigen/src/SuperLUSupport/SuperLUSupport.h"
Install file: "include/cantera/ext/Eigen/src/UmfPackSupport/UmfPackSupport.h" as "/opt/cantera/include/cantera/ext/Eigen/src/UmfPackSupport/UmfPackSupport.h"
Install file: "include/cantera/ext/Eigen/src/misc/Image.h" as "/opt/cantera/include/cantera/ext/Eigen/src/misc/Image.h"
Install file: "include/cantera/ext/Eigen/src/misc/Kernel.h" as "/opt/cantera/include/cantera/ext/Eigen/src/misc/Kernel.h"
Install file: "include/cantera/ext/Eigen/src/misc/RealSvd2x2.h" as "/opt/cantera/include/cantera/ext/Eigen/src/misc/RealSvd2x2.h"
Install file: "include/cantera/ext/Eigen/src/misc/blas.h" as "/opt/cantera/include/cantera/ext/Eigen/src/misc/blas.h"
Install file: "include/cantera/ext/Eigen/src/misc/lapack.h" as "/opt/cantera/include/cantera/ext/Eigen/src/misc/lapack.h"
Install file: "include/cantera/ext/Eigen/src/misc/lapacke.h" as "/opt/cantera/include/cantera/ext/Eigen/src/misc/lapacke.h"
Install file: "include/cantera/ext/Eigen/src/misc/lapacke_mangling.h" as "/opt/cantera/include/cantera/ext/Eigen/src/misc/lapacke_mangling.h"
Install file: "include/cantera/ext/Eigen/src/plugins/ArrayCwiseBinaryOps.h" as "/opt/cantera/include/cantera/ext/Eigen/src/plugins/ArrayCwiseBinaryOps.h"
Install file: "include/cantera/ext/Eigen/src/plugins/ArrayCwiseUnaryOps.h" as "/opt/cantera/include/cantera/ext/Eigen/src/plugins/ArrayCwiseUnaryOps.h"
Install file: "include/cantera/ext/Eigen/src/plugins/BlockMethods.h" as "/opt/cantera/include/cantera/ext/Eigen/src/plugins/BlockMethods.h"
Install file: "include/cantera/ext/Eigen/src/plugins/CommonCwiseBinaryOps.h" as "/opt/cantera/include/cantera/ext/Eigen/src/plugins/CommonCwiseBinaryOps.h"
Install file: "include/cantera/ext/Eigen/src/plugins/CommonCwiseUnaryOps.h" as "/opt/cantera/include/cantera/ext/Eigen/src/plugins/CommonCwiseUnaryOps.h"
Install file: "include/cantera/ext/Eigen/src/plugins/MatrixCwiseBinaryOps.h" as "/opt/cantera/include/cantera/ext/Eigen/src/plugins/MatrixCwiseBinaryOps.h"
Install file: "include/cantera/ext/Eigen/src/plugins/MatrixCwiseUnaryOps.h" as "/opt/cantera/include/cantera/ext/Eigen/src/plugins/MatrixCwiseUnaryOps.h"
Install file: "include/cantera/ext/cvodes/cvodes.h" as "/opt/cantera/include/cantera/ext/cvodes/cvodes.h"
Install file: "include/cantera/ext/cvodes/cvodes_bandpre.h" as "/opt/cantera/include/cantera/ext/cvodes/cvodes_bandpre.h"
Install file: "include/cantera/ext/cvodes/cvodes_bbdpre.h" as "/opt/cantera/include/cantera/ext/cvodes/cvodes_bbdpre.h"
Install file: "include/cantera/ext/cvodes/cvodes_diag.h" as "/opt/cantera/include/cantera/ext/cvodes/cvodes_diag.h"
Install file: "include/cantera/ext/cvodes/cvodes_direct.h" as "/opt/cantera/include/cantera/ext/cvodes/cvodes_direct.h"
Install file: "include/cantera/ext/cvodes/cvodes_ls.h" as "/opt/cantera/include/cantera/ext/cvodes/cvodes_ls.h"
Install file: "include/cantera/ext/cvodes/cvodes_spils.h" as "/opt/cantera/include/cantera/ext/cvodes/cvodes_spils.h"
Install file: "include/cantera/ext/fmt/core.h" as "/opt/cantera/include/cantera/ext/fmt/core.h"
Install file: "include/cantera/ext/fmt/format-inl.h" as "/opt/cantera/include/cantera/ext/fmt/format-inl.h"
Install file: "include/cantera/ext/fmt/format.h" as "/opt/cantera/include/cantera/ext/fmt/format.h"
Install file: "include/cantera/ext/fmt/ostream.h" as "/opt/cantera/include/cantera/ext/fmt/ostream.h"
Install file: "include/cantera/ext/fmt/printf.h" as "/opt/cantera/include/cantera/ext/fmt/printf.h"
Install file: "include/cantera/ext/ida/ida.h" as "/opt/cantera/include/cantera/ext/ida/ida.h"
Install file: "include/cantera/ext/ida/ida_bbdpre.h" as "/opt/cantera/include/cantera/ext/ida/ida_bbdpre.h"
Install file: "include/cantera/ext/ida/ida_direct.h" as "/opt/cantera/include/cantera/ext/ida/ida_direct.h"
Install file: "include/cantera/ext/ida/ida_ls.h" as "/opt/cantera/include/cantera/ext/ida/ida_ls.h"
Install file: "include/cantera/ext/ida/ida_spils.h" as "/opt/cantera/include/cantera/ext/ida/ida_spils.h"
Install file: "include/cantera/ext/nvector/nvector_cuda.h" as "/opt/cantera/include/cantera/ext/nvector/nvector_cuda.h"
Install file: "include/cantera/ext/nvector/nvector_manyvector.h" as "/opt/cantera/include/cantera/ext/nvector/nvector_manyvector.h"
Install file: "include/cantera/ext/nvector/nvector_mpimanyvector.h" as "/opt/cantera/include/cantera/ext/nvector/nvector_mpimanyvector.h"
Install file: "include/cantera/ext/nvector/nvector_mpiplusx.h" as "/opt/cantera/include/cantera/ext/nvector/nvector_mpiplusx.h"
Install file: "include/cantera/ext/nvector/nvector_openmp.h" as "/opt/cantera/include/cantera/ext/nvector/nvector_openmp.h"
Install file: "include/cantera/ext/nvector/nvector_openmpdev.h" as "/opt/cantera/include/cantera/ext/nvector/nvector_openmpdev.h"
Install file: "include/cantera/ext/nvector/nvector_parallel.h" as "/opt/cantera/include/cantera/ext/nvector/nvector_parallel.h"
Install file: "include/cantera/ext/nvector/nvector_parhyp.h" as "/opt/cantera/include/cantera/ext/nvector/nvector_parhyp.h"
Install file: "include/cantera/ext/nvector/nvector_petsc.h" as "/opt/cantera/include/cantera/ext/nvector/nvector_petsc.h"
Install file: "include/cantera/ext/nvector/nvector_pthreads.h" as "/opt/cantera/include/cantera/ext/nvector/nvector_pthreads.h"
Install file: "include/cantera/ext/nvector/nvector_raja.h" as "/opt/cantera/include/cantera/ext/nvector/nvector_raja.h"
Install file: "include/cantera/ext/nvector/nvector_serial.h" as "/opt/cantera/include/cantera/ext/nvector/nvector_serial.h"
Install file: "include/cantera/ext/nvector/nvector_trilinos.h" as "/opt/cantera/include/cantera/ext/nvector/nvector_trilinos.h"
Install file: "include/cantera/ext/sundials/sundials_band.h" as "/opt/cantera/include/cantera/ext/sundials/sundials_band.h"
ConfigBuilder(["build/ext/sundials_config.h.build"], ["ext/sundials_config.h.in"])
INFO: Generating build/ext/sundials_config.h.build with the following settings:
    SUNDIALS_USE_GENERIC_MATH           1
    SUNDIALS_BLAS_LAPACK                *undefined*
Install file: "include/cantera/ext/sundials/sundials_config.h" as "/opt/cantera/include/cantera/ext/sundials/sundials_config.h"
Install file: "include/cantera/ext/sundials/sundials_dense.h" as "/opt/cantera/include/cantera/ext/sundials/sundials_dense.h"
Install file: "include/cantera/ext/sundials/sundials_direct.h" as "/opt/cantera/include/cantera/ext/sundials/sundials_direct.h"
Install file: "include/cantera/ext/sundials/sundials_fnvector.h" as "/opt/cantera/include/cantera/ext/sundials/sundials_fnvector.h"
Install file: "include/cantera/ext/sundials/sundials_futils.h" as "/opt/cantera/include/cantera/ext/sundials/sundials_futils.h"
Install file: "include/cantera/ext/sundials/sundials_iterative.h" as "/opt/cantera/include/cantera/ext/sundials/sundials_iterative.h"
Install file: "include/cantera/ext/sundials/sundials_lapack.h" as "/opt/cantera/include/cantera/ext/sundials/sundials_lapack.h"
Install file: "include/cantera/ext/sundials/sundials_linearsolver.h" as "/opt/cantera/include/cantera/ext/sundials/sundials_linearsolver.h"
Install file: "include/cantera/ext/sundials/sundials_math.h" as "/opt/cantera/include/cantera/ext/sundials/sundials_math.h"
Install file: "include/cantera/ext/sundials/sundials_matrix.h" as "/opt/cantera/include/cantera/ext/sundials/sundials_matrix.h"
Install file: "include/cantera/ext/sundials/sundials_mpi_types.h" as "/opt/cantera/include/cantera/ext/sundials/sundials_mpi_types.h"
Install file: "include/cantera/ext/sundials/sundials_nonlinearsolver.h" as "/opt/cantera/include/cantera/ext/sundials/sundials_nonlinearsolver.h"
Install file: "include/cantera/ext/sundials/sundials_nvector.h" as "/opt/cantera/include/cantera/ext/sundials/sundials_nvector.h"
Install file: "include/cantera/ext/sundials/sundials_nvector_senswrapper.h" as "/opt/cantera/include/cantera/ext/sundials/sundials_nvector_senswrapper.h"
Install file: "include/cantera/ext/sundials/sundials_types.h" as "/opt/cantera/include/cantera/ext/sundials/sundials_types.h"
Install file: "include/cantera/ext/sundials/sundials_version.h" as "/opt/cantera/include/cantera/ext/sundials/sundials_version.h"
Install file: "include/cantera/ext/sunlinsol/sunlinsol_band.h" as "/opt/cantera/include/cantera/ext/sunlinsol/sunlinsol_band.h"
Install file: "include/cantera/ext/sunlinsol/sunlinsol_cusolversp_batchqr.h" as "/opt/cantera/include/cantera/ext/sunlinsol/sunlinsol_cusolversp_batchqr.h"
Install file: "include/cantera/ext/sunlinsol/sunlinsol_dense.h" as "/opt/cantera/include/cantera/ext/sunlinsol/sunlinsol_dense.h"
Install file: "include/cantera/ext/sunlinsol/sunlinsol_klu.h" as "/opt/cantera/include/cantera/ext/sunlinsol/sunlinsol_klu.h"
Install file: "include/cantera/ext/sunlinsol/sunlinsol_lapackband.h" as "/opt/cantera/include/cantera/ext/sunlinsol/sunlinsol_lapackband.h"
Install file: "include/cantera/ext/sunlinsol/sunlinsol_lapackdense.h" as "/opt/cantera/include/cantera/ext/sunlinsol/sunlinsol_lapackdense.h"
Install file: "include/cantera/ext/sunlinsol/sunlinsol_pcg.h" as "/opt/cantera/include/cantera/ext/sunlinsol/sunlinsol_pcg.h"
Install file: "include/cantera/ext/sunlinsol/sunlinsol_spbcgs.h" as "/opt/cantera/include/cantera/ext/sunlinsol/sunlinsol_spbcgs.h"
Install file: "include/cantera/ext/sunlinsol/sunlinsol_spfgmr.h" as "/opt/cantera/include/cantera/ext/sunlinsol/sunlinsol_spfgmr.h"
Install file: "include/cantera/ext/sunlinsol/sunlinsol_spgmr.h" as "/opt/cantera/include/cantera/ext/sunlinsol/sunlinsol_spgmr.h"
Install file: "include/cantera/ext/sunlinsol/sunlinsol_sptfqmr.h" as "/opt/cantera/include/cantera/ext/sunlinsol/sunlinsol_sptfqmr.h"
Install file: "include/cantera/ext/sunlinsol/sunlinsol_superludist.h" as "/opt/cantera/include/cantera/ext/sunlinsol/sunlinsol_superludist.h"
Install file: "include/cantera/ext/sunlinsol/sunlinsol_superlumt.h" as "/opt/cantera/include/cantera/ext/sunlinsol/sunlinsol_superlumt.h"
Install file: "include/cantera/ext/sunmatrix/sunmatrix_band.h" as "/opt/cantera/include/cantera/ext/sunmatrix/sunmatrix_band.h"
Install file: "include/cantera/ext/sunmatrix/sunmatrix_cusparse.h" as "/opt/cantera/include/cantera/ext/sunmatrix/sunmatrix_cusparse.h"
Install file: "include/cantera/ext/sunmatrix/sunmatrix_dense.h" as "/opt/cantera/include/cantera/ext/sunmatrix/sunmatrix_dense.h"
Install file: "include/cantera/ext/sunmatrix/sunmatrix_slunrloc.h" as "/opt/cantera/include/cantera/ext/sunmatrix/sunmatrix_slunrloc.h"
Install file: "include/cantera/ext/sunmatrix/sunmatrix_sparse.h" as "/opt/cantera/include/cantera/ext/sunmatrix/sunmatrix_sparse.h"
Install file: "include/cantera/ext/sunnonlinsol/sunnonlinsol_fixedpoint.h" as "/opt/cantera/include/cantera/ext/sunnonlinsol/sunnonlinsol_fixedpoint.h"
Install file: "include/cantera/ext/sunnonlinsol/sunnonlinsol_newton.h" as "/opt/cantera/include/cantera/ext/sunnonlinsol/sunnonlinsol_newton.h"
Install file: "include/cantera/ext/sunnonlinsol/sunnonlinsol_petscsnes.h" as "/opt/cantera/include/cantera/ext/sunnonlinsol/sunnonlinsol_petscsnes.h"
Install file: "include/cantera/ext/yaml-cpp/anchor.h" as "/opt/cantera/include/cantera/ext/yaml-cpp/anchor.h"
Install file: "include/cantera/ext/yaml-cpp/binary.h" as "/opt/cantera/include/cantera/ext/yaml-cpp/binary.h"
Install file: "include/cantera/ext/yaml-cpp/contrib/anchordict.h" as "/opt/cantera/include/cantera/ext/yaml-cpp/contrib/anchordict.h"
Install file: "include/cantera/ext/yaml-cpp/contrib/graphbuilder.h" as "/opt/cantera/include/cantera/ext/yaml-cpp/contrib/graphbuilder.h"
Install file: "include/cantera/ext/yaml-cpp/dll.h" as "/opt/cantera/include/cantera/ext/yaml-cpp/dll.h"
Install file: "include/cantera/ext/yaml-cpp/emitfromevents.h" as "/opt/cantera/include/cantera/ext/yaml-cpp/emitfromevents.h"
Install file: "include/cantera/ext/yaml-cpp/emitter.h" as "/opt/cantera/include/cantera/ext/yaml-cpp/emitter.h"
Install file: "include/cantera/ext/yaml-cpp/emitterdef.h" as "/opt/cantera/include/cantera/ext/yaml-cpp/emitterdef.h"
Install file: "include/cantera/ext/yaml-cpp/emittermanip.h" as "/opt/cantera/include/cantera/ext/yaml-cpp/emittermanip.h"
Install file: "include/cantera/ext/yaml-cpp/emitterstyle.h" as "/opt/cantera/include/cantera/ext/yaml-cpp/emitterstyle.h"
Install file: "include/cantera/ext/yaml-cpp/eventhandler.h" as "/opt/cantera/include/cantera/ext/yaml-cpp/eventhandler.h"
Install file: "include/cantera/ext/yaml-cpp/exceptions.h" as "/opt/cantera/include/cantera/ext/yaml-cpp/exceptions.h"
Install file: "include/cantera/ext/yaml-cpp/mark.h" as "/opt/cantera/include/cantera/ext/yaml-cpp/mark.h"
Install file: "include/cantera/ext/yaml-cpp/node/convert.h" as "/opt/cantera/include/cantera/ext/yaml-cpp/node/convert.h"
Install file: "include/cantera/ext/yaml-cpp/node/detail/bool_type.h" as "/opt/cantera/include/cantera/ext/yaml-cpp/node/detail/bool_type.h"
Install file: "include/cantera/ext/yaml-cpp/node/detail/impl.h" as "/opt/cantera/include/cantera/ext/yaml-cpp/node/detail/impl.h"
Install file: "include/cantera/ext/yaml-cpp/node/detail/iterator.h" as "/opt/cantera/include/cantera/ext/yaml-cpp/node/detail/iterator.h"
Install file: "include/cantera/ext/yaml-cpp/node/detail/iterator_fwd.h" as "/opt/cantera/include/cantera/ext/yaml-cpp/node/detail/iterator_fwd.h"
Install file: "include/cantera/ext/yaml-cpp/node/detail/memory.h" as "/opt/cantera/include/cantera/ext/yaml-cpp/node/detail/memory.h"
Install file: "include/cantera/ext/yaml-cpp/node/detail/node.h" as "/opt/cantera/include/cantera/ext/yaml-cpp/node/detail/node.h"
Install file: "include/cantera/ext/yaml-cpp/node/detail/node_data.h" as "/opt/cantera/include/cantera/ext/yaml-cpp/node/detail/node_data.h"
Install file: "include/cantera/ext/yaml-cpp/node/detail/node_iterator.h" as "/opt/cantera/include/cantera/ext/yaml-cpp/node/detail/node_iterator.h"
Install file: "include/cantera/ext/yaml-cpp/node/detail/node_ref.h" as "/opt/cantera/include/cantera/ext/yaml-cpp/node/detail/node_ref.h"
Install file: "include/cantera/ext/yaml-cpp/node/emit.h" as "/opt/cantera/include/cantera/ext/yaml-cpp/node/emit.h"
Install file: "include/cantera/ext/yaml-cpp/node/impl.h" as "/opt/cantera/include/cantera/ext/yaml-cpp/node/impl.h"
Install file: "include/cantera/ext/yaml-cpp/node/iterator.h" as "/opt/cantera/include/cantera/ext/yaml-cpp/node/iterator.h"
Install file: "include/cantera/ext/yaml-cpp/node/node.h" as "/opt/cantera/include/cantera/ext/yaml-cpp/node/node.h"
Install file: "include/cantera/ext/yaml-cpp/node/parse.h" as "/opt/cantera/include/cantera/ext/yaml-cpp/node/parse.h"
Install file: "include/cantera/ext/yaml-cpp/node/ptr.h" as "/opt/cantera/include/cantera/ext/yaml-cpp/node/ptr.h"
Install file: "include/cantera/ext/yaml-cpp/node/type.h" as "/opt/cantera/include/cantera/ext/yaml-cpp/node/type.h"
Install file: "include/cantera/ext/yaml-cpp/null.h" as "/opt/cantera/include/cantera/ext/yaml-cpp/null.h"
Install file: "include/cantera/ext/yaml-cpp/ostream_wrapper.h" as "/opt/cantera/include/cantera/ext/yaml-cpp/ostream_wrapper.h"
Install file: "include/cantera/ext/yaml-cpp/parser.h" as "/opt/cantera/include/cantera/ext/yaml-cpp/parser.h"
Install file: "include/cantera/ext/yaml-cpp/stlemitter.h" as "/opt/cantera/include/cantera/ext/yaml-cpp/stlemitter.h"
Install file: "include/cantera/ext/yaml-cpp/traits.h" as "/opt/cantera/include/cantera/ext/yaml-cpp/traits.h"
Install file: "include/cantera/ext/yaml-cpp/yaml.h" as "/opt/cantera/include/cantera/ext/yaml-cpp/yaml.h"
Install file: "include/cantera/kinetics/Arrhenius.h" as "/opt/cantera/include/cantera/kinetics/Arrhenius.h"
Install file: "include/cantera/kinetics/BlowersMaselRate.h" as "/opt/cantera/include/cantera/kinetics/BlowersMaselRate.h"
Install file: "include/cantera/kinetics/BulkKinetics.h" as "/opt/cantera/include/cantera/kinetics/BulkKinetics.h"
Install file: "include/cantera/kinetics/ChebyshevRate.h" as "/opt/cantera/include/cantera/kinetics/ChebyshevRate.h"
Install file: "include/cantera/kinetics/Custom.h" as "/opt/cantera/include/cantera/kinetics/Custom.h"
Install file: "include/cantera/kinetics/EdgeKinetics.h" as "/opt/cantera/include/cantera/kinetics/EdgeKinetics.h"
Install file: "include/cantera/kinetics/Falloff.h" as "/opt/cantera/include/cantera/kinetics/Falloff.h"
Install file: "include/cantera/kinetics/FalloffFactory.h" as "/opt/cantera/include/cantera/kinetics/FalloffFactory.h"
Install file: "include/cantera/kinetics/FalloffMgr.h" as "/opt/cantera/include/cantera/kinetics/FalloffMgr.h"
Install file: "include/cantera/kinetics/GasKinetics.h" as "/opt/cantera/include/cantera/kinetics/GasKinetics.h"
Install file: "include/cantera/kinetics/Group.h" as "/opt/cantera/include/cantera/kinetics/Group.h"
Install file: "include/cantera/kinetics/ImplicitSurfChem.h" as "/opt/cantera/include/cantera/kinetics/ImplicitSurfChem.h"
Install file: "include/cantera/kinetics/InterfaceKinetics.h" as "/opt/cantera/include/cantera/kinetics/InterfaceKinetics.h"
Install file: "include/cantera/kinetics/InterfaceRate.h" as "/opt/cantera/include/cantera/kinetics/InterfaceRate.h"
Install file: "include/cantera/kinetics/Kinetics.h" as "/opt/cantera/include/cantera/kinetics/Kinetics.h"
Install file: "include/cantera/kinetics/KineticsFactory.h" as "/opt/cantera/include/cantera/kinetics/KineticsFactory.h"
Install file: "include/cantera/kinetics/MultiRate.h" as "/opt/cantera/include/cantera/kinetics/MultiRate.h"
Install file: "include/cantera/kinetics/MultiRateBase.h" as "/opt/cantera/include/cantera/kinetics/MultiRateBase.h"
Install file: "include/cantera/kinetics/PlogRate.h" as "/opt/cantera/include/cantera/kinetics/PlogRate.h"
Install file: "include/cantera/kinetics/RateCoeffMgr.h" as "/opt/cantera/include/cantera/kinetics/RateCoeffMgr.h"
Install file: "include/cantera/kinetics/Reaction.h" as "/opt/cantera/include/cantera/kinetics/Reaction.h"
Install file: "include/cantera/kinetics/ReactionData.h" as "/opt/cantera/include/cantera/kinetics/ReactionData.h"
Install file: "include/cantera/kinetics/ReactionPath.h" as "/opt/cantera/include/cantera/kinetics/ReactionPath.h"
Install file: "include/cantera/kinetics/ReactionRate.h" as "/opt/cantera/include/cantera/kinetics/ReactionRate.h"
Install file: "include/cantera/kinetics/ReactionRateFactory.h" as "/opt/cantera/include/cantera/kinetics/ReactionRateFactory.h"
Install file: "include/cantera/kinetics/RxnRates.h" as "/opt/cantera/include/cantera/kinetics/RxnRates.h"
Install file: "include/cantera/kinetics/StoichManager.h" as "/opt/cantera/include/cantera/kinetics/StoichManager.h"
Install file: "include/cantera/kinetics/ThirdBodyCalc.h" as "/opt/cantera/include/cantera/kinetics/ThirdBodyCalc.h"
Install file: "include/cantera/kinetics/TwoTempPlasmaRate.h" as "/opt/cantera/include/cantera/kinetics/TwoTempPlasmaRate.h"
Install file: "include/cantera/kinetics/importKinetics.h" as "/opt/cantera/include/cantera/kinetics/importKinetics.h"
Install file: "include/cantera/kinetics/reaction_defs.h" as "/opt/cantera/include/cantera/kinetics/reaction_defs.h"
Install file: "include/cantera/kinetics/solveSP.h" as "/opt/cantera/include/cantera/kinetics/solveSP.h"
Install file: "include/cantera/kinetics.h" as "/opt/cantera/include/cantera/kinetics.h"
Install file: "include/cantera/numerics/BandMatrix.h" as "/opt/cantera/include/cantera/numerics/BandMatrix.h"
Install file: "include/cantera/numerics/CVodesIntegrator.h" as "/opt/cantera/include/cantera/numerics/CVodesIntegrator.h"
Install file: "include/cantera/numerics/DAE_Solver.h" as "/opt/cantera/include/cantera/numerics/DAE_Solver.h"
Install file: "include/cantera/numerics/DenseMatrix.h" as "/opt/cantera/include/cantera/numerics/DenseMatrix.h"
Install file: "include/cantera/numerics/Func1.h" as "/opt/cantera/include/cantera/numerics/Func1.h"
Install file: "include/cantera/numerics/FuncEval.h" as "/opt/cantera/include/cantera/numerics/FuncEval.h"
Install file: "include/cantera/numerics/GeneralMatrix.h" as "/opt/cantera/include/cantera/numerics/GeneralMatrix.h"
Install file: "include/cantera/numerics/IDA_Solver.h" as "/opt/cantera/include/cantera/numerics/IDA_Solver.h"
Install file: "include/cantera/numerics/Integrator.h" as "/opt/cantera/include/cantera/numerics/Integrator.h"
Install file: "include/cantera/numerics/ResidEval.h" as "/opt/cantera/include/cantera/numerics/ResidEval.h"
Install file: "include/cantera/numerics/ResidJacEval.h" as "/opt/cantera/include/cantera/numerics/ResidJacEval.h"
Install file: "include/cantera/numerics/SundialsContext.h" as "/opt/cantera/include/cantera/numerics/SundialsContext.h"
Install file: "include/cantera/numerics/ctlapack.h" as "/opt/cantera/include/cantera/numerics/ctlapack.h"
Install file: "include/cantera/numerics/eigen_dense.h" as "/opt/cantera/include/cantera/numerics/eigen_dense.h"
Install file: "include/cantera/numerics/eigen_sparse.h" as "/opt/cantera/include/cantera/numerics/eigen_sparse.h"
Install file: "include/cantera/numerics/funcs.h" as "/opt/cantera/include/cantera/numerics/funcs.h"
Install file: "include/cantera/numerics/polyfit.h" as "/opt/cantera/include/cantera/numerics/polyfit.h"
Install file: "include/cantera/oneD/Boundary1D.h" as "/opt/cantera/include/cantera/oneD/Boundary1D.h"
Install file: "include/cantera/oneD/Domain1D.h" as "/opt/cantera/include/cantera/oneD/Domain1D.h"
Install file: "include/cantera/oneD/Inlet1D.h" as "/opt/cantera/include/cantera/oneD/Inlet1D.h"
Install file: "include/cantera/oneD/IonFlow.h" as "/opt/cantera/include/cantera/oneD/IonFlow.h"
Install file: "include/cantera/oneD/MultiJac.h" as "/opt/cantera/include/cantera/oneD/MultiJac.h"
Install file: "include/cantera/oneD/MultiNewton.h" as "/opt/cantera/include/cantera/oneD/MultiNewton.h"
Install file: "include/cantera/oneD/OneDim.h" as "/opt/cantera/include/cantera/oneD/OneDim.h"
Install file: "include/cantera/oneD/Sim1D.h" as "/opt/cantera/include/cantera/oneD/Sim1D.h"
Install file: "include/cantera/oneD/StFlow.h" as "/opt/cantera/include/cantera/oneD/StFlow.h"
Install file: "include/cantera/oneD/refine.h" as "/opt/cantera/include/cantera/oneD/refine.h"
Install file: "include/cantera/onedim.h" as "/opt/cantera/include/cantera/onedim.h"
Install file: "include/cantera/reactionpaths.h" as "/opt/cantera/include/cantera/reactionpaths.h"
Install file: "include/cantera/test/gtest_utils.h" as "/opt/cantera/include/cantera/test/gtest_utils.h"
Install file: "include/cantera/thermo/BinarySolutionTabulatedThermo.h" as "/opt/cantera/include/cantera/thermo/BinarySolutionTabulatedThermo.h"
Install file: "include/cantera/thermo/ConstCpPoly.h" as "/opt/cantera/include/cantera/thermo/ConstCpPoly.h"
Install file: "include/cantera/thermo/DebyeHuckel.h" as "/opt/cantera/include/cantera/thermo/DebyeHuckel.h"
Install file: "include/cantera/thermo/EdgePhase.h" as "/opt/cantera/include/cantera/thermo/EdgePhase.h"
Install file: "include/cantera/thermo/Elements.h" as "/opt/cantera/include/cantera/thermo/Elements.h"
Install file: "include/cantera/thermo/GibbsExcessVPSSTP.h" as "/opt/cantera/include/cantera/thermo/GibbsExcessVPSSTP.h"
Install file: "include/cantera/thermo/HMWSoln.h" as "/opt/cantera/include/cantera/thermo/HMWSoln.h"
Install file: "include/cantera/thermo/IdealGasPhase.h" as "/opt/cantera/include/cantera/thermo/IdealGasPhase.h"
Install file: "include/cantera/thermo/IdealMolalSoln.h" as "/opt/cantera/include/cantera/thermo/IdealMolalSoln.h"
Install file: "include/cantera/thermo/IdealSolidSolnPhase.h" as "/opt/cantera/include/cantera/thermo/IdealSolidSolnPhase.h"
Install file: "include/cantera/thermo/IdealSolnGasVPSS.h" as "/opt/cantera/include/cantera/thermo/IdealSolnGasVPSS.h"
Install file: "include/cantera/thermo/IonsFromNeutralVPSSTP.h" as "/opt/cantera/include/cantera/thermo/IonsFromNeutralVPSSTP.h"
Install file: "include/cantera/thermo/LatticePhase.h" as "/opt/cantera/include/cantera/thermo/LatticePhase.h"
Install file: "include/cantera/thermo/LatticeSolidPhase.h" as "/opt/cantera/include/cantera/thermo/LatticeSolidPhase.h"
Install file: "include/cantera/thermo/MargulesVPSSTP.h" as "/opt/cantera/include/cantera/thermo/MargulesVPSSTP.h"
Install file: "include/cantera/thermo/MaskellSolidSolnPhase.h" as "/opt/cantera/include/cantera/thermo/MaskellSolidSolnPhase.h"
Install file: "include/cantera/thermo/MetalPhase.h" as "/opt/cantera/include/cantera/thermo/MetalPhase.h"
Install file: "include/cantera/thermo/MixtureFugacityTP.h" as "/opt/cantera/include/cantera/thermo/MixtureFugacityTP.h"
Install file: "include/cantera/thermo/MolalityVPSSTP.h" as "/opt/cantera/include/cantera/thermo/MolalityVPSSTP.h"
Install file: "include/cantera/thermo/Mu0Poly.h" as "/opt/cantera/include/cantera/thermo/Mu0Poly.h"
Install file: "include/cantera/thermo/MultiSpeciesThermo.h" as "/opt/cantera/include/cantera/thermo/MultiSpeciesThermo.h"
Install file: "include/cantera/thermo/Nasa9Poly1.h" as "/opt/cantera/include/cantera/thermo/Nasa9Poly1.h"
Install file: "include/cantera/thermo/Nasa9PolyMultiTempRegion.h" as "/opt/cantera/include/cantera/thermo/Nasa9PolyMultiTempRegion.h"
Install file: "include/cantera/thermo/NasaPoly1.h" as "/opt/cantera/include/cantera/thermo/NasaPoly1.h"
Install file: "include/cantera/thermo/NasaPoly2.h" as "/opt/cantera/include/cantera/thermo/NasaPoly2.h"
Install file: "include/cantera/thermo/PDSS.h" as "/opt/cantera/include/cantera/thermo/PDSS.h"
Install file: "include/cantera/thermo/PDSSFactory.h" as "/opt/cantera/include/cantera/thermo/PDSSFactory.h"
Install file: "include/cantera/thermo/PDSS_ConstVol.h" as "/opt/cantera/include/cantera/thermo/PDSS_ConstVol.h"
Install file: "include/cantera/thermo/PDSS_HKFT.h" as "/opt/cantera/include/cantera/thermo/PDSS_HKFT.h"
Install file: "include/cantera/thermo/PDSS_IdealGas.h" as "/opt/cantera/include/cantera/thermo/PDSS_IdealGas.h"
Install file: "include/cantera/thermo/PDSS_IonsFromNeutral.h" as "/opt/cantera/include/cantera/thermo/PDSS_IonsFromNeutral.h"
Install file: "include/cantera/thermo/PDSS_SSVol.h" as "/opt/cantera/include/cantera/thermo/PDSS_SSVol.h"
Install file: "include/cantera/thermo/PDSS_Water.h" as "/opt/cantera/include/cantera/thermo/PDSS_Water.h"
Install file: "include/cantera/thermo/PengRobinson.h" as "/opt/cantera/include/cantera/thermo/PengRobinson.h"
Install file: "include/cantera/thermo/Phase.h" as "/opt/cantera/include/cantera/thermo/Phase.h"
Install file: "include/cantera/thermo/PlasmaPhase.h" as "/opt/cantera/include/cantera/thermo/PlasmaPhase.h"
Install file: "include/cantera/thermo/PureFluidPhase.h" as "/opt/cantera/include/cantera/thermo/PureFluidPhase.h"
Install file: "include/cantera/thermo/RedlichKisterVPSSTP.h" as "/opt/cantera/include/cantera/thermo/RedlichKisterVPSSTP.h"
Install file: "include/cantera/thermo/RedlichKwongMFTP.h" as "/opt/cantera/include/cantera/thermo/RedlichKwongMFTP.h"
Install file: "include/cantera/thermo/ShomatePoly.h" as "/opt/cantera/include/cantera/thermo/ShomatePoly.h"
Install file: "include/cantera/thermo/SingleSpeciesTP.h" as "/opt/cantera/include/cantera/thermo/SingleSpeciesTP.h"
Install file: "include/cantera/thermo/Species.h" as "/opt/cantera/include/cantera/thermo/Species.h"
Install file: "include/cantera/thermo/SpeciesThermoFactory.h" as "/opt/cantera/include/cantera/thermo/SpeciesThermoFactory.h"
Install file: "include/cantera/thermo/SpeciesThermoInterpType.h" as "/opt/cantera/include/cantera/thermo/SpeciesThermoInterpType.h"
Install file: "include/cantera/thermo/StoichSubstance.h" as "/opt/cantera/include/cantera/thermo/StoichSubstance.h"
Install file: "include/cantera/thermo/SurfPhase.h" as "/opt/cantera/include/cantera/thermo/SurfPhase.h"
Install file: "include/cantera/thermo/ThermoFactory.h" as "/opt/cantera/include/cantera/thermo/ThermoFactory.h"
Install file: "include/cantera/thermo/ThermoPhase.h" as "/opt/cantera/include/cantera/thermo/ThermoPhase.h"
Install file: "include/cantera/thermo/VPStandardStateTP.h" as "/opt/cantera/include/cantera/thermo/VPStandardStateTP.h"
Install file: "include/cantera/thermo/WaterProps.h" as "/opt/cantera/include/cantera/thermo/WaterProps.h"
Install file: "include/cantera/thermo/WaterPropsIAPWS.h" as "/opt/cantera/include/cantera/thermo/WaterPropsIAPWS.h"
Install file: "include/cantera/thermo/WaterPropsIAPWSphi.h" as "/opt/cantera/include/cantera/thermo/WaterPropsIAPWSphi.h"
Install file: "include/cantera/thermo/WaterSSTP.h" as "/opt/cantera/include/cantera/thermo/WaterSSTP.h"
Install file: "include/cantera/thermo/electrolytes.h" as "/opt/cantera/include/cantera/thermo/electrolytes.h"
Install file: "include/cantera/thermo/speciesThermoTypes.h" as "/opt/cantera/include/cantera/thermo/speciesThermoTypes.h"
Install file: "include/cantera/thermo.h" as "/opt/cantera/include/cantera/thermo.h"
Install file: "include/cantera/tpx/Sub.h" as "/opt/cantera/include/cantera/tpx/Sub.h"
Install file: "include/cantera/tpx/utils.h" as "/opt/cantera/include/cantera/tpx/utils.h"
Install file: "include/cantera/transport/DustyGasTransport.h" as "/opt/cantera/include/cantera/transport/DustyGasTransport.h"
Install file: "include/cantera/transport/GasTransport.h" as "/opt/cantera/include/cantera/transport/GasTransport.h"
Install file: "include/cantera/transport/HighPressureGasTransport.h" as "/opt/cantera/include/cantera/transport/HighPressureGasTransport.h"
Install file: "include/cantera/transport/IonGasTransport.h" as "/opt/cantera/include/cantera/transport/IonGasTransport.h"
Install file: "include/cantera/transport/MixTransport.h" as "/opt/cantera/include/cantera/transport/MixTransport.h"
Install file: "include/cantera/transport/MultiTransport.h" as "/opt/cantera/include/cantera/transport/MultiTransport.h"
Install file: "include/cantera/transport/TransportBase.h" as "/opt/cantera/include/cantera/transport/TransportBase.h"
Install file: "include/cantera/transport/TransportData.h" as "/opt/cantera/include/cantera/transport/TransportData.h"
Install file: "include/cantera/transport/TransportFactory.h" as "/opt/cantera/include/cantera/transport/TransportFactory.h"
Install file: "include/cantera/transport/UnityLewisTransport.h" as "/opt/cantera/include/cantera/transport/UnityLewisTransport.h"
Install file: "include/cantera/transport/WaterTransport.h" as "/opt/cantera/include/cantera/transport/WaterTransport.h"
Install file: "include/cantera/transport.h" as "/opt/cantera/include/cantera/transport.h"
Install file: "include/cantera/zeroD/ConstPressureReactor.h" as "/opt/cantera/include/cantera/zeroD/ConstPressureReactor.h"
Install file: "include/cantera/zeroD/FlowDevice.h" as "/opt/cantera/include/cantera/zeroD/FlowDevice.h"
Install file: "include/cantera/zeroD/FlowDeviceFactory.h" as "/opt/cantera/include/cantera/zeroD/FlowDeviceFactory.h"
Install file: "include/cantera/zeroD/FlowReactor.h" as "/opt/cantera/include/cantera/zeroD/FlowReactor.h"
Install file: "include/cantera/zeroD/IdealGasConstPressureReactor.h" as "/opt/cantera/include/cantera/zeroD/IdealGasConstPressureReactor.h"
Install file: "include/cantera/zeroD/IdealGasReactor.h" as "/opt/cantera/include/cantera/zeroD/IdealGasReactor.h"
Install file: "include/cantera/zeroD/Reactor.h" as "/opt/cantera/include/cantera/zeroD/Reactor.h"
Install file: "include/cantera/zeroD/ReactorBase.h" as "/opt/cantera/include/cantera/zeroD/ReactorBase.h"
Install file: "include/cantera/zeroD/ReactorDelegator.h" as "/opt/cantera/include/cantera/zeroD/ReactorDelegator.h"
Install file: "include/cantera/zeroD/ReactorFactory.h" as "/opt/cantera/include/cantera/zeroD/ReactorFactory.h"
Install file: "include/cantera/zeroD/ReactorNet.h" as "/opt/cantera/include/cantera/zeroD/ReactorNet.h"
Install file: "include/cantera/zeroD/ReactorSurface.h" as "/opt/cantera/include/cantera/zeroD/ReactorSurface.h"
Install file: "include/cantera/zeroD/Reservoir.h" as "/opt/cantera/include/cantera/zeroD/Reservoir.h"
Install file: "include/cantera/zeroD/Wall.h" as "/opt/cantera/include/cantera/zeroD/Wall.h"
Install file: "include/cantera/zeroD/WallFactory.h" as "/opt/cantera/include/cantera/zeroD/WallFactory.h"
Install file: "include/cantera/zeroD/flowControllers.h" as "/opt/cantera/include/cantera/zeroD/flowControllers.h"
Install file: "include/cantera/zerodim.h" as "/opt/cantera/include/cantera/zerodim.h"
Install file: "build/data/KOH.cti" as "/opt/cantera/share/cantera/data/KOH.cti"
Install file: "build/data/KOH.xml" as "/opt/cantera/share/cantera/data/KOH.xml"
Install file: "build/data/KOH.yaml" as "/opt/cantera/share/cantera/data/KOH.yaml"
Install file: "build/data/air.cti" as "/opt/cantera/share/cantera/data/air.cti"
Install file: "build/data/air.xml" as "/opt/cantera/share/cantera/data/air.xml"
Install file: "build/data/air.yaml" as "/opt/cantera/share/cantera/data/air.yaml"
Install file: "build/data/airNASA9.cti" as "/opt/cantera/share/cantera/data/airNASA9.cti"
Install file: "build/data/airNASA9.xml" as "/opt/cantera/share/cantera/data/airNASA9.xml"
Install file: "build/data/airNASA9.yaml" as "/opt/cantera/share/cantera/data/airNASA9.yaml"
Install file: "build/data/argon.cti" as "/opt/cantera/share/cantera/data/argon.cti"
Install file: "build/data/argon.xml" as "/opt/cantera/share/cantera/data/argon.xml"
Install file: "build/data/critical-properties.yaml" as "/opt/cantera/share/cantera/data/critical-properties.yaml"
Install file: "build/data/diamond.cti" as "/opt/cantera/share/cantera/data/diamond.cti"
Install file: "build/data/diamond.xml" as "/opt/cantera/share/cantera/data/diamond.xml"
Install file: "build/data/diamond.yaml" as "/opt/cantera/share/cantera/data/diamond.yaml"
Install file: "build/data/element-standard-entropies.yaml" as "/opt/cantera/share/cantera/data/element-standard-entropies.yaml"
Install file: "build/data/elements.xml" as "/opt/cantera/share/cantera/data/elements.xml"
Install file: "build/data/graphite.cti" as "/opt/cantera/share/cantera/data/graphite.cti"
Install file: "build/data/graphite.xml" as "/opt/cantera/share/cantera/data/graphite.xml"
Install file: "build/data/graphite.yaml" as "/opt/cantera/share/cantera/data/graphite.yaml"
Install file: "build/data/gri30.cti" as "/opt/cantera/share/cantera/data/gri30.cti"
Install file: "build/data/gri30.xml" as "/opt/cantera/share/cantera/data/gri30.xml"
Install file: "build/data/gri30.yaml" as "/opt/cantera/share/cantera/data/gri30.yaml"
Install file: "build/data/gri30_highT.cti" as "/opt/cantera/share/cantera/data/gri30_highT.cti"
Install file: "build/data/gri30_highT.xml" as "/opt/cantera/share/cantera/data/gri30_highT.xml"
Install file: "build/data/gri30_highT.yaml" as "/opt/cantera/share/cantera/data/gri30_highT.yaml"
Install file: "build/data/gri30_ion.cti" as "/opt/cantera/share/cantera/data/gri30_ion.cti"
Install file: "build/data/gri30_ion.xml" as "/opt/cantera/share/cantera/data/gri30_ion.xml"
Install file: "build/data/gri30_ion.yaml" as "/opt/cantera/share/cantera/data/gri30_ion.yaml"
Install file: "build/data/h2o2.cti" as "/opt/cantera/share/cantera/data/h2o2.cti"
Install file: "build/data/h2o2.xml" as "/opt/cantera/share/cantera/data/h2o2.xml"
Install file: "build/data/h2o2.yaml" as "/opt/cantera/share/cantera/data/h2o2.yaml"
Install file: "build/data/liquidvapor.cti" as "/opt/cantera/share/cantera/data/liquidvapor.cti"
Install file: "build/data/liquidvapor.xml" as "/opt/cantera/share/cantera/data/liquidvapor.xml"
Install file: "build/data/liquidvapor.yaml" as "/opt/cantera/share/cantera/data/liquidvapor.yaml"
Install file: "build/data/lithium_ion_battery.cti" as "/opt/cantera/share/cantera/data/lithium_ion_battery.cti"
Install file: "build/data/lithium_ion_battery.xml" as "/opt/cantera/share/cantera/data/lithium_ion_battery.xml"
Install file: "build/data/lithium_ion_battery.yaml" as "/opt/cantera/share/cantera/data/lithium_ion_battery.yaml"
Install file: "build/data/methane_pox_on_pt.cti" as "/opt/cantera/share/cantera/data/methane_pox_on_pt.cti"
Install file: "build/data/methane_pox_on_pt.xml" as "/opt/cantera/share/cantera/data/methane_pox_on_pt.xml"
Install file: "build/data/methane_pox_on_pt.yaml" as "/opt/cantera/share/cantera/data/methane_pox_on_pt.yaml"
Install file: "build/data/nDodecane_Reitz.cti" as "/opt/cantera/share/cantera/data/nDodecane_Reitz.cti"
Install file: "build/data/nDodecane_Reitz.xml" as "/opt/cantera/share/cantera/data/nDodecane_Reitz.xml"
Install file: "build/data/nDodecane_Reitz.yaml" as "/opt/cantera/share/cantera/data/nDodecane_Reitz.yaml"
Install file: "build/data/nasa.cti" as "/opt/cantera/share/cantera/data/nasa.cti"
Install file: "build/data/nasa.xml" as "/opt/cantera/share/cantera/data/nasa.xml"
Install file: "build/data/nasa_condensed.cti" as "/opt/cantera/share/cantera/data/nasa_condensed.cti"
Install file: "build/data/nasa_condensed.xml" as "/opt/cantera/share/cantera/data/nasa_condensed.xml"
Install file: "build/data/nasa_condensed.yaml" as "/opt/cantera/share/cantera/data/nasa_condensed.yaml"
Install file: "build/data/nasa_gas.cti" as "/opt/cantera/share/cantera/data/nasa_gas.cti"
Install file: "build/data/nasa_gas.xml" as "/opt/cantera/share/cantera/data/nasa_gas.xml"
Install file: "build/data/nasa_gas.yaml" as "/opt/cantera/share/cantera/data/nasa_gas.yaml"
Install file: "build/data/ohn.cti" as "/opt/cantera/share/cantera/data/ohn.cti"
Install file: "build/data/ohn.xml" as "/opt/cantera/share/cantera/data/ohn.xml"
Install file: "build/data/ohn.yaml" as "/opt/cantera/share/cantera/data/ohn.yaml"
Install file: "build/data/ptcombust.cti" as "/opt/cantera/share/cantera/data/ptcombust.cti"
Install file: "build/data/ptcombust.xml" as "/opt/cantera/share/cantera/data/ptcombust.xml"
Install file: "build/data/ptcombust.yaml" as "/opt/cantera/share/cantera/data/ptcombust.yaml"
Install file: "build/data/silane.cti" as "/opt/cantera/share/cantera/data/silane.cti"
Install file: "build/data/silane.xml" as "/opt/cantera/share/cantera/data/silane.xml"
Install file: "build/data/silane.yaml" as "/opt/cantera/share/cantera/data/silane.yaml"
Install file: "build/data/silicon.cti" as "/opt/cantera/share/cantera/data/silicon.cti"
Install file: "build/data/silicon.xml" as "/opt/cantera/share/cantera/data/silicon.xml"
Install file: "build/data/silicon.yaml" as "/opt/cantera/share/cantera/data/silicon.yaml"
Install file: "build/data/silicon_carbide.cti" as "/opt/cantera/share/cantera/data/silicon_carbide.cti"
Install file: "build/data/silicon_carbide.xml" as "/opt/cantera/share/cantera/data/silicon_carbide.xml"
Install file: "build/data/silicon_carbide.yaml" as "/opt/cantera/share/cantera/data/silicon_carbide.yaml"
Install file: "build/data/sofc.cti" as "/opt/cantera/share/cantera/data/sofc.cti"
Install file: "build/data/sofc.xml" as "/opt/cantera/share/cantera/data/sofc.xml"
Install file: "build/data/sofc.yaml" as "/opt/cantera/share/cantera/data/sofc.yaml"
Install file: "build/data/water.cti" as "/opt/cantera/share/cantera/data/water.cti"
Install file: "build/data/water.xml" as "/opt/cantera/share/cantera/data/water.xml"
Install file: "build/data/water.yaml" as "/opt/cantera/share/cantera/data/water.yaml"
Install file: "build/ext/LICENSE.txt" as "/opt/cantera/share/cantera/doc/LICENSE.txt"
Install file: "build/lib/libcantera.a" as "/opt/cantera/lib/libcantera.a"
Install file: "build/lib/libcantera_shared.so.2.6.0" as "/opt/cantera/lib/libcantera_shared.so.2.6.0"
Install file: "platform/posix/man/ck2cti.1" as "/opt/cantera/share/man/man1/ck2cti.1"
Install file: "platform/posix/man/ck2yaml.1" as "/opt/cantera/share/man/man1/ck2yaml.1"
Install file: "platform/posix/man/cti2yaml.1" as "/opt/cantera/share/man/man1/cti2yaml.1"
Install file: "platform/posix/man/ctml2yaml.1" as "/opt/cantera/share/man/man1/ctml2yaml.1"
Install file: "platform/posix/man/ctml_writer.1" as "/opt/cantera/share/man/man1/ctml_writer.1"
copy_var(["build/platform/setup_cantera"], ["platform/posix/setup_cantera.in"])
Substituting vars from platform/posix/setup_cantera.in to build/platform/setup_cantera
Install file: "build/platform/setup_cantera" as "/opt/cantera/bin/setup_cantera"
copy_var(["build/platform/setup_cantera.csh"], ["platform/posix/setup_cantera.csh.in"])
Substituting vars from platform/posix/setup_cantera.csh.in to build/platform/setup_cantera.csh
Install file: "build/platform/setup_cantera.csh" as "/opt/cantera/bin/setup_cantera.csh"
Install file: "build/platform/Cantera.mak" as "/opt/cantera/include/cantera/Cantera.mak"
Install file: "build/platform/cantera.pc" as "/opt/cantera/lib/pkgconfig/cantera.pc"
Substituting vars from samples/cxx/SConstruct.in to build/samples/cxx/combustor/SConstruct
Install file: "build/samples/cxx/combustor/SConstruct" as "/opt/cantera/share/cantera/samples/cxx/combustor/SConstruct"
Substituting vars from samples/cxx/CMakeLists.txt.in to build/samples/cxx/combustor/CMakeLists.txt
Install file: "build/samples/cxx/combustor/CMakeLists.txt" as "/opt/cantera/share/cantera/samples/cxx/combustor/CMakeLists.txt"
Install file: "build/samples/cxx/combustor/Makefile" as "/opt/cantera/share/cantera/samples/cxx/combustor/Makefile"
Substituting vars from samples/cxx/SConstruct.in to build/samples/cxx/custom/SConstruct
Install file: "build/samples/cxx/custom/SConstruct" as "/opt/cantera/share/cantera/samples/cxx/custom/SConstruct"
Substituting vars from samples/cxx/CMakeLists.txt.in to build/samples/cxx/custom/CMakeLists.txt
Install file: "build/samples/cxx/custom/CMakeLists.txt" as "/opt/cantera/share/cantera/samples/cxx/custom/CMakeLists.txt"
Install file: "build/samples/cxx/custom/Makefile" as "/opt/cantera/share/cantera/samples/cxx/custom/Makefile"
Substituting vars from samples/cxx/SConstruct.in to build/samples/cxx/demo/SConstruct
Install file: "build/samples/cxx/demo/SConstruct" as "/opt/cantera/share/cantera/samples/cxx/demo/SConstruct"
Substituting vars from samples/cxx/CMakeLists.txt.in to build/samples/cxx/demo/CMakeLists.txt
Install file: "build/samples/cxx/demo/CMakeLists.txt" as "/opt/cantera/share/cantera/samples/cxx/demo/CMakeLists.txt"
Install file: "build/samples/cxx/demo/Makefile" as "/opt/cantera/share/cantera/samples/cxx/demo/Makefile"
Substituting vars from samples/cxx/SConstruct.in to build/samples/cxx/flamespeed/SConstruct
Install file: "build/samples/cxx/flamespeed/SConstruct" as "/opt/cantera/share/cantera/samples/cxx/flamespeed/SConstruct"
Substituting vars from samples/cxx/CMakeLists.txt.in to build/samples/cxx/flamespeed/CMakeLists.txt
Install file: "build/samples/cxx/flamespeed/CMakeLists.txt" as "/opt/cantera/share/cantera/samples/cxx/flamespeed/CMakeLists.txt"
Install file: "build/samples/cxx/flamespeed/Makefile" as "/opt/cantera/share/cantera/samples/cxx/flamespeed/Makefile"
Substituting vars from samples/cxx/SConstruct.in to build/samples/cxx/kinetics1/SConstruct
Install file: "build/samples/cxx/kinetics1/SConstruct" as "/opt/cantera/share/cantera/samples/cxx/kinetics1/SConstruct"
Substituting vars from samples/cxx/CMakeLists.txt.in to build/samples/cxx/kinetics1/CMakeLists.txt
Install file: "build/samples/cxx/kinetics1/CMakeLists.txt" as "/opt/cantera/share/cantera/samples/cxx/kinetics1/CMakeLists.txt"
Install file: "build/samples/cxx/kinetics1/Makefile" as "/opt/cantera/share/cantera/samples/cxx/kinetics1/Makefile"
Substituting vars from samples/cxx/SConstruct.in to build/samples/cxx/jacobian/SConstruct
Install file: "build/samples/cxx/jacobian/SConstruct" as "/opt/cantera/share/cantera/samples/cxx/jacobian/SConstruct"
Substituting vars from samples/cxx/CMakeLists.txt.in to build/samples/cxx/jacobian/CMakeLists.txt
Install file: "build/samples/cxx/jacobian/CMakeLists.txt" as "/opt/cantera/share/cantera/samples/cxx/jacobian/CMakeLists.txt"
Install file: "build/samples/cxx/jacobian/Makefile" as "/opt/cantera/share/cantera/samples/cxx/jacobian/Makefile"
Substituting vars from samples/cxx/SConstruct.in to build/samples/cxx/gas_transport/SConstruct
Install file: "build/samples/cxx/gas_transport/SConstruct" as "/opt/cantera/share/cantera/samples/cxx/gas_transport/SConstruct"
Substituting vars from samples/cxx/CMakeLists.txt.in to build/samples/cxx/gas_transport/CMakeLists.txt
Install file: "build/samples/cxx/gas_transport/CMakeLists.txt" as "/opt/cantera/share/cantera/samples/cxx/gas_transport/CMakeLists.txt"
Install file: "build/samples/cxx/gas_transport/Makefile" as "/opt/cantera/share/cantera/samples/cxx/gas_transport/Makefile"
Substituting vars from samples/cxx/SConstruct.in to build/samples/cxx/rankine/SConstruct
Install file: "build/samples/cxx/rankine/SConstruct" as "/opt/cantera/share/cantera/samples/cxx/rankine/SConstruct"
Substituting vars from samples/cxx/CMakeLists.txt.in to build/samples/cxx/rankine/CMakeLists.txt
Install file: "build/samples/cxx/rankine/CMakeLists.txt" as "/opt/cantera/share/cantera/samples/cxx/rankine/CMakeLists.txt"
Install file: "build/samples/cxx/rankine/Makefile" as "/opt/cantera/share/cantera/samples/cxx/rankine/Makefile"
Substituting vars from samples/cxx/SConstruct.in to build/samples/cxx/LiC6_electrode/SConstruct
Install file: "build/samples/cxx/LiC6_electrode/SConstruct" as "/opt/cantera/share/cantera/samples/cxx/LiC6_electrode/SConstruct"
Substituting vars from samples/cxx/CMakeLists.txt.in to build/samples/cxx/LiC6_electrode/CMakeLists.txt
Install file: "build/samples/cxx/LiC6_electrode/CMakeLists.txt" as "/opt/cantera/share/cantera/samples/cxx/LiC6_electrode/CMakeLists.txt"
Install file: "build/samples/cxx/LiC6_electrode/Makefile" as "/opt/cantera/share/cantera/samples/cxx/LiC6_electrode/Makefile"
Substituting vars from samples/cxx/SConstruct.in to build/samples/cxx/openmp_ignition/SConstruct
Install file: "build/samples/cxx/openmp_ignition/SConstruct" as "/opt/cantera/share/cantera/samples/cxx/openmp_ignition/SConstruct"
Substituting vars from samples/cxx/CMakeLists.txt.in to build/samples/cxx/openmp_ignition/CMakeLists.txt
Install file: "build/samples/cxx/openmp_ignition/CMakeLists.txt" as "/opt/cantera/share/cantera/samples/cxx/openmp_ignition/CMakeLists.txt"
Install file: "build/samples/cxx/openmp_ignition/Makefile" as "/opt/cantera/share/cantera/samples/cxx/openmp_ignition/Makefile"
Substituting vars from samples/cxx/SConstruct.in to build/samples/cxx/bvp/SConstruct
Install file: "build/samples/cxx/bvp/SConstruct" as "/opt/cantera/share/cantera/samples/cxx/bvp/SConstruct"
Substituting vars from samples/cxx/CMakeLists.txt.in to build/samples/cxx/bvp/CMakeLists.txt
Install file: "build/samples/cxx/bvp/CMakeLists.txt" as "/opt/cantera/share/cantera/samples/cxx/bvp/CMakeLists.txt"
Install file: "build/samples/cxx/bvp/Makefile" as "/opt/cantera/share/cantera/samples/cxx/bvp/Makefile"
Install file: "samples/cxx/LiC6_electrode/LiC6_electrode.cpp" as "/opt/cantera/share/cantera/samples/cxx/LiC6_electrode/LiC6_electrode.cpp"
Install file: "samples/cxx/bvp/BoundaryValueProblem.h" as "/opt/cantera/share/cantera/samples/cxx/bvp/BoundaryValueProblem.h"
Install file: "samples/cxx/bvp/blasius.cpp" as "/opt/cantera/share/cantera/samples/cxx/bvp/blasius.cpp"
Install file: "samples/cxx/combustor/combustor.cpp" as "/opt/cantera/share/cantera/samples/cxx/combustor/combustor.cpp"
Install file: "samples/cxx/custom/custom.cpp" as "/opt/cantera/share/cantera/samples/cxx/custom/custom.cpp"
Install file: "samples/cxx/demo/demo.cpp" as "/opt/cantera/share/cantera/samples/cxx/demo/demo.cpp"
Install file: "samples/cxx/flamespeed/flamespeed.cpp" as "/opt/cantera/share/cantera/samples/cxx/flamespeed/flamespeed.cpp"
Install file: "samples/cxx/gas_transport/gas_transport.cpp" as "/opt/cantera/share/cantera/samples/cxx/gas_transport/gas_transport.cpp"
Install file: "samples/cxx/jacobian/derivative_speed.cpp" as "/opt/cantera/share/cantera/samples/cxx/jacobian/derivative_speed.cpp"
Install file: "samples/cxx/kinetics1/example_utils.h" as "/opt/cantera/share/cantera/samples/cxx/kinetics1/example_utils.h"
Install file: "samples/cxx/kinetics1/kinetics1.cpp" as "/opt/cantera/share/cantera/samples/cxx/kinetics1/kinetics1.cpp"
Install file: "samples/cxx/openmp_ignition/openmp_ignition.cpp" as "/opt/cantera/share/cantera/samples/cxx/openmp_ignition/openmp_ignition.cpp"
Install file: "samples/cxx/rankine/rankine.cpp" as "/opt/cantera/share/cantera/samples/cxx/rankine/rankine.cpp"
postInstallMessage(["finish_install"], [])

    Cantera has been successfully installed.

    File locations:
      library files               /opt/cantera/lib
      C++ headers                 /opt/cantera/include
      samples                     /opt/cantera/share/cantera/samples
      data files                  /opt/cantera/share/cantera/data
      input file converters       <not installed>

scons: done building targets.
